Archive member included to satisfy reference by file (symbol)

E:/Software/STM32CubeIDE_1.11.0/STM32CubeIDE/plugins/com.st.stm32cube.ide.mcu.externaltools.gnu-tools-for-stm32.11.3.rel1.win32_1.1.1.202309131626/tools/bin/../lib/gcc/arm-none-eabi/11.3.1/../../../../arm-none-eabi/lib/thumb/v7e-m+fp/hard\libc_nano.a(libc_a-exit.o)
                              E:/Software/STM32CubeIDE_1.11.0/STM32CubeIDE/plugins/com.st.stm32cube.ide.mcu.externaltools.gnu-tools-for-stm32.11.3.rel1.win32_1.1.1.202309131626/tools/bin/../lib/gcc/arm-none-eabi/11.3.1/../../../../arm-none-eabi/lib/thumb/v7e-m+fp/hard/crt0.o (exit)
E:/Software/STM32CubeIDE_1.11.0/STM32CubeIDE/plugins/com.st.stm32cube.ide.mcu.externaltools.gnu-tools-for-stm32.11.3.rel1.win32_1.1.1.202309131626/tools/bin/../lib/gcc/arm-none-eabi/11.3.1/../../../../arm-none-eabi/lib/thumb/v7e-m+fp/hard\libc_nano.a(libc_a-rand.o)
                              ./Core/Src/App_Task.o (rand)
E:/Software/STM32CubeIDE_1.11.0/STM32CubeIDE/plugins/com.st.stm32cube.ide.mcu.externaltools.gnu-tools-for-stm32.11.3.rel1.win32_1.1.1.202309131626/tools/bin/../lib/gcc/arm-none-eabi/11.3.1/../../../../arm-none-eabi/lib/thumb/v7e-m+fp/hard\libc_nano.a(libc_a-findfp.o)
                              E:/Software/STM32CubeIDE_1.11.0/STM32CubeIDE/plugins/com.st.stm32cube.ide.mcu.externaltools.gnu-tools-for-stm32.11.3.rel1.win32_1.1.1.202309131626/tools/bin/../lib/gcc/arm-none-eabi/11.3.1/../../../../arm-none-eabi/lib/thumb/v7e-m+fp/hard\libc_nano.a(libc_a-exit.o) (__stdio_exit_handler)
E:/Software/STM32CubeIDE_1.11.0/STM32CubeIDE/plugins/com.st.stm32cube.ide.mcu.externaltools.gnu-tools-for-stm32.11.3.rel1.win32_1.1.1.202309131626/tools/bin/../lib/gcc/arm-none-eabi/11.3.1/../../../../arm-none-eabi/lib/thumb/v7e-m+fp/hard\libc_nano.a(libc_a-fwalk.o)
                              E:/Software/STM32CubeIDE_1.11.0/STM32CubeIDE/plugins/com.st.stm32cube.ide.mcu.externaltools.gnu-tools-for-stm32.11.3.rel1.win32_1.1.1.202309131626/tools/bin/../lib/gcc/arm-none-eabi/11.3.1/../../../../arm-none-eabi/lib/thumb/v7e-m+fp/hard\libc_nano.a(libc_a-findfp.o) (_fwalk_sglue)
E:/Software/STM32CubeIDE_1.11.0/STM32CubeIDE/plugins/com.st.stm32cube.ide.mcu.externaltools.gnu-tools-for-stm32.11.3.rel1.win32_1.1.1.202309131626/tools/bin/../lib/gcc/arm-none-eabi/11.3.1/../../../../arm-none-eabi/lib/thumb/v7e-m+fp/hard\libc_nano.a(libc_a-sprintf.o)
                              ./Core/Src/App_Task.o (sprintf)
E:/Software/STM32CubeIDE_1.11.0/STM32CubeIDE/plugins/com.st.stm32cube.ide.mcu.externaltools.gnu-tools-for-stm32.11.3.rel1.win32_1.1.1.202309131626/tools/bin/../lib/gcc/arm-none-eabi/11.3.1/../../../../arm-none-eabi/lib/thumb/v7e-m+fp/hard\libc_nano.a(libc_a-stdio.o)
                              E:/Software/STM32CubeIDE_1.11.0/STM32CubeIDE/plugins/com.st.stm32cube.ide.mcu.externaltools.gnu-tools-for-stm32.11.3.rel1.win32_1.1.1.202309131626/tools/bin/../lib/gcc/arm-none-eabi/11.3.1/../../../../arm-none-eabi/lib/thumb/v7e-m+fp/hard\libc_nano.a(libc_a-findfp.o) (__sread)
E:/Software/STM32CubeIDE_1.11.0/STM32CubeIDE/plugins/com.st.stm32cube.ide.mcu.externaltools.gnu-tools-for-stm32.11.3.rel1.win32_1.1.1.202309131626/tools/bin/../lib/gcc/arm-none-eabi/11.3.1/../../../../arm-none-eabi/lib/thumb/v7e-m+fp/hard\libc_nano.a(libc_a-memcmp.o)
                              ./Third_Party/SEGGER/os/SEGGER_SYSVIEW_FreeRTOS.o (memcmp)
E:/Software/STM32CubeIDE_1.11.0/STM32CubeIDE/plugins/com.st.stm32cube.ide.mcu.externaltools.gnu-tools-for-stm32.11.3.rel1.win32_1.1.1.202309131626/tools/bin/../lib/gcc/arm-none-eabi/11.3.1/../../../../arm-none-eabi/lib/thumb/v7e-m+fp/hard\libc_nano.a(libc_a-memset.o)
                              E:/Software/STM32CubeIDE_1.11.0/STM32CubeIDE/plugins/com.st.stm32cube.ide.mcu.externaltools.gnu-tools-for-stm32.11.3.rel1.win32_1.1.1.202309131626/tools/bin/../lib/gcc/arm-none-eabi/11.3.1/../../../../arm-none-eabi/lib/thumb/v7e-m+fp/hard/crt0.o (memset)
E:/Software/STM32CubeIDE_1.11.0/STM32CubeIDE/plugins/com.st.stm32cube.ide.mcu.externaltools.gnu-tools-for-stm32.11.3.rel1.win32_1.1.1.202309131626/tools/bin/../lib/gcc/arm-none-eabi/11.3.1/../../../../arm-none-eabi/lib/thumb/v7e-m+fp/hard\libc_nano.a(libc_a-closer.o)
                              E:/Software/STM32CubeIDE_1.11.0/STM32CubeIDE/plugins/com.st.stm32cube.ide.mcu.externaltools.gnu-tools-for-stm32.11.3.rel1.win32_1.1.1.202309131626/tools/bin/../lib/gcc/arm-none-eabi/11.3.1/../../../../arm-none-eabi/lib/thumb/v7e-m+fp/hard\libc_nano.a(libc_a-stdio.o) (_close_r)
E:/Software/STM32CubeIDE_1.11.0/STM32CubeIDE/plugins/com.st.stm32cube.ide.mcu.externaltools.gnu-tools-for-stm32.11.3.rel1.win32_1.1.1.202309131626/tools/bin/../lib/gcc/arm-none-eabi/11.3.1/../../../../arm-none-eabi/lib/thumb/v7e-m+fp/hard\libc_nano.a(libc_a-reent.o)
[...]
Memory Configuration

Name             Origin             Length             Attributes
CCMRAM           0x0000000010000000 0x0000000000010000 xrw
RAM              0x0000000020000000 0x0000000000030000 xrw
FLASH            0x0000000008000000 0x0000000000200000 xr
*default*        0x0000000000000000 0xffffffffffffffff

Linker script and memory map

LOAD E:/Software/STM32CubeIDE_1.11.0/STM32CubeIDE/plugins/com.st.stm32cube.ide.mcu.externaltools.gnu-tools-for-stm32.11.3.rel1.win32_1.1.1.202309131626/tools/bin/../lib/gcc/arm-none-eabi/11.3.1/thumb/v7e-m+fp/hard/crti.o
LOAD E:/Software/STM32CubeIDE_1.11.0/STM32CubeIDE/plugins/com.st.stm32cube.ide.mcu.externaltools.gnu-tools-for-stm32.11.3.rel1.win32_1.1.1.202309131626/tools/bin/../lib/gcc/arm-none-eabi/11.3.1/thumb/v7e-m+fp/hard/crtbegin.o
LOAD E:/Software/STM32CubeIDE_1.11.0/STM32CubeIDE/plugins/com.st.stm32cube.ide.mcu.externaltools.gnu-tools-for-stm32.11.3.rel1.win32_1.1.1.202309131626/tools/bin/../lib/gcc/arm-none-eabi/11.3.1/../../../../arm-none-eabi/lib/thumb/v7e-m+fp/hard/crt0.o
LOAD ./Core/Src/App_Task.o
LOAD ./Core/Src/main.o
LOAD ./Core/Src/stm32f4xx_hal_msp.o
LOAD ./Core/Src/stm32f4xx_it.o
LOAD ./Core/Src/syscalls.o
LOAD ./Core/Src/sysmem.o
LOAD ./Core/Src/system_stm32f4xx.o
LOAD ./Core/Startup/startup_stm32f429zitx.o
LOAD ./Drivers/STM32F4xx_HAL_Driver/Src/stm32f4xx_hal.o
LOAD ./Drivers/STM32F4xx_HAL_Driver/Src/stm32f4xx_hal_cortex.o
LOAD ./Drivers/STM32F4xx_HAL_Driver/Src/stm32f4xx_hal_dma.o
LOAD ./Drivers/STM32F4xx_HAL_Driver/Src/stm32f4xx_hal_dma_ex.o
LOAD ./Drivers/STM32F4xx_HAL_Driver/Src/stm32f4xx_hal_exti.o
LOAD ./Drivers/STM32F4xx_HAL_Driver/Src/stm32f4xx_hal_flash.o
LOAD ./Drivers/STM32F4xx_HAL_Driver/Src/stm32f4xx_hal_flash_ex.o
LOAD ./Drivers/STM32F4xx_HAL_Driver/Src/stm32f4xx_hal_flash_ramfunc.o
LOAD ./Drivers/STM32F4xx_HAL_Driver/Src/stm32f4xx_hal_gpio.o
LOAD ./Drivers/STM32F4xx_HAL_Driver/Src/stm32f4xx_hal_pwr.o
LOAD ./Drivers/STM32F4xx_HAL_Driver/Src/stm32f4xx_hal_pwr_ex.o
LOAD ./Drivers/STM32F4xx_HAL_Driver/Src/stm32f4xx_hal_rcc.o
LOAD ./Drivers/STM32F4xx_HAL_Driver/Src/stm32f4xx_hal_rcc_ex.o
LOAD ./Drivers/STM32F4xx_HAL_Driver/Src/stm32f4xx_hal_tim.o
LOAD ./Drivers/STM32F4xx_HAL_Driver/Src/stm32f4xx_hal_tim_ex.o
LOAD ./Drivers/STM32F4xx_HAL_Driver/Src/stm32f4xx_hal_uart.o
LOAD ./Third_Party/FREERTOS/org/Source/croutine.o
LOAD ./Third_Party/FREERTOS/org/Source/event_groups.o
LOAD ./Third_Party/FREERTOS/org/Source/list.o
LOAD ./Third_Party/FREERTOS/org/Source/queue.o
LOAD ./Third_Party/FREERTOS/org/Source/stream_buffer.o
LOAD ./Third_Party/FREERTOS/org/Source/tasks.o
LOAD ./Third_Party/FREERTOS/org/Source/timers.o
LOAD ./Third_Party/FREERTOS/org/Source/portable/GCC/ARM_CM4F/port.o
LOAD ./Third_Party/FREERTOS/org/Source/portable/MemMang/heap_4.o
LOAD ./Third_Party/SEGGER/Config/SEGGER_SYSVIEW_Config_FreeRTOS.o
LOAD ./Third_Party/SEGGER/Segger/SEGGER_RTT.o
LOAD ./Third_Party/SEGGER/Segger/SEGGER_SYSVIEW.o
LOAD ./Third_Party/SEGGER/os/SEGGER_SYSVIEW_FreeRTOS.o
START GROUP
LOAD E:/Software/STM32CubeIDE_1.11.0/STM32CubeIDE/plugins/com.st.stm32cube.ide.mcu.externaltools.gnu-tools-for-stm32.11.3.rel1.win32_1.1.1.202309131626/tools/bin/../lib/gcc/arm-none-eabi/11.3.1/../../../../arm-none-eabi/lib/thumb/v7e-m+fp/hard\libc_nano.a
LOAD E:/Software/STM32CubeIDE_1.11.0/STM32CubeIDE/plugins/com.st.stm32cube.ide.mcu.externaltools.gnu-tools-for-stm32.11.3.rel1.win32_1.1.1.202309131626/tools/bin/../lib/gcc/arm-none-eabi/11.3.1/../../../../arm-none-eabi/lib/thumb/v7e-m+fp/hard\libm.a
END GROUP
START GROUP
LOAD E:/Software/STM32CubeIDE_1.11.0/STM32CubeIDE/plugins/com.st.stm32cube.ide.mcu.externaltools.gnu-tools-for-stm32.11.3.rel1.win32_1.1.1.202309131626/tools/bin/../lib/gcc/arm-none-eabi/11.3.1/thumb/v7e-m+fp/hard\libgcc.a
LOAD E:/Software/STM32CubeIDE_1.11.0/STM32CubeIDE/plugins/com.st.stm32cube.ide.mcu.externaltools.gnu-tools-for-stm32.11.3.rel1.win32_1.1.1.202309131626/tools/bin/../lib/gcc/arm-none-eabi/11.3.1/../../../../arm-none-eabi/lib/thumb/v7e-m+fp/hard\libc_nano.a
END GROUP
START GROUP
LOAD E:/Software/STM32CubeIDE_1.11.0/STM32CubeIDE/plugins/com.st.stm32cube.ide.mcu.externaltools.gnu-tools-for-stm32.11.3.rel1.win32_1.1.1.202309131626/tools/bin/../lib/gcc/arm-none-eabi/11.3.1/thumb/v7e-m+fp/hard\libgcc.a
LOAD E:/Software/STM32CubeIDE_1.11.0/STM32CubeIDE/plugins/com.st.stm32cube.ide.mcu.externaltools.gnu-tools-for-stm32.11.3.rel1.win32_1.1.1.202309131626/tools/bin/../lib/gcc/arm-none-eabi/11.3.1/../../../../arm-none-eabi/lib/thumb/v7e-m+fp/hard\libc_nano.a
LOAD E:/Software/STM32CubeIDE_1.11.0/STM32CubeIDE/plugins/com.st.stm32cube.ide.mcu.externaltools.gnu-tools-for-stm32.11.3.rel1.win32_1.1.1.202309131626/tools/bin/../lib/gcc/arm-none-eabi/11.3.1/../../../../arm-none-eabi/lib/thumb/v7e-m+fp/hard\libnosys.a
END GROUP
START GROUP
LOAD E:/Software/STM32CubeIDE_1.11.0/STM32CubeIDE/plugins/com.st.stm32cube.ide.mcu.externaltools.gnu-tools-for-stm32.11.3.rel1.win32_1.1.1.202309131626/tools/bin/../lib/gcc/arm-none-eabi/11.3.1/thumb/v7e-m+fp/hard\libgcc.a
LOAD E:/Software/STM32CubeIDE_1.11.0/STM32CubeIDE/plugins/com.st.stm32cube.ide.mcu.externaltools.gnu-tools-for-stm32.11.3.rel1.win32_1.1.1.202309131626/tools/bin/../lib/gcc/arm-none-eabi/11.3.1/../../../../arm-none-eabi/lib/thumb/v7e-m+fp/hard\libc_nano.a
LOAD E:/Software/STM32CubeIDE_1.11.0/STM32CubeIDE/plugins/com.st.stm32cube.ide.mcu.externaltools.gnu-tools-for-stm32.11.3.rel1.win32_1.1.1.202309131626/tools/bin/../lib/gcc/arm-none-eabi/11.3.1/../../../../arm-none-eabi/lib/thumb/v7e-m+fp/hard\libnosys.a
END GROUP
LOAD E:/Software/STM32CubeIDE_1.11.0/STM32CubeIDE/plugins/com.st.stm32cube.ide.mcu.externaltools.gnu-tools-for-stm32.11.3.rel1.win32_1.1.1.202309131626/tools/bin/../lib/gcc/arm-none-eabi/11.3.1/thumb/v7e-m+fp/hard/crtend.o
LOAD E:/Software/STM32CubeIDE_1.11.0/STM32CubeIDE/plugins/com.st.stm32cube.ide.mcu.externaltools.gnu-tools-for-stm32.11.3.rel1.win32_1.1.1.202309131626/tools/bin/../lib/gcc/arm-none-eabi/11.3.1/thumb/v7e-m+fp/hard/crtn.o
                0x0000000020030000                _estack = (ORIGIN (RAM) + LENGTH (RAM))
                0x0000000000000200                _Min_Heap_Size = 0x200
                0x0000000000000400                _Min_Stack_Size = 0x400

.isr_vector     0x0000000008000000      0x1ac
                0x0000000008000000                . = ALIGN (0x4)
 *(.isr_vector)
 .isr_vector    0x0000000008000000      0x1ac ./Core/Startup/startup_stm32f429zitx.o
                0x0000000008000000                g_pfnVectors
                0x00000000080001ac                . = ALIGN (0x4)

.text           0x00000000080001b0     0x687c
                0x00000000080001b0                . = ALIGN (0x4)
 *(.text)
 .text          0x00000000080001b0       0x40 E:/Software/STM32CubeIDE_1.11.0/STM32CubeIDE/plugins/com.st.stm32cube.ide.mcu.externaltools.gnu-tools-for-stm32.11.3.rel1.win32_1.1.1.202309131626/tools/bin/../lib/gcc/arm-none-eabi/11.3.1/thumb/v7e-m+fp/hard/crtbegin.o
 .text          0x00000000080001f0       0xa0 E:/Software/STM32CubeIDE_1.11.0/STM32CubeIDE/plugins/com.st.stm32cube.ide.mcu.externaltools.gnu-tools-for-stm32.11.3.rel1.win32_1.1.1.202309131626/tools/bin/../lib/gcc/arm-none-eabi/11.3.1/../../../../arm-none-eabi/lib/thumb/v7e-m+fp/hard\libc_nano.a(libc_a-memchr.o)
                0x00000000080001f0                memchr
 .text          0x0000000008000290       0x30 E:/Software/STM32CubeIDE_1.11.0/STM32CubeIDE/plugins/com.st.stm32cube.ide.mcu.externaltools.gnu-tools-for-stm32.11.3.rel1.win32_1.1.1.202309131626/tools/bin/../lib/gcc/arm-none-eabi/11.3.1/thumb/v7e-m+fp/hard\libgcc.a(_aeabi_uldivmod.o)
                0x0000000008000290                __aeabi_uldivmod
 .text          0x00000000080002c0      0x2c8 E:/Software/STM32CubeIDE_1.11.0/STM32CubeIDE/plugins/com.st.stm32cube.ide.mcu.externaltools.gnu-tools-for-stm32.11.3.rel1.win32_1.1.1.202309131626/tools/bin/../lib/gcc/arm-none-eabi/11.3.1/thumb/v7e-m+fp/hard\libgcc.a(_udivmoddi4.o)
                0x00000000080002c0                __udivmoddi4
 .text          0x0000000008000588        0x4 E:/Software/STM32CubeIDE_1.11.0/STM32CubeIDE/plugins/com.st.stm32cube.ide.mcu.externaltools.gnu-tools-for-stm32.11.3.rel1.win32_1.1.1.202309131626/tools/bin/../lib/gcc/arm-none-eabi/11.3.1/thumb/v7e-m+fp/hard\libgcc.a(_dvmd_tls.o)
                0x0000000008000588                __aeabi_idiv0
                0x0000000008000588                __aeabi_ldiv0
 *(.text*)
 .text.Periodic_Callback
                0x000000000800058c       0x6c ./Core/Src/App_Task.o
                0x000000000800058c                Periodic_Callback
 .text.main     0x00000000080005f8       0xcc ./Core/Src/main.o
                0x00000000080005f8                main
 .text.MX_USART1_UART_Init
                0x00000000080006c4       0x54 ./Core/Src/main.o
 .text.MX_GPIO_Init
                0x0000000008000718       0x88 ./Core/Src/main.o
 .text.vApplicationIdleHook
                0x00000000080007a0       0x1c ./Core/Src/main.o
                0x00000000080007a0                vApplicationIdleHook
 .text.Error_Handler
                0x00000000080007bc        0xa ./Core/Src/main.o
                0x00000000080007bc                Error_Handler
 *fill*         0x00000000080007c6        0x2 
 .text.HAL_UART_MspInit
                0x00000000080007c8       0x90 ./Core/Src/stm32f4xx_hal_msp.o
                0x00000000080007c8                HAL_UART_MspInit
 .text.NMI_Handler
                0x0000000008000858        0x6 ./Core/Src/stm32f4xx_it.o
                0x0000000008000858                NMI_Handler
 .text.HardFault_Handler
                0x000000000800085e        0x6 ./Core/Src/stm32f4xx_it.o
                0x000000000800085e                HardFault_Handler
 .text.MemManage_Handler
                0x0000000008000864        0x6 ./Core/Src/stm32f4xx_it.o
                0x0000000008000864                MemManage_Handler
 .text.BusFault_Handler
                0x000000000800086a        0x6 ./Core/Src/stm32f4xx_it.o
                0x000000000800086a                BusFault_Handler
 .text.UsageFault_Handler
                0x0000000008000870        0x6 ./Core/Src/stm32f4xx_it.o
                0x0000000008000870                UsageFault_Handler
 .text.DebugMon_Handler
                0x0000000008000876        0xe ./Core/Src/stm32f4xx_it.o
                0x0000000008000876                DebugMon_Handler
 .text.TIM6_DAC_IRQHandler
                0x0000000008000884       0x14 ./Core/Src/stm32f4xx_it.o
                0x0000000008000884                TIM6_DAC_IRQHandler
 .text._sbrk    0x0000000008000898       0x6c ./Core/Src/sysmem.o
                0x0000000008000898                _sbrk
 .text.SystemInit
                0x0000000008000904       0x24 ./Core/Src/system_stm32f4xx.o
                0x0000000008000904                SystemInit
 .text.SystemCoreClockUpdate
                0x0000000008000928      0x100 ./Core/Src/system_stm32f4xx.o
                0x0000000008000928                SystemCoreClockUpdate
 .text.Reset_Handler
                0x0000000008000a28       0x50 ./Core/Startup/startup_stm32f429zitx.o
                0x0000000008000a28                Reset_Handler
 .text.Default_Handler
                0x0000000008000a78        0x2 ./Core/Startup/startup_stm32f429zitx.o
                0x0000000008000a78                RTC_Alarm_IRQHandler
                0x0000000008000a78                HASH_RNG_IRQHandler
                0x0000000008000a78                EXTI2_IRQHandler
                0x0000000008000a78                TIM8_CC_IRQHandler
                0x0000000008000a78                UART8_IRQHandler
                0x0000000008000a78                SPI4_IRQHandler
                0x0000000008000a78                TIM1_CC_IRQHandler
                0x0000000008000a78                DMA2_Stream5_IRQHandler
                0x0000000008000a78                DMA1_Stream5_IRQHandler
                0x0000000008000a78                PVD_IRQHandler
                0x0000000008000a78                SDIO_IRQHandler
                0x0000000008000a78                TAMP_STAMP_IRQHandler
                0x0000000008000a78                CAN2_RX1_IRQHandler
                0x0000000008000a78                EXTI3_IRQHandler
                0x0000000008000a78                TIM8_TRG_COM_TIM14_IRQHandler
                0x0000000008000a78                TIM1_UP_TIM10_IRQHandler
                0x0000000008000a78                TIM8_UP_TIM13_IRQHandler
                0x0000000008000a78                I2C3_ER_IRQHandler
                0x0000000008000a78                EXTI0_IRQHandler
                0x0000000008000a78                I2C2_EV_IRQHandler
                0x0000000008000a78                DMA1_Stream2_IRQHandler
                0x0000000008000a78                CAN1_RX0_IRQHandler
                0x0000000008000a78                FPU_IRQHandler
                0x0000000008000a78                OTG_HS_WKUP_IRQHandler
                0x0000000008000a78                LTDC_ER_IRQHandler
                0x0000000008000a78                CAN2_SCE_IRQHandler
                0x0000000008000a78                DMA2_Stream2_IRQHandler
                0x0000000008000a78                SPI1_IRQHandler
                0x0000000008000a78                TIM1_BRK_TIM9_IRQHandler
                0x0000000008000a78                DCMI_IRQHandler
                0x0000000008000a78                CAN2_RX0_IRQHandler
                0x0000000008000a78                DMA2_Stream3_IRQHandler
                0x0000000008000a78                USART6_IRQHandler
                0x0000000008000a78                USART3_IRQHandler
                0x0000000008000a78                CAN1_RX1_IRQHandler
                0x0000000008000a78                UART5_IRQHandler
                0x0000000008000a78                DMA2_Stream0_IRQHandler
                0x0000000008000a78                TIM4_IRQHandler
                0x0000000008000a78                I2C1_EV_IRQHandler
                0x0000000008000a78                DMA1_Stream6_IRQHandler
                0x0000000008000a78                DMA1_Stream1_IRQHandler
                0x0000000008000a78                UART4_IRQHandler
                0x0000000008000a78                TIM3_IRQHandler
                0x0000000008000a78                RCC_IRQHandler
                0x0000000008000a78                TIM8_BRK_TIM12_IRQHandler
                0x0000000008000a78                Default_Handler
                0x0000000008000a78                EXTI15_10_IRQHandler
                0x0000000008000a78                ADC_IRQHandler
                0x0000000008000a78                DMA1_Stream7_IRQHandler
                0x0000000008000a78                SPI5_IRQHandler
                0x0000000008000a78                TIM7_IRQHandler
                0x0000000008000a78                CAN2_TX_IRQHandler
                0x0000000008000a78                TIM5_IRQHandler
                0x0000000008000a78                DMA2_Stream7_IRQHandler
                0x0000000008000a78                I2C3_EV_IRQHandler
                0x0000000008000a78                EXTI9_5_IRQHandler
                0x0000000008000a78                RTC_WKUP_IRQHandler
                0x0000000008000a78                LTDC_IRQHandler
                0x0000000008000a78                ETH_WKUP_IRQHandler
                0x0000000008000a78                SPI2_IRQHandler
                0x0000000008000a78                OTG_HS_EP1_IN_IRQHandler
                0x0000000008000a78                DMA1_Stream0_IRQHandler
                0x0000000008000a78                CAN1_TX_IRQHandler
                0x0000000008000a78                EXTI4_IRQHandler
                0x0000000008000a78                ETH_IRQHandler
                0x0000000008000a78                OTG_HS_EP1_OUT_IRQHandler
                0x0000000008000a78                WWDG_IRQHandler
                0x0000000008000a78                SPI6_IRQHandler
                0x0000000008000a78                TIM2_IRQHandler
                0x0000000008000a78                OTG_FS_WKUP_IRQHandler
                0x0000000008000a78                TIM1_TRG_COM_TIM11_IRQHandler
                0x0000000008000a78                OTG_HS_IRQHandler
                0x0000000008000a78                DMA2D_IRQHandler
                0x0000000008000a78                EXTI1_IRQHandler
                0x0000000008000a78                UART7_IRQHandler
                0x0000000008000a78                USART2_IRQHandler
                0x0000000008000a78                I2C2_ER_IRQHandler
                0x0000000008000a78                DMA2_Stream1_IRQHandler
                0x0000000008000a78                CAN1_SCE_IRQHandler
                0x0000000008000a78                FLASH_IRQHandler
                0x0000000008000a78                DMA2_Stream4_IRQHandler
                0x0000000008000a78                USART1_IRQHandler
                0x0000000008000a78                OTG_FS_IRQHandler
                0x0000000008000a78                SPI3_IRQHandler
                0x0000000008000a78                DMA1_Stream4_IRQHandler
                0x0000000008000a78                I2C1_ER_IRQHandler
                0x0000000008000a78                FMC_IRQHandler
                0x0000000008000a78                DMA2_Stream6_IRQHandler
                0x0000000008000a78                SAI1_IRQHandler
                0x0000000008000a78                DMA1_Stream3_IRQHandler
 *fill*         0x0000000008000a7a        0x2 
 .text.HAL_InitTick
                0x0000000008000a7c       0x60 ./Drivers/STM32F4xx_HAL_Driver/Src/stm32f4xx_hal.o
                0x0000000008000a7c                HAL_InitTick
 .text.HAL_GetTick
                0x0000000008000adc       0x18 ./Drivers/STM32F4xx_HAL_Driver/Src/stm32f4xx_hal.o
                0x0000000008000adc                HAL_GetTick
 .text.__NVIC_GetPriorityGrouping
                0x0000000008000af4       0x1c ./Drivers/STM32F4xx_HAL_Driver/Src/stm32f4xx_hal_cortex.o
 .text.__NVIC_SetPriority
                0x0000000008000b10       0x54 ./Drivers/STM32F4xx_HAL_Driver/Src/stm32f4xx_hal_cortex.o
 .text.NVIC_EncodePriority
                0x0000000008000b64       0x66 ./Drivers/STM32F4xx_HAL_Driver/Src/stm32f4xx_hal_cortex.o
 *fill*         0x0000000008000bca        0x2 
 .text.SysTick_Config
                0x0000000008000bcc       0x44 ./Drivers/STM32F4xx_HAL_Driver/Src/stm32f4xx_hal_cortex.o
 .text.HAL_NVIC_SetPriority
                0x0000000008000c10       0x38 ./Drivers/STM32F4xx_HAL_Driver/Src/stm32f4xx_hal_cortex.o
                0x0000000008000c10                HAL_NVIC_SetPriority
 .text.HAL_SYSTICK_Config
                0x0000000008000c48       0x18 ./Drivers/STM32F4xx_HAL_Driver/Src/stm32f4xx_hal_cortex.o
                0x0000000008000c48                HAL_SYSTICK_Config
 .text.HAL_GPIO_Init
                0x0000000008000c60      0x358 ./Drivers/STM32F4xx_HAL_Driver/Src/stm32f4xx_hal_gpio.o
                0x0000000008000c60                HAL_GPIO_Init
 .text.HAL_GPIO_WritePin
                0x0000000008000fb8       0x32 ./Drivers/STM32F4xx_HAL_Driver/Src/stm32f4xx_hal_gpio.o
                0x0000000008000fb8                HAL_GPIO_WritePin
 *fill*         0x0000000008000fea        0x2 
 .text.HAL_RCC_GetHCLKFreq
                0x0000000008000fec       0x18 ./Drivers/STM32F4xx_HAL_Driver/Src/stm32f4xx_hal_rcc.o
                0x0000000008000fec                HAL_RCC_GetHCLKFreq
 .text.HAL_RCC_GetPCLK1Freq
                0x0000000008001004       0x28 ./Drivers/STM32F4xx_HAL_Driver/Src/stm32f4xx_hal_rcc.o
                0x0000000008001004                HAL_RCC_GetPCLK1Freq
 .text.HAL_RCC_GetPCLK2Freq
                0x000000000800102c       0x28 ./Drivers/STM32F4xx_HAL_Driver/Src/stm32f4xx_hal_rcc.o
                0x000000000800102c                HAL_RCC_GetPCLK2Freq
 .text.HAL_RCC_DeInit
                0x0000000008001054      0x1f0 ./Drivers/STM32F4xx_HAL_Driver/Src/stm32f4xx_hal_rcc_ex.o
                0x0000000008001054                HAL_RCC_DeInit
 .text.HAL_TIM_IRQHandler
                0x0000000008001244      0x210 ./Drivers/STM32F4xx_HAL_Driver/Src/stm32f4xx_hal_tim.o
                0x0000000008001244                HAL_TIM_IRQHandler
 .text.HAL_TIM_PeriodElapsedCallback
                0x0000000008001454       0x14 ./Drivers/STM32F4xx_HAL_Driver/Src/stm32f4xx_hal_tim.o
                0x0000000008001454                HAL_TIM_PeriodElapsedCallback
 .text.HAL_TIM_OC_DelayElapsedCallback
                0x0000000008001468       0x14 ./Drivers/STM32F4xx_HAL_Driver/Src/stm32f4xx_hal_tim.o
                0x0000000008001468                HAL_TIM_OC_DelayElapsedCallback
 .text.HAL_TIM_IC_CaptureCallback
                0x000000000800147c       0x14 ./Drivers/STM32F4xx_HAL_Driver/Src/stm32f4xx_hal_tim.o
                0x000000000800147c                HAL_TIM_IC_CaptureCallback
 .text.HAL_TIM_PWM_PulseFinishedCallback
                0x0000000008001490       0x14 ./Drivers/STM32F4xx_HAL_Driver/Src/stm32f4xx_hal_tim.o
                0x0000000008001490                HAL_TIM_PWM_PulseFinishedCallback
 .text.HAL_TIM_TriggerCallback
                0x00000000080014a4       0x14 ./Drivers/STM32F4xx_HAL_Driver/Src/stm32f4xx_hal_tim.o
                0x00000000080014a4                HAL_TIM_TriggerCallback
 .text.HAL_TIMEx_CommutCallback
                0x00000000080014b8       0x14 ./Drivers/STM32F4xx_HAL_Driver/Src/stm32f4xx_hal_tim_ex.o
                0x00000000080014b8                HAL_TIMEx_CommutCallback
 .text.HAL_TIMEx_BreakCallback
                0x00000000080014cc       0x14 ./Drivers/STM32F4xx_HAL_Driver/Src/stm32f4xx_hal_tim_ex.o
                0x00000000080014cc                HAL_TIMEx_BreakCallback
 .text.HAL_UART_Init
                0x00000000080014e0       0x9a ./Drivers/STM32F4xx_HAL_Driver/Src/stm32f4xx_hal_uart.o
                0x00000000080014e0                HAL_UART_Init
 *fill*         0x000000000800157a        0x2 
 .text.UART_SetConfig
                0x000000000800157c      0x4e8 ./Drivers/STM32F4xx_HAL_Driver/Src/stm32f4xx_hal_uart.o
 .text.vListInitialise
                0x0000000008001a64       0x40 ./Third_Party/FREERTOS/org/Source/list.o
                0x0000000008001a64                vListInitialise
 .text.vListInitialiseItem
                0x0000000008001aa4       0x1a ./Third_Party/FREERTOS/org/Source/list.o
                0x0000000008001aa4                vListInitialiseItem
 .text.vListInsertEnd
                0x0000000008001abe       0x48 ./Third_Party/FREERTOS/org/Source/list.o
                0x0000000008001abe                vListInsertEnd
 .text.vListInsert
                0x0000000008001b06       0x72 ./Third_Party/FREERTOS/org/Source/list.o
                0x0000000008001b06                vListInsert
 .text.uxListRemove
                0x0000000008001b78       0x54 ./Third_Party/FREERTOS/org/Source/list.o
                0x0000000008001b78                uxListRemove
 .text.xQueueGenericReset
                0x0000000008001bcc       0xd0 ./Third_Party/FREERTOS/org/Source/queue.o
                0x0000000008001bcc                xQueueGenericReset
 .text.xQueueGenericCreate
                0x0000000008001c9c       0x74 ./Third_Party/FREERTOS/org/Source/queue.o
                0x0000000008001c9c                xQueueGenericCreate
 .text.prvInitialiseNewQueue
                0x0000000008001d10       0x58 ./Third_Party/FREERTOS/org/Source/queue.o
 .text.prvInitialiseMutex
                0x0000000008001d68       0x34 ./Third_Party/FREERTOS/org/Source/queue.o
 .text.xQueueCreateMutex
                0x0000000008001d9c       0x30 ./Third_Party/FREERTOS/org/Source/queue.o
                0x0000000008001d9c                xQueueCreateMutex
 .text.xQueueGenericSend
                0x0000000008001dcc      0x270 ./Third_Party/FREERTOS/org/Source/queue.o
                0x0000000008001dcc                xQueueGenericSend
 .text.xQueueGenericSendFromISR
                0x000000000800203c      0x17c ./Third_Party/FREERTOS/org/Source/queue.o
                0x000000000800203c                xQueueGenericSendFromISR
 .text.xQueueReceive
                0x00000000080021b8      0x220 ./Third_Party/FREERTOS/org/Source/queue.o
                0x00000000080021b8                xQueueReceive
 .text.prvCopyDataToQueue
                0x00000000080023d8       0xd4 ./Third_Party/FREERTOS/org/Source/queue.o
 .text.prvCopyDataFromQueue
                0x00000000080024ac       0x4c ./Third_Party/FREERTOS/org/Source/queue.o
 .text.prvUnlockQueue
                0x00000000080024f8       0xc0 ./Third_Party/FREERTOS/org/Source/queue.o
 .text.prvIsQueueEmpty
                0x00000000080025b8       0x2c ./Third_Party/FREERTOS/org/Source/queue.o
 .text.prvIsQueueFull
                0x00000000080025e4       0x30 ./Third_Party/FREERTOS/org/Source/queue.o
 .text.vQueueAddToRegistry
                0x0000000008002614       0x64 ./Third_Party/FREERTOS/org/Source/queue.o
                0x0000000008002614                vQueueAddToRegistry
 .text.vQueueWaitForMessageRestricted
                0x0000000008002678       0x68 ./Third_Party/FREERTOS/org/Source/queue.o
                0x0000000008002678                vQueueWaitForMessageRestricted
 .text.prvNotifyQueueSetContainer
                0x00000000080026e0       0xcc ./Third_Party/FREERTOS/org/Source/queue.o
 .text.xTaskCreate
                0x00000000080027ac       0x82 ./Third_Party/FREERTOS/org/Source/tasks.o
                0x00000000080027ac                xTaskCreate
 .text.prvInitialiseNewTask
                0x000000000800282e      0x10e ./Third_Party/FREERTOS/org/Source/tasks.o
 .text.prvAddNewTaskToReadyList
                0x000000000800293c      0x118 ./Third_Party/FREERTOS/org/Source/tasks.o
 .text.vTaskStartScheduler
                0x0000000008002a54       0x9c ./Third_Party/FREERTOS/org/Source/tasks.o
                0x0000000008002a54                vTaskStartScheduler
 .text.vTaskSuspendAll
                0x0000000008002af0       0x1c ./Third_Party/FREERTOS/org/Source/tasks.o
                0x0000000008002af0                vTaskSuspendAll
 .text.xTaskResumeAll
                0x0000000008002b0c      0x140 ./Third_Party/FREERTOS/org/Source/tasks.o
                0x0000000008002b0c                xTaskResumeAll
 .text.xTaskGetTickCount
                0x0000000008002c4c       0x20 ./Third_Party/FREERTOS/org/Source/tasks.o
                0x0000000008002c4c                xTaskGetTickCount
 .text.xTaskGetTickCountFromISR
                0x0000000008002c6c       0x24 ./Third_Party/FREERTOS/org/Source/tasks.o
                0x0000000008002c6c                xTaskGetTickCountFromISR
 .text.xTaskIncrementTick
                0x0000000008002c90      0x184 ./Third_Party/FREERTOS/org/Source/tasks.o
                0x0000000008002c90                xTaskIncrementTick
 .text.vTaskSwitchContext
                0x0000000008002e14       0xd4 ./Third_Party/FREERTOS/org/Source/tasks.o
                0x0000000008002e14                vTaskSwitchContext
 .text.vTaskPlaceOnEventList
                0x0000000008002ee8       0x48 ./Third_Party/FREERTOS/org/Source/tasks.o
                0x0000000008002ee8                vTaskPlaceOnEventList
 .text.vTaskPlaceOnEventListRestricted
                0x0000000008002f30       0x5c ./Third_Party/FREERTOS/org/Source/tasks.o
                0x0000000008002f30                vTaskPlaceOnEventListRestricted
 .text.xTaskRemoveFromEventList
                0x0000000008002f8c       0xcc ./Third_Party/FREERTOS/org/Source/tasks.o
                0x0000000008002f8c                xTaskRemoveFromEventList
 .text.vTaskInternalSetTimeOutState
                0x0000000008003058       0x2c ./Third_Party/FREERTOS/org/Source/tasks.o
                0x0000000008003058                vTaskInternalSetTimeOutState
 .text.xTaskCheckForTimeOut
                0x0000000008003084       0xc4 ./Third_Party/FREERTOS/org/Source/tasks.o
                0x0000000008003084                xTaskCheckForTimeOut
 .text.vTaskMissedYield
                0x0000000008003148       0x18 ./Third_Party/FREERTOS/org/Source/tasks.o
                0x0000000008003148                vTaskMissedYield
 .text.prvIdleTask
                0x0000000008003160       0x34 ./Third_Party/FREERTOS/org/Source/tasks.o
 .text.prvInitialiseTaskLists
                0x0000000008003194       0x80 ./Third_Party/FREERTOS/org/Source/tasks.o
 .text.prvCheckTasksWaitingTermination
                0x0000000008003214       0x5c ./Third_Party/FREERTOS/org/Source/tasks.o
 .text.prvDeleteTCB
                0x0000000008003270       0x20 ./Third_Party/FREERTOS/org/Source/tasks.o
 .text.prvResetNextTaskUnblockTime
                0x0000000008003290       0x4c ./Third_Party/FREERTOS/org/Source/tasks.o
 .text.xTaskGetSchedulerState
                0x00000000080032dc       0x3c ./Third_Party/FREERTOS/org/Source/tasks.o
                0x00000000080032dc                xTaskGetSchedulerState
 .text.xTaskPriorityDisinherit
                0x0000000008003318      0x114 ./Third_Party/FREERTOS/org/Source/tasks.o
                0x0000000008003318                xTaskPriorityDisinherit
 .text.prvAddCurrentTaskToDelayedList
                0x000000000800342c       0xf0 ./Third_Party/FREERTOS/org/Source/tasks.o
 .text.xTimerCreateTimerTask
                0x000000000800351c       0x64 ./Third_Party/FREERTOS/org/Source/timers.o
                0x000000000800351c                xTimerCreateTimerTask
 .text.xTimerCreate
                0x0000000008003580       0x3a ./Third_Party/FREERTOS/org/Source/timers.o
                0x0000000008003580                xTimerCreate
 .text.prvInitialiseNewTimer
                0x00000000080035ba       0x64 ./Third_Party/FREERTOS/org/Source/timers.o
 *fill*         0x000000000800361e        0x2 
 .text.xTimerGenericCommand
                0x0000000008003620       0x9c ./Third_Party/FREERTOS/org/Source/timers.o
                0x0000000008003620                xTimerGenericCommand
 .text.prvProcessExpiredTimer
                0x00000000080036bc       0x80 ./Third_Party/FREERTOS/org/Source/timers.o
 .text.prvTimerTask
                0x000000000800373c       0x24 ./Third_Party/FREERTOS/org/Source/timers.o
 .text.prvProcessTimerOrBlockTask
                0x0000000008003760       0x9c ./Third_Party/FREERTOS/org/Source/timers.o
 .text.prvGetNextExpireTime
                0x00000000080037fc       0x48 ./Third_Party/FREERTOS/org/Source/timers.o
 .text.prvSampleTimeNow
                0x0000000008003844       0x40 ./Third_Party/FREERTOS/org/Source/timers.o
 .text.prvInsertTimerInActiveList
                0x0000000008003884       0x84 ./Third_Party/FREERTOS/org/Source/timers.o
 .text.prvProcessReceivedCommands
                0x0000000008003908      0x128 ./Third_Party/FREERTOS/org/Source/timers.o
 .text.prvSwitchTimerLists
                0x0000000008003a30       0xc4 ./Third_Party/FREERTOS/org/Source/timers.o
 .text.prvCheckForValidListAndQueue
                0x0000000008003af4       0x6c ./Third_Party/FREERTOS/org/Source/timers.o
 .text.pvTimerGetTimerID
                0x0000000008003b60       0x40 ./Third_Party/FREERTOS/org/Source/timers.o
                0x0000000008003b60                pvTimerGetTimerID
 .text.vTimerSetTimerID
                0x0000000008003ba0       0x40 ./Third_Party/FREERTOS/org/Source/timers.o
                0x0000000008003ba0                vTimerSetTimerID
 .text.pxPortInitialiseStack
                0x0000000008003be0       0x68 ./Third_Party/FREERTOS/org/Source/portable/GCC/ARM_CM4F/port.o
                0x0000000008003be0                pxPortInitialiseStack
 .text.prvTaskExitError
                0x0000000008003c48       0x58 ./Third_Party/FREERTOS/org/Source/portable/GCC/ARM_CM4F/port.o
 .text.SVC_Handler
                0x0000000008003ca0       0x28 ./Third_Party/FREERTOS/org/Source/portable/GCC/ARM_CM4F/port.o
                0x0000000008003ca0                SVC_Handler
 .text.prvPortStartFirstTask
                0x0000000008003cc8       0x28 ./Third_Party/FREERTOS/org/Source/portable/GCC/ARM_CM4F/port.o
 .text.xPortStartScheduler
                0x0000000008003cf0      0x144 ./Third_Party/FREERTOS/org/Source/portable/GCC/ARM_CM4F/port.o
                0x0000000008003cf0                xPortStartScheduler
 .text.vPortEnterCritical
                0x0000000008003e34       0x60 ./Third_Party/FREERTOS/org/Source/portable/GCC/ARM_CM4F/port.o
                0x0000000008003e34                vPortEnterCritical
 .text.vPortExitCritical
                0x0000000008003e94       0x54 ./Third_Party/FREERTOS/org/Source/portable/GCC/ARM_CM4F/port.o
                0x0000000008003e94                vPortExitCritical
 *fill*         0x0000000008003ee8        0x8 
 .text.PendSV_Handler
                0x0000000008003ef0       0x68 ./Third_Party/FREERTOS/org/Source/portable/GCC/ARM_CM4F/port.o
                0x0000000008003ef0                PendSV_Handler
 .text.SysTick_Handler
                0x0000000008003f58       0x54 ./Third_Party/FREERTOS/org/Source/portable/GCC/ARM_CM4F/port.o
                0x0000000008003f58                SysTick_Handler
 .text.vPortSetupTimerInterrupt
                0x0000000008003fac       0x48 ./Third_Party/FREERTOS/org/Source/portable/GCC/ARM_CM4F/port.o
                0x0000000008003fac                vPortSetupTimerInterrupt
 .text.vPortEnableVFP
                0x0000000008003ff4       0x14 ./Third_Party/FREERTOS/org/Source/portable/GCC/ARM_CM4F/port.o
 .text.vPortValidateInterruptPriority
                0x0000000008004008       0x80 ./Third_Party/FREERTOS/org/Source/portable/GCC/ARM_CM4F/port.o
                0x0000000008004008                vPortValidateInterruptPriority
 .text.pvPortMalloc
                0x0000000008004088      0x188 ./Third_Party/FREERTOS/org/Source/portable/MemMang/heap_4.o
                0x0000000008004088                pvPortMalloc
 .text.vPortFree
                0x0000000008004210       0xb4 ./Third_Party/FREERTOS/org/Source/portable/MemMang/heap_4.o
                0x0000000008004210                vPortFree
 .text.prvHeapInit
                0x00000000080042c4       0xc4 ./Third_Party/FREERTOS/org/Source/portable/MemMang/heap_4.o
 .text.prvInsertBlockIntoFreeList
                0x0000000008004388       0xb4 ./Third_Party/FREERTOS/org/Source/portable/MemMang/heap_4.o
 .text._cbSendSystemDesc
                0x000000000800443c       0x1c ./Third_Party/SEGGER/Config/SEGGER_SYSVIEW_Config_FreeRTOS.o
 .text.SEGGER_SYSVIEW_Conf
                0x0000000008004458       0x2c ./Third_Party/SEGGER/Config/SEGGER_SYSVIEW_Config_FreeRTOS.o
                0x0000000008004458                SEGGER_SYSVIEW_Conf
 .text._DoInit  0x0000000008004484       0xb4 ./Third_Party/SEGGER/Segger/SEGGER_RTT.o
 .text.SEGGER_RTT_ReadNoLock
                0x0000000008004538      0x10c ./Third_Party/SEGGER/Segger/SEGGER_RTT.o
                0x0000000008004538                SEGGER_RTT_ReadNoLock
 .text.SEGGER_RTT_ASM_WriteSkipNoLock
                0x0000000008004644      0x104 ./Third_Party/SEGGER/Segger/SEGGER_RTT.o
                0x0000000008004644                SEGGER_RTT_ASM_WriteSkipNoLock
 .text.SEGGER_RTT_AllocUpBuffer
                0x0000000008004748      0x108 ./Third_Party/SEGGER/Segger/SEGGER_RTT.o
                0x0000000008004748                SEGGER_RTT_AllocUpBuffer
 .text.SEGGER_RTT_ConfigDownBuffer
                0x0000000008004850       0x98 ./Third_Party/SEGGER/Segger/SEGGER_RTT.o
                0x0000000008004850                SEGGER_RTT_ConfigDownBuffer
 .text._EncodeStr
                0x00000000080048e8       0x60 ./Third_Party/SEGGER/Segger/SEGGER_SYSVIEW.o
 .text._PreparePacket
                0x0000000008004948       0x18 ./Third_Party/SEGGER/Segger/SEGGER_SYSVIEW.o
 .text._HandleIncomingPacket
                0x0000000008004960       0xdc ./Third_Party/SEGGER/Segger/SEGGER_SYSVIEW.o
 .text._TrySendOverflowPacket
                0x0000000008004a3c       0xe4 ./Third_Party/SEGGER/Segger/SEGGER_SYSVIEW.o
 .text._SendPacket
                0x0000000008004b20      0x2dc ./Third_Party/SEGGER/Segger/SEGGER_SYSVIEW.o
 .text.SEGGER_SYSVIEW_Init
                0x0000000008004dfc       0x88 ./Third_Party/SEGGER/Segger/SEGGER_SYSVIEW.o
                0x0000000008004dfc                SEGGER_SYSVIEW_Init
 .text.SEGGER_SYSVIEW_SetRAMBase
                0x0000000008004e84       0x20 ./Third_Party/SEGGER/Segger/SEGGER_SYSVIEW.o
                0x0000000008004e84                SEGGER_SYSVIEW_SetRAMBase
 .text.SEGGER_SYSVIEW_RecordVoid
                0x0000000008004ea4       0x3c ./Third_Party/SEGGER/Segger/SEGGER_SYSVIEW.o
                0x0000000008004ea4                SEGGER_SYSVIEW_RecordVoid
 .text.SEGGER_SYSVIEW_RecordU32
                0x0000000008004ee0       0x78 ./Third_Party/SEGGER/Segger/SEGGER_SYSVIEW.o
                0x0000000008004ee0                SEGGER_SYSVIEW_RecordU32
 .text.SEGGER_SYSVIEW_RecordU32x2
                0x0000000008004f58       0xb4 ./Third_Party/SEGGER/Segger/SEGGER_SYSVIEW.o
                0x0000000008004f58                SEGGER_SYSVIEW_RecordU32x2
 .text.SEGGER_SYSVIEW_RecordU32x3
                0x000000000800500c       0xec ./Third_Party/SEGGER/Segger/SEGGER_SYSVIEW.o
                0x000000000800500c                SEGGER_SYSVIEW_RecordU32x3
 .text.SEGGER_SYSVIEW_RecordU32x4
                0x00000000080050f8      0x124 ./Third_Party/SEGGER/Segger/SEGGER_SYSVIEW.o
                0x00000000080050f8                SEGGER_SYSVIEW_RecordU32x4
 .text.SEGGER_SYSVIEW_Start
                0x000000000800521c      0x174 ./Third_Party/SEGGER/Segger/SEGGER_SYSVIEW.o
                0x000000000800521c                SEGGER_SYSVIEW_Start
 .text.SEGGER_SYSVIEW_Stop
                0x0000000008005390       0x4c ./Third_Party/SEGGER/Segger/SEGGER_SYSVIEW.o
                0x0000000008005390                SEGGER_SYSVIEW_Stop
 .text.SEGGER_SYSVIEW_GetSysDesc
                0x00000000080053dc      0x134 ./Third_Party/SEGGER/Segger/SEGGER_SYSVIEW.o
                0x00000000080053dc                SEGGER_SYSVIEW_GetSysDesc
 .text.SEGGER_SYSVIEW_SendTaskInfo
                0x0000000008005510      0x1c8 ./Third_Party/SEGGER/Segger/SEGGER_SYSVIEW.o
                0x0000000008005510                SEGGER_SYSVIEW_SendTaskInfo
 .text.SEGGER_SYSVIEW_SendTaskList
                0x00000000080056d8       0x28 ./Third_Party/SEGGER/Segger/SEGGER_SYSVIEW.o
                0x00000000080056d8                SEGGER_SYSVIEW_SendTaskList
 .text.SEGGER_SYSVIEW_SendSysDesc
                0x0000000008005700       0x48 ./Third_Party/SEGGER/Segger/SEGGER_SYSVIEW.o
                0x0000000008005700                SEGGER_SYSVIEW_SendSysDesc
 .text.SEGGER_SYSVIEW_RecordSystime
                0x0000000008005748       0x64 ./Third_Party/SEGGER/Segger/SEGGER_SYSVIEW.o
                0x0000000008005748                SEGGER_SYSVIEW_RecordSystime
 .text.SEGGER_SYSVIEW_RecordEnterISR
                0x00000000080057ac       0x84 ./Third_Party/SEGGER/Segger/SEGGER_SYSVIEW.o
                0x00000000080057ac                SEGGER_SYSVIEW_RecordEnterISR
 .text.SEGGER_SYSVIEW_RecordExitISR
                0x0000000008005830       0x38 ./Third_Party/SEGGER/Segger/SEGGER_SYSVIEW.o
                0x0000000008005830                SEGGER_SYSVIEW_RecordExitISR
 .text.SEGGER_SYSVIEW_RecordExitISRToScheduler
                0x0000000008005868       0x38 ./Third_Party/SEGGER/Segger/SEGGER_SYSVIEW.o
                0x0000000008005868                SEGGER_SYSVIEW_RecordExitISRToScheduler
 .text.SEGGER_SYSVIEW_OnIdle
                0x00000000080058a0       0x38 ./Third_Party/SEGGER/Segger/SEGGER_SYSVIEW.o
                0x00000000080058a0                SEGGER_SYSVIEW_OnIdle
 .text.SEGGER_SYSVIEW_OnTaskCreate
                0x00000000080058d8       0x84 ./Third_Party/SEGGER/Segger/SEGGER_SYSVIEW.o
                0x00000000080058d8                SEGGER_SYSVIEW_OnTaskCreate
 .text.SEGGER_SYSVIEW_OnTaskStartExec
                0x000000000800595c       0x84 ./Third_Party/SEGGER/Segger/SEGGER_SYSVIEW.o
                0x000000000800595c                SEGGER_SYSVIEW_OnTaskStartExec
 .text.SEGGER_SYSVIEW_OnTaskStartReady
                0x00000000080059e0       0x84 ./Third_Party/SEGGER/Segger/SEGGER_SYSVIEW.o
                0x00000000080059e0                SEGGER_SYSVIEW_OnTaskStartReady
 .text.SEGGER_SYSVIEW_OnTaskStopReady
                0x0000000008005a64       0xc0 ./Third_Party/SEGGER/Segger/SEGGER_SYSVIEW.o
                0x0000000008005a64                SEGGER_SYSVIEW_OnTaskStopReady
 .text.SEGGER_SYSVIEW_ShrinkId
                0x0000000008005b24       0x20 ./Third_Party/SEGGER/Segger/SEGGER_SYSVIEW.o
                0x0000000008005b24                SEGGER_SYSVIEW_ShrinkId
 .text.SEGGER_SYSVIEW_SendModule
                0x0000000008005b44      0x114 ./Third_Party/SEGGER/Segger/SEGGER_SYSVIEW.o
                0x0000000008005b44                SEGGER_SYSVIEW_SendModule
 .text.SEGGER_SYSVIEW_SendModuleDescription
                0x0000000008005c58       0x3c ./Third_Party/SEGGER/Segger/SEGGER_SYSVIEW.o
                0x0000000008005c58                SEGGER_SYSVIEW_SendModuleDescription
 .text.SEGGER_SYSVIEW_SendNumModules
                0x0000000008005c94       0x7c ./Third_Party/SEGGER/Segger/SEGGER_SYSVIEW.o
                0x0000000008005c94                SEGGER_SYSVIEW_SendNumModules
 .text.SEGGER_SYSVIEW_Print
                0x0000000008005d10       0xb8 ./Third_Party/SEGGER/Segger/SEGGER_SYSVIEW.o
                0x0000000008005d10                SEGGER_SYSVIEW_Print
 .text.SEGGER_SYSVIEW_Warn
                0x0000000008005dc8       0xb8 ./Third_Party/SEGGER/Segger/SEGGER_SYSVIEW.o
                0x0000000008005dc8                SEGGER_SYSVIEW_Warn
 .text._cbSendTaskList
                0x0000000008005e80       0x90 ./Third_Party/SEGGER/os/SEGGER_SYSVIEW_FreeRTOS.o
 .text._cbGetTime
                0x0000000008005f10       0x86 ./Third_Party/SEGGER/os/SEGGER_SYSVIEW_FreeRTOS.o
 *fill*         0x0000000008005f96        0x2 
 .text.SYSVIEW_AddTask
                0x0000000008005f98       0xd0 ./Third_Party/SEGGER/os/SEGGER_SYSVIEW_FreeRTOS.o
                0x0000000008005f98                SYSVIEW_AddTask
 .text.SYSVIEW_SendTaskInfo
                0x0000000008006068       0x42 ./Third_Party/SEGGER/os/SEGGER_SYSVIEW_FreeRTOS.o
                0x0000000008006068                SYSVIEW_SendTaskInfo
 *fill*         0x00000000080060aa        0x2 
 .text.sprintf  0x00000000080060ac       0x40 E:/Software/STM32CubeIDE_1.11.0/STM32CubeIDE/plugins/com.st.stm32cube.ide.mcu.externaltools.gnu-tools-for-stm32.11.3.rel1.win32_1.1.1.202309131626/tools/bin/../lib/gcc/arm-none-eabi/11.3.1/../../../../arm-none-eabi/lib/thumb/v7e-m+fp/hard\libc_nano.a(libc_a-sprintf.o)
                0x00000000080060ac                siprintf
                0x00000000080060ac                sprintf
 .text.memcmp   0x00000000080060ec       0x20 E:/Software/STM32CubeIDE_1.11.0/STM32CubeIDE/plugins/com.st.stm32cube.ide.mcu.externaltools.gnu-tools-for-stm32.11.3.rel1.win32_1.1.1.202309131626/tools/bin/../lib/gcc/arm-none-eabi/11.3.1/../../../../arm-none-eabi/lib/thumb/v7e-m+fp/hard\libc_nano.a(libc_a-memcmp.o)
                0x00000000080060ec                memcmp
 .text.memset   0x000000000800610c       0x10 E:/Software/STM32CubeIDE_1.11.0/STM32CubeIDE/plugins/com.st.stm32cube.ide.mcu.externaltools.gnu-tools-for-stm32.11.3.rel1.win32_1.1.1.202309131626/tools/bin/../lib/gcc/arm-none-eabi/11.3.1/../../../../arm-none-eabi/lib/thumb/v7e-m+fp/hard\libc_nano.a(libc_a-memset.o)
                0x000000000800610c                memset
 .text.__errno  0x000000000800611c        0xc E:/Software/STM32CubeIDE_1.11.0/STM32CubeIDE/plugins/com.st.stm32cube.ide.mcu.externaltools.gnu-tools-for-stm32.11.3.rel1.win32_1.1.1.202309131626/tools/bin/../lib/gcc/arm-none-eabi/11.3.1/../../../../arm-none-eabi/lib/thumb/v7e-m+fp/hard\libc_nano.a(libc_a-errno.o)
                0x000000000800611c                __errno
 .text.__libc_init_array
                0x0000000008006128       0x48 E:/Software/STM32CubeIDE_1.11.0/STM32CubeIDE/plugins/com.st.stm32cube.ide.mcu.externaltools.gnu-tools-for-stm32.11.3.rel1.win32_1.1.1.202309131626/tools/bin/../lib/gcc/arm-none-eabi/11.3.1/../../../../arm-none-eabi/lib/thumb/v7e-m+fp/hard\libc_nano.a(libc_a-init.o)
                0x0000000008006128                __libc_init_array
 .text.__retarget_lock_acquire_recursive
                0x0000000008006170        0x2 E:/Software/STM32CubeIDE_1.11.0/STM32CubeIDE/plugins/com.st.stm32cube.ide.mcu.externaltools.gnu-tools-for-stm32.11.3.rel1.win32_1.1.1.202309131626/tools/bin/../lib/gcc/arm-none-eabi/11.3.1/../../../../arm-none-eabi/lib/thumb/v7e-m+fp/hard\libc_nano.a(libc_a-lock.o)
                0x0000000008006170                __retarget_lock_acquire_recursive
 .text.__retarget_lock_release_recursive
                0x0000000008006172        0x2 E:/Software/STM32CubeIDE_1.11.0/STM32CubeIDE/plugins/com.st.stm32cube.ide.mcu.externaltools.gnu-tools-for-stm32.11.3.rel1.win32_1.1.1.202309131626/tools/bin/../lib/gcc/arm-none-eabi/11.3.1/../../../../arm-none-eabi/lib/thumb/v7e-m+fp/hard\libc_nano.a(libc_a-lock.o)
                0x0000000008006172                __retarget_lock_release_recursive
 .text.memcpy   0x0000000008006174       0x1c E:/Software/STM32CubeIDE_1.11.0/STM32CubeIDE/plugins/com.st.stm32cube.ide.mcu.externaltools.gnu-tools-for-stm32.11.3.rel1.win32_1.1.1.202309131626/tools/bin/../lib/gcc/arm-none-eabi/11.3.1/../../../../arm-none-eabi/lib/thumb/v7e-m+fp/hard\libc_nano.a(libc_a-memcpy-stub.o)
                0x0000000008006174                memcpy
 .text._free_r  0x0000000008006190       0x98 E:/Software/STM32CubeIDE_1.11.0/STM32CubeIDE/plugins/com.st.stm32cube.ide.mcu.externaltools.gnu-tools-for-stm32.11.3.rel1.win32_1.1.1.202309131626/tools/bin/../lib/gcc/arm-none-eabi/11.3.1/../../../../arm-none-eabi/lib/thumb/v7e-m+fp/hard\libc_nano.a(libc_a-freer.o)
                0x0000000008006190                _free_r
 .text.sbrk_aligned
                0x0000000008006228       0x40 E:/Software/STM32CubeIDE_1.11.0/STM32CubeIDE/plugins/com.st.stm32cube.ide.mcu.externaltools.gnu-tools-for-stm32.11.3.rel1.win32_1.1.1.202309131626/tools/bin/../lib/gcc/arm-none-eabi/11.3.1/../../../../arm-none-eabi/lib/thumb/v7e-m+fp/hard\libc_nano.a(libc_a-mallocr.o)
 .text._malloc_r
                0x0000000008006268      0x100 E:/Software/STM32CubeIDE_1.11.0/STM32CubeIDE/plugins/com.st.stm32cube.ide.mcu.externaltools.gnu-tools-for-stm32.11.3.rel1.win32_1.1.1.202309131626/tools/bin/../lib/gcc/arm-none-eabi/11.3.1/../../../../arm-none-eabi/lib/thumb/v7e-m+fp/hard\libc_nano.a(libc_a-mallocr.o)
                0x0000000008006268                _malloc_r
 .text.__malloc_lock
                0x0000000008006368        0xc E:/Software/STM32CubeIDE_1.11.0/STM32CubeIDE/plugins/com.st.stm32cube.ide.mcu.externaltools.gnu-tools-for-stm32.11.3.rel1.win32_1.1.1.202309131626/tools/bin/../lib/gcc/arm-none-eabi/11.3.1/../../../../arm-none-eabi/lib/thumb/v7e-m+fp/hard\libc_nano.a(libc_a-mlock.o)
                0x0000000008006368                __malloc_lock
 .text.__malloc_unlock
                0x0000000008006374        0xc E:/Software/STM32CubeIDE_1.11.0/STM32CubeIDE/plugins/com.st.stm32cube.ide.mcu.externaltools.gnu-tools-for-stm32.11.3.rel1.win32_1.1.1.202309131626/tools/bin/../lib/gcc/arm-none-eabi/11.3.1/../../../../arm-none-eabi/lib/thumb/v7e-m+fp/hard\libc_nano.a(libc_a-mlock.o)
                0x0000000008006374                __malloc_unlock
 .text.__ssputs_r
                0x0000000008006380       0xb4 E:/Software/STM32CubeIDE_1.11.0/STM32CubeIDE/plugins/com.st.stm32cube.ide.mcu.externaltools.gnu-tools-for-stm32.11.3.rel1.win32_1.1.1.202309131626/tools/bin/../lib/gcc/arm-none-eabi/11.3.1/../../../../arm-none-eabi/lib/thumb/v7e-m+fp/hard\libc_nano.a(libc_a-nano-svfprintf.o)
                0x0000000008006380                __ssputs_r
 .text._svfprintf_r
                0x0000000008006434      0x1fc E:/Software/STM32CubeIDE_1.11.0/STM32CubeIDE/plugins/com.st.stm32cube.ide.mcu.externaltools.gnu-tools-for-stm32.11.3.rel1.win32_1.1.1.202309131626/tools/bin/../lib/gcc/arm-none-eabi/11.3.1/../../../../arm-none-eabi/lib/thumb/v7e-m+fp/hard\libc_nano.a(libc_a-nano-svfprintf.o)
                0x0000000008006434                _svfiprintf_r
                0x0000000008006434                _svfprintf_r
 .text._printf_common
                0x0000000008006630       0xda E:/Software/STM32CubeIDE_1.11.0/STM32CubeIDE/plugins/com.st.stm32cube.ide.mcu.externaltools.gnu-tools-for-stm32.11.3.rel1.win32_1.1.1.202309131626/tools/bin/../lib/gcc/arm-none-eabi/11.3.1/../../../../arm-none-eabi/lib/thumb/v7e-m+fp/hard\libc_nano.a(libc_a-nano-vfprintf_i.o)
                0x0000000008006630                _printf_common
 *fill*         0x000000000800670a        0x2 
 .text._printf_i
                0x000000000800670c      0x244 E:/Software/STM32CubeIDE_1.11.0/STM32CubeIDE/plugins/com.st.stm32cube.ide.mcu.externaltools.gnu-tools-for-stm32.11.3.rel1.win32_1.1.1.202309131626/tools/bin/../lib/gcc/arm-none-eabi/11.3.1/../../../../arm-none-eabi/lib/thumb/v7e-m+fp/hard\libc_nano.a(libc_a-nano-vfprintf_i.o)
                0x000000000800670c                _printf_i
 .text.memmove  0x0000000008006950       0x34 E:/Software/STM32CubeIDE_1.11.0/STM32CubeIDE/plugins/com.st.stm32cube.ide.mcu.externaltools.gnu-tools-for-stm32.11.3.rel1.win32_1.1.1.202309131626/tools/bin/../lib/gcc/arm-none-eabi/11.3.1/../../../../arm-none-eabi/lib/thumb/v7e-m+fp/hard\libc_nano.a(libc_a-memmove.o)
                0x0000000008006950                memmove
 .text._sbrk_r  0x0000000008006984       0x20 E:/Software/STM32CubeIDE_1.11.0/STM32CubeIDE/plugins/com.st.stm32cube.ide.mcu.externaltools.gnu-tools-for-stm32.11.3.rel1.win32_1.1.1.202309131626/tools/bin/../lib/gcc/arm-none-eabi/11.3.1/../../../../arm-none-eabi/lib/thumb/v7e-m+fp/hard\libc_nano.a(libc_a-sbrkr.o)
                0x0000000008006984                _sbrk_r
 .text._realloc_r
                0x00000000080069a4       0x5e E:/Software/STM32CubeIDE_1.11.0/STM32CubeIDE/plugins/com.st.stm32cube.ide.mcu.externaltools.gnu-tools-for-stm32.11.3.rel1.win32_1.1.1.202309131626/tools/bin/../lib/gcc/arm-none-eabi/11.3.1/../../../../arm-none-eabi/lib/thumb/v7e-m+fp/hard\libc_nano.a(libc_a-reallocr.o)
                0x00000000080069a4                _realloc_r
 .text._malloc_usable_size_r
                0x0000000008006a02       0x10 E:/Software/STM32CubeIDE_1.11.0/STM32CubeIDE/plugins/com.st.stm32cube.ide.mcu.externaltools.gnu-tools-for-stm32.11.3.rel1.win32_1.1.1.202309131626/tools/bin/../lib/gcc/arm-none-eabi/11.3.1/../../../../arm-none-eabi/lib/thumb/v7e-m+fp/hard\libc_nano.a(libc_a-msizer.o)
                0x0000000008006a02                _malloc_usable_size_r
 *(.glue_7)
 .glue_7        0x0000000008006a12        0x0 linker stubs
 *(.glue_7t)
 .glue_7t       0x0000000008006a12        0x0 linker stubs
 *(.eh_frame)
 *fill*         0x0000000008006a12        0x2 
 .eh_frame      0x0000000008006a14        0x0 E:/Software/STM32CubeIDE_1.11.0/STM32CubeIDE/plugins/com.st.stm32cube.ide.mcu.externaltools.gnu-tools-for-stm32.11.3.rel1.win32_1.1.1.202309131626/tools/bin/../lib/gcc/arm-none-eabi/11.3.1/thumb/v7e-m+fp/hard/crtbegin.o
 *(.init)
 .init          0x0000000008006a14        0x4 E:/Software/STM32CubeIDE_1.11.0/STM32CubeIDE/plugins/com.st.stm32cube.ide.mcu.externaltools.gnu-tools-for-stm32.11.3.rel1.win32_1.1.1.202309131626/tools/bin/../lib/gcc/arm-none-eabi/11.3.1/thumb/v7e-m+fp/hard/crti.o
                0x0000000008006a14                _init
 .init          0x0000000008006a18        0x8 E:/Software/STM32CubeIDE_1.11.0/STM32CubeIDE/plugins/com.st.stm32cube.ide.mcu.externaltools.gnu-tools-for-stm32.11.3.rel1.win32_1.1.1.202309131626/tools/bin/../lib/gcc/arm-none-eabi/11.3.1/thumb/v7e-m+fp/hard/crtn.o
 *(.fini)
 .fini          0x0000000008006a20        0x4 E:/Software/STM32CubeIDE_1.11.0/STM32CubeIDE/plugins/com.st.stm32cube.ide.mcu.externaltools.gnu-tools-for-stm32.11.3.rel1.win32_1.1.1.202309131626/tools/bin/../lib/gcc/arm-none-eabi/11.3.1/thumb/v7e-m+fp/hard/crti.o
                0x0000000008006a20                _fini
 .fini          0x0000000008006a24        0x8 E:/Software/STM32CubeIDE_1.11.0/STM32CubeIDE/plugins/com.st.stm32cube.ide.mcu.externaltools.gnu-tools-for-stm32.11.3.rel1.win32_1.1.1.202309131626/tools/bin/../lib/gcc/arm-none-eabi/11.3.1/thumb/v7e-m+fp/hard/crtn.o
                0x0000000008006a2c                . = ALIGN (0x4)
                0x0000000008006a2c                _etext = .

.vfp11_veneer   0x0000000008006a2c        0x0
 .vfp11_veneer  0x0000000008006a2c        0x0 linker stubs

.v4_bx          0x0000000008006a2c        0x0
 .v4_bx         0x0000000008006a2c        0x0 linker stubs

.iplt           0x0000000008006a2c        0x0
 .iplt          0x0000000008006a2c        0x0 E:/Software/STM32CubeIDE_1.11.0/STM32CubeIDE/plugins/com.st.stm32cube.ide.mcu.externaltools.gnu-tools-for-stm32.11.3.rel1.win32_1.1.1.202309131626/tools/bin/../lib/gcc/arm-none-eabi/11.3.1/thumb/v7e-m+fp/hard/crtbegin.o

.rodata         0x0000000008006a2c      0x2cc
                0x0000000008006a2c                . = ALIGN (0x4)
 *(.rodata)
 .rodata        0x0000000008006a2c      0x169 ./Core/Src/App_Task.o
 *fill*         0x0000000008006b95        0x3 
 .rodata        0x0000000008006b98       0x1f ./Core/Src/main.o
 *fill*         0x0000000008006bb7        0x1 
 .rodata        0x0000000008006bb8        0x5 ./Third_Party/FREERTOS/org/Source/tasks.o
 *fill*         0x0000000008006bbd        0x3 
 .rodata        0x0000000008006bc0        0xd ./Third_Party/FREERTOS/org/Source/timers.o
 *fill*         0x0000000008006bcd        0x3 
 .rodata        0x0000000008006bd0       0x3d ./Third_Party/SEGGER/Config/SEGGER_SYSVIEW_Config_FreeRTOS.o
 *fill*         0x0000000008006c0d        0x3 
 .rodata        0x0000000008006c10        0x9 ./Third_Party/SEGGER/Segger/SEGGER_RTT.o
 *fill*         0x0000000008006c19        0x3 
 .rodata        0x0000000008006c1c       0x10 ./Third_Party/SEGGER/Segger/SEGGER_SYSVIEW.o
 .rodata        0x0000000008006c2c       0x58 ./Third_Party/SEGGER/os/SEGGER_SYSVIEW_FreeRTOS.o
 *(.rodata*)
 .rodata.AHBPrescTable
                0x0000000008006c84       0x10 ./Core/Src/system_stm32f4xx.o
                0x0000000008006c84                AHBPrescTable
 .rodata.APBPrescTable
                0x0000000008006c94        0x8 ./Core/Src/system_stm32f4xx.o
                0x0000000008006c94                APBPrescTable
 .rodata._aInitStr.0
                0x0000000008006c9c       0x11 ./Third_Party/SEGGER/Segger/SEGGER_RTT.o
 *fill*         0x0000000008006cad        0x3 
 .rodata._abSync
                0x0000000008006cb0        0xa ./Third_Party/SEGGER/Segger/SEGGER_SYSVIEW.o
 *fill*         0x0000000008006cba        0x2 
 .rodata.SYSVIEW_X_OS_TraceAPI
                0x0000000008006cbc        0x8 ./Third_Party/SEGGER/os/SEGGER_SYSVIEW_FreeRTOS.o
                0x0000000008006cbc                SYSVIEW_X_OS_TraceAPI
 .rodata._svfprintf_r.str1.1
                0x0000000008006cc4       0x11 E:/Software/STM32CubeIDE_1.11.0/STM32CubeIDE/plugins/com.st.stm32cube.ide.mcu.externaltools.gnu-tools-for-stm32.11.3.rel1.win32_1.1.1.202309131626/tools/bin/../lib/gcc/arm-none-eabi/11.3.1/../../../../arm-none-eabi/lib/thumb/v7e-m+fp/hard\libc_nano.a(libc_a-nano-svfprintf.o)
 .rodata._printf_i.str1.1
                0x0000000008006cd5       0x22 E:/Software/STM32CubeIDE_1.11.0/STM32CubeIDE/plugins/com.st.stm32cube.ide.mcu.externaltools.gnu-tools-for-stm32.11.3.rel1.win32_1.1.1.202309131626/tools/bin/../lib/gcc/arm-none-eabi/11.3.1/../../../../arm-none-eabi/lib/thumb/v7e-m+fp/hard\libc_nano.a(libc_a-nano-vfprintf_i.o)
                0x0000000008006cf8                . = ALIGN (0x4)
 *fill*         0x0000000008006cf7        0x1 

.ARM.extab      0x0000000008006cf8        0x0
                0x0000000008006cf8                . = ALIGN (0x4)
 *(.ARM.extab* .gnu.linkonce.armextab.*)
                0x0000000008006cf8                . = ALIGN (0x4)

.ARM            0x0000000008006cf8        0x8
                0x0000000008006cf8                . = ALIGN (0x4)
                0x0000000008006cf8                __exidx_start = .
 *(.ARM.exidx*)
 .ARM.exidx     0x0000000008006cf8        0x8 E:/Software/STM32CubeIDE_1.11.0/STM32CubeIDE/plugins/com.st.stm32cube.ide.mcu.externaltools.gnu-tools-for-stm32.11.3.rel1.win32_1.1.1.202309131626/tools/bin/../lib/gcc/arm-none-eabi/11.3.1/thumb/v7e-m+fp/hard\libgcc.a(_udivmoddi4.o)
                0x0000000008006d00                __exidx_end = .
                0x0000000008006d00                . = ALIGN (0x4)

.rel.dyn        0x0000000008006d00        0x0
 .rel.iplt      0x0000000008006d00        0x0 E:/Software/STM32CubeIDE_1.11.0/STM32CubeIDE/plugins/com.st.stm32cube.ide.mcu.externaltools.gnu-tools-for-stm32.11.3.rel1.win32_1.1.1.202309131626/tools/bin/../lib/gcc/arm-none-eabi/11.3.1/thumb/v7e-m+fp/hard/crtbegin.o

.preinit_array  0x0000000008006d00        0x0
                0x0000000008006d00                . = ALIGN (0x4)
                0x0000000008006d00                PROVIDE (__preinit_array_start = .)
 *(.preinit_array*)
                0x0000000008006d00                PROVIDE (__preinit_array_end = .)
                0x0000000008006d00                . = ALIGN (0x4)

.init_array     0x0000000008006d00        0x4
                0x0000000008006d00                . = ALIGN (0x4)
                0x0000000008006d00                PROVIDE (__init_array_start = .)
 *(SORT_BY_NAME(.init_array.*))
 *(.init_array*)
 .init_array    0x0000000008006d00        0x4 E:/Software/STM32CubeIDE_1.11.0/STM32CubeIDE/plugins/com.st.stm32cube.ide.mcu.externaltools.gnu-tools-for-stm32.11.3.rel1.win32_1.1.1.202309131626/tools/bin/../lib/gcc/arm-none-eabi/11.3.1/thumb/v7e-m+fp/hard/crtbegin.o
                0x0000000008006d04                PROVIDE (__init_array_end = .)
                0x0000000008006d04                . = ALIGN (0x4)

.fini_array     0x0000000008006d04        0x4
                0x0000000008006d04                . = ALIGN (0x4)
                [!provide]                        PROVIDE (__fini_array_start = .)
 *(SORT_BY_NAME(.fini_array.*))
 *(.fini_array*)
 .fini_array    0x0000000008006d04        0x4 E:/Software/STM32CubeIDE_1.11.0/STM32CubeIDE/plugins/com.st.stm32cube.ide.mcu.externaltools.gnu-tools-for-stm32.11.3.rel1.win32_1.1.1.202309131626/tools/bin/../lib/gcc/arm-none-eabi/11.3.1/thumb/v7e-m+fp/hard/crtbegin.o
                [!provide]                        PROVIDE (__fini_array_end = .)
                0x0000000008006d08                . = ALIGN (0x4)
                0x0000000008006d08                _sidata = LOADADDR (.data)

.data           0x0000000020000000       0x60 load address 0x0000000008006d08
                0x0000000020000000                . = ALIGN (0x4)
                0x0000000020000000                _sdata = .
 *(.data)
 *(.data*)
 .data.SystemCoreClock
                0x0000000020000000        0x4 ./Core/Src/system_stm32f4xx.o
                0x0000000020000000                SystemCoreClock
 .data.uwTickPrio
                0x0000000020000004        0x4 ./Drivers/STM32F4xx_HAL_Driver/Src/stm32f4xx_hal.o
                0x0000000020000004                uwTickPrio
 .data.uwTickFreq
                0x0000000020000008        0x1 ./Drivers/STM32F4xx_HAL_Driver/Src/stm32f4xx_hal.o
                0x0000000020000008                uwTickFreq
 *fill*         0x0000000020000009        0x3 
 .data.uxCriticalNesting
                0x000000002000000c        0x4 ./Third_Party/FREERTOS/org/Source/portable/GCC/ARM_CM4F/port.o
 .data._impure_data
                0x0000000020000010       0x4c E:/Software/STM32CubeIDE_1.11.0/STM32CubeIDE/plugins/com.st.stm32cube.ide.mcu.externaltools.gnu-tools-for-stm32.11.3.rel1.win32_1.1.1.202309131626/tools/bin/../lib/gcc/arm-none-eabi/11.3.1/../../../../arm-none-eabi/lib/thumb/v7e-m+fp/hard\libc_nano.a(libc_a-impure.o)
                0x0000000020000010                _impure_data
 .data._impure_ptr
                0x000000002000005c        0x4 E:/Software/STM32CubeIDE_1.11.0/STM32CubeIDE/plugins/com.st.stm32cube.ide.mcu.externaltools.gnu-tools-for-stm32.11.3.rel1.win32_1.1.1.202309131626/tools/bin/../lib/gcc/arm-none-eabi/11.3.1/../../../../arm-none-eabi/lib/thumb/v7e-m+fp/hard\libc_nano.a(libc_a-impure.o)
                0x000000002000005c                _impure_ptr
 *(.RamFunc)
 *(.RamFunc*)
                0x0000000020000060                . = ALIGN (0x4)
                0x0000000020000060                _edata = .
                0x0000000008006d68                _siccmram = LOADADDR (.ccmram)

.igot.plt       0x0000000020000060        0x0 load address 0x0000000008006d68
 .igot.plt      0x0000000020000060        0x0 E:/Software/STM32CubeIDE_1.11.0/STM32CubeIDE/plugins/com.st.stm32cube.ide.mcu.externaltools.gnu-tools-for-stm32.11.3.rel1.win32_1.1.1.202309131626/tools/bin/../lib/gcc/arm-none-eabi/11.3.1/thumb/v7e-m+fp/hard/crtbegin.o

.ccmram         0x0000000010000000        0x0 load address 0x0000000008006d68
                0x0000000010000000                . = ALIGN (0x4)
                0x0000000010000000                _sccmram = .
 *(.ccmram)
 *(.ccmram*)
                0x0000000010000000                . = ALIGN (0x4)
                0x0000000010000000                _eccmram = .
                0x0000000010000000                . = ALIGN (0x4)

.bss            0x0000000020000060    0x13a4c
                0x0000000020000060                _sbss = .
                0x0000000020000060                __bss_start__ = _sbss
 *(.bss)
 .bss           0x0000000020000060       0x1c E:/Software/STM32CubeIDE_1.11.0/STM32CubeIDE/plugins/com.st.stm32cube.ide.mcu.externaltools.gnu-tools-for-stm32.11.3.rel1.win32_1.1.1.202309131626/tools/bin/../lib/gcc/arm-none-eabi/11.3.1/thumb/v7e-m+fp/hard/crtbegin.o
 *(.bss*)
 .bss.Buffer    0x000000002000007c       0x23 ./Core/Src/App_Task.o
                0x000000002000007c                Buffer
 *fill*         0x000000002000009f        0x1 
 .bss.htim6     0x00000000200000a0       0x48 ./Core/Src/main.o
                0x00000000200000a0                htim6
 .bss.huart1    0x00000000200000e8       0x44 ./Core/Src/main.o
                0x00000000200000e8                huart1
 .bss.One_Shot_Handle
                0x000000002000012c        0x4 ./Core/Src/main.o
                0x000000002000012c                One_Shot_Handle
 .bss.Periodic_Timer_Handle
                0x0000000020000130        0x4 ./Core/Src/main.o
                0x0000000020000130                Periodic_Timer_Handle
 .bss.OneShot_Started
                0x0000000020000134        0x4 ./Core/Src/main.o
                0x0000000020000134                OneShot_Started
 .bss.PeriodicTimer_Started
                0x0000000020000138        0x4 ./Core/Src/main.o
                0x0000000020000138                PeriodicTimer_Started
 .bss.Mutex     0x000000002000013c        0x4 ./Core/Src/main.o
                0x000000002000013c                Mutex
 .bss.Idle_Count
                0x0000000020000140        0x4 ./Core/Src/main.o
                0x0000000020000140                Idle_Count
 .bss.__sbrk_heap_end
                0x0000000020000144        0x4 ./Core/Src/sysmem.o
 .bss.uwTick    0x0000000020000148        0x4 ./Drivers/STM32F4xx_HAL_Driver/Src/stm32f4xx_hal.o
                0x0000000020000148                uwTick
 .bss.xQueueRegistry
                0x000000002000014c       0x40 ./Third_Party/FREERTOS/org/Source/queue.o
                0x000000002000014c                xQueueRegistry
 .bss.pxCurrentTCB
                0x000000002000018c        0x4 ./Third_Party/FREERTOS/org/Source/tasks.o
                0x000000002000018c                pxCurrentTCB
 .bss.pxReadyTasksLists
                0x0000000020000190       0x64 ./Third_Party/FREERTOS/org/Source/tasks.o
 .bss.xDelayedTaskList1
                0x00000000200001f4       0x14 ./Third_Party/FREERTOS/org/Source/tasks.o
 .bss.xDelayedTaskList2
                0x0000000020000208       0x14 ./Third_Party/FREERTOS/org/Source/tasks.o
 .bss.pxDelayedTaskList
                0x000000002000021c        0x4 ./Third_Party/FREERTOS/org/Source/tasks.o
 .bss.pxOverflowDelayedTaskList
                0x0000000020000220        0x4 ./Third_Party/FREERTOS/org/Source/tasks.o
 .bss.xPendingReadyList
                0x0000000020000224       0x14 ./Third_Party/FREERTOS/org/Source/tasks.o
 .bss.xTasksWaitingTermination
                0x0000000020000238       0x14 ./Third_Party/FREERTOS/org/Source/tasks.o
 .bss.uxDeletedTasksWaitingCleanUp
                0x000000002000024c        0x4 ./Third_Party/FREERTOS/org/Source/tasks.o
 .bss.xSuspendedTaskList
                0x0000000020000250       0x14 ./Third_Party/FREERTOS/org/Source/tasks.o
 .bss.uxCurrentNumberOfTasks
                0x0000000020000264        0x4 ./Third_Party/FREERTOS/org/Source/tasks.o
 .bss.xTickCount
                0x0000000020000268        0x4 ./Third_Party/FREERTOS/org/Source/tasks.o
 .bss.uxTopReadyPriority
                0x000000002000026c        0x4 ./Third_Party/FREERTOS/org/Source/tasks.o
 .bss.xSchedulerRunning
                0x0000000020000270        0x4 ./Third_Party/FREERTOS/org/Source/tasks.o
 .bss.uxPendedTicks
                0x0000000020000274        0x4 ./Third_Party/FREERTOS/org/Source/tasks.o
 .bss.xYieldPending
                0x0000000020000278        0x4 ./Third_Party/FREERTOS/org/Source/tasks.o
 .bss.xNumOfOverflows
                0x000000002000027c        0x4 ./Third_Party/FREERTOS/org/Source/tasks.o
 .bss.uxTaskNumber
                0x0000000020000280        0x4 ./Third_Party/FREERTOS/org/Source/tasks.o
 .bss.xNextTaskUnblockTime
                0x0000000020000284        0x4 ./Third_Party/FREERTOS/org/Source/tasks.o
 .bss.xIdleTaskHandle
                0x0000000020000288        0x4 ./Third_Party/FREERTOS/org/Source/tasks.o
 .bss.uxSchedulerSuspended
                0x000000002000028c        0x4 ./Third_Party/FREERTOS/org/Source/tasks.o
 .bss.xActiveTimerList1
                0x0000000020000290       0x14 ./Third_Party/FREERTOS/org/Source/timers.o
 .bss.xActiveTimerList2
                0x00000000200002a4       0x14 ./Third_Party/FREERTOS/org/Source/timers.o
 .bss.pxCurrentTimerList
                0x00000000200002b8        0x4 ./Third_Party/FREERTOS/org/Source/timers.o
 .bss.pxOverflowTimerList
                0x00000000200002bc        0x4 ./Third_Party/FREERTOS/org/Source/timers.o
 .bss.xTimerQueue
                0x00000000200002c0        0x4 ./Third_Party/FREERTOS/org/Source/timers.o
 .bss.xTimerTaskHandle
                0x00000000200002c4        0x4 ./Third_Party/FREERTOS/org/Source/timers.o
 .bss.xLastTime.0
                0x00000000200002c8        0x4 ./Third_Party/FREERTOS/org/Source/timers.o
 .bss.ucMaxSysCallPriority
                0x00000000200002cc        0x1 ./Third_Party/FREERTOS/org/Source/portable/GCC/ARM_CM4F/port.o
 *fill*         0x00000000200002cd        0x3 
 .bss.ulMaxPRIGROUPValue
                0x00000000200002d0        0x4 ./Third_Party/FREERTOS/org/Source/portable/GCC/ARM_CM4F/port.o
 .bss.ucHeap    0x00000000200002d4    0x12c00 ./Third_Party/FREERTOS/org/Source/portable/MemMang/heap_4.o
 .bss.xStart    0x0000000020012ed4        0x8 ./Third_Party/FREERTOS/org/Source/portable/MemMang/heap_4.o
 .bss.pxEnd     0x0000000020012edc        0x4 ./Third_Party/FREERTOS/org/Source/portable/MemMang/heap_4.o
 .bss.xFreeBytesRemaining
                0x0000000020012ee0        0x4 ./Third_Party/FREERTOS/org/Source/portable/MemMang/heap_4.o
 .bss.xMinimumEverFreeBytesRemaining
                0x0000000020012ee4        0x4 ./Third_Party/FREERTOS/org/Source/portable/MemMang/heap_4.o
 .bss.xBlockAllocatedBit
                0x0000000020012ee8        0x4 ./Third_Party/FREERTOS/org/Source/portable/MemMang/heap_4.o
 .bss._SEGGER_RTT
                0x0000000020012eec       0xa8 ./Third_Party/SEGGER/Segger/SEGGER_RTT.o
                0x0000000020012eec                _SEGGER_RTT
 .bss._acUpBuffer
                0x0000000020012f94      0x400 ./Third_Party/SEGGER/Segger/SEGGER_RTT.o
 .bss._acDownBuffer
                0x0000000020013394       0x10 ./Third_Party/SEGGER/Segger/SEGGER_RTT.o
 .bss._UpBuffer
                0x00000000200133a4      0x400 ./Third_Party/SEGGER/Segger/SEGGER_SYSVIEW.o
 .bss._DownBuffer
                0x00000000200137a4        0x8 ./Third_Party/SEGGER/Segger/SEGGER_SYSVIEW.o
 .bss._SYSVIEW_Globals
                0x00000000200137ac       0x28 ./Third_Party/SEGGER/Segger/SEGGER_SYSVIEW.o
 .bss._pFirstModule
                0x00000000200137d4        0x4 ./Third_Party/SEGGER/Segger/SEGGER_SYSVIEW.o
 .bss._NumModules
                0x00000000200137d8        0x1 ./Third_Party/SEGGER/Segger/SEGGER_SYSVIEW.o
 *fill*         0x00000000200137d9        0x3 
 .bss._aPacket  0x00000000200137dc       0xe3 ./Third_Party/SEGGER/Segger/SEGGER_SYSVIEW.o
 *fill*         0x00000000200138bf        0x1 
 .bss._aTasks   0x00000000200138c0       0xa0 ./Third_Party/SEGGER/os/SEGGER_SYSVIEW_FreeRTOS.o
 .bss._NumTasks
                0x0000000020013960        0x4 ./Third_Party/SEGGER/os/SEGGER_SYSVIEW_FreeRTOS.o
 .bss.__sf      0x0000000020013964      0x138 E:/Software/STM32CubeIDE_1.11.0/STM32CubeIDE/plugins/com.st.stm32cube.ide.mcu.externaltools.gnu-tools-for-stm32.11.3.rel1.win32_1.1.1.202309131626/tools/bin/../lib/gcc/arm-none-eabi/11.3.1/../../../../arm-none-eabi/lib/thumb/v7e-m+fp/hard\libc_nano.a(libc_a-findfp.o)
                0x0000000020013964                __sf
 .bss.errno     0x0000000020013a9c        0x4 E:/Software/STM32CubeIDE_1.11.0/STM32CubeIDE/plugins/com.st.stm32cube.ide.mcu.externaltools.gnu-tools-for-stm32.11.3.rel1.win32_1.1.1.202309131626/tools/bin/../lib/gcc/arm-none-eabi/11.3.1/../../../../arm-none-eabi/lib/thumb/v7e-m+fp/hard\libc_nano.a(libc_a-reent.o)
                0x0000000020013a9c                errno
 .bss.__lock___malloc_recursive_mutex
                0x0000000020013aa0        0x1 E:/Software/STM32CubeIDE_1.11.0/STM32CubeIDE/plugins/com.st.stm32cube.ide.mcu.externaltools.gnu-tools-for-stm32.11.3.rel1.win32_1.1.1.202309131626/tools/bin/../lib/gcc/arm-none-eabi/11.3.1/../../../../arm-none-eabi/lib/thumb/v7e-m+fp/hard\libc_nano.a(libc_a-lock.o)
                0x0000000020013aa0                __lock___malloc_recursive_mutex
 *fill*         0x0000000020013aa1        0x3 
 .bss.__malloc_free_list
                0x0000000020013aa4        0x4 E:/Software/STM32CubeIDE_1.11.0/STM32CubeIDE/plugins/com.st.stm32cube.ide.mcu.externaltools.gnu-tools-for-stm32.11.3.rel1.win32_1.1.1.202309131626/tools/bin/../lib/gcc/arm-none-eabi/11.3.1/../../../../arm-none-eabi/lib/thumb/v7e-m+fp/hard\libc_nano.a(libc_a-mallocr.o)
                0x0000000020013aa4                __malloc_free_list
 .bss.__malloc_sbrk_start
                0x0000000020013aa8        0x4 E:/Software/STM32CubeIDE_1.11.0/STM32CubeIDE/plugins/com.st.stm32cube.ide.mcu.externaltools.gnu-tools-for-stm32.11.3.rel1.win32_1.1.1.202309131626/tools/bin/../lib/gcc/arm-none-eabi/11.3.1/../../../../arm-none-eabi/lib/thumb/v7e-m+fp/hard\libc_nano.a(libc_a-mallocr.o)
                0x0000000020013aa8                __malloc_sbrk_start
 *(COMMON)
                0x0000000020013aac                . = ALIGN (0x4)
                0x0000000020013aac                _ebss = .
                0x0000000020013aac                __bss_end__ = _ebss

._user_heap_stack
                0x0000000020013aac      0x604
                0x0000000020013ab0                . = ALIGN (0x8)
 *fill*         0x0000000020013aac        0x4 
                [!provide]                        PROVIDE (end = .)
                0x0000000020013ab0                PROVIDE (_end = .)
                0x0000000020013cb0                . = (. + _Min_Heap_Size)
 *fill*         0x0000000020013ab0      0x200 
                0x00000000200140b0                . = (. + _Min_Stack_Size)
 *fill*         0x0000000020013cb0      0x400 
                0x00000000200140b0                . = ALIGN (0x8)

/DISCARD/
 libc.a(*)
 libm.a(*)
 libgcc.a(*)

.ARM.attributes
                0x0000000000000000       0x30
 *(.ARM.attributes)
 .ARM.attributes
                0x0000000000000000       0x1e E:/Software/STM32CubeIDE_1.11.0/STM32CubeIDE/plugins/com.st.stm32cube.ide.mcu.externaltools.gnu-tools-for-stm32.11.3.rel1.win32_1.1.1.202309131626/tools/bin/../lib/gcc/arm-none-eabi/11.3.1/thumb/v7e-m+fp/hard/crti.o
 .ARM.attributes
                0x000000000000001e       0x34 E:/Software/STM32CubeIDE_1.11.0/STM32CubeIDE/plugins/com.st.stm32cube.ide.mcu.externaltools.gnu-tools-for-stm32.11.3.rel1.win32_1.1.1.202309131626/tools/bin/../lib/gcc/arm-none-eabi/11.3.1/thumb/v7e-m+fp/hard/crtbegin.o
 .ARM.attributes
                0x0000000000000052       0x34 ./Core/Src/App_Task.o
 .ARM.attributes
                0x0000000000000086       0x34 ./Core/Src/main.o
 .ARM.attributes
                0x00000000000000ba       0x34 ./Core/Src/stm32f4xx_hal_msp.o
 .ARM.attributes
                0x00000000000000ee       0x34 ./Core/Src/stm32f4xx_it.o
 .ARM.attributes
                0x0000000000000122       0x34 ./Core/Src/sysmem.o
 .ARM.attributes
                0x0000000000000156       0x34 ./Core/Src/system_stm32f4xx.o
 .ARM.attributes
                0x000000000000018a       0x21 ./Core/Startup/startup_stm32f429zitx.o
 .ARM.attributes
                0x00000000000001ab       0x34 ./Drivers/STM32F4xx_HAL_Driver/Src/stm32f4xx_hal.o
 .ARM.attributes
                0x00000000000001df       0x34 ./Drivers/STM32F4xx_HAL_Driver/Src/stm32f4xx_hal_cortex.o
 .ARM.attributes
                0x0000000000000213       0x34 ./Drivers/STM32F4xx_HAL_Driver/Src/stm32f4xx_hal_gpio.o
 .ARM.attributes
                0x0000000000000247       0x34 ./Drivers/STM32F4xx_HAL_Driver/Src/stm32f4xx_hal_rcc.o
 .ARM.attributes
                0x000000000000027b       0x34 ./Drivers/STM32F4xx_HAL_Driver/Src/stm32f4xx_hal_rcc_ex.o
 .ARM.attributes
                0x00000000000002af       0x34 ./Drivers/STM32F4xx_HAL_Driver/Src/stm32f4xx_hal_tim.o
 .ARM.attributes
                0x00000000000002e3       0x34 ./Drivers/STM32F4xx_HAL_Driver/Src/stm32f4xx_hal_tim_ex.o
 .ARM.attributes
                0x0000000000000317       0x34 ./Drivers/STM32F4xx_HAL_Driver/Src/stm32f4xx_hal_uart.o
 .ARM.attributes
                0x000000000000034b       0x34 ./Third_Party/FREERTOS/org/Source/list.o
 .ARM.attributes
                0x000000000000037f       0x34 ./Third_Party/FREERTOS/org/Source/queue.o
 .ARM.attributes
                0x00000000000003b3       0x34 ./Third_Party/FREERTOS/org/Source/tasks.o
 .ARM.attributes
                0x00000000000003e7       0x34 ./Third_Party/FREERTOS/org/Source/timers.o
 .ARM.attributes
                0x000000000000041b       0x34 ./Third_Party/FREERTOS/org/Source/portable/GCC/ARM_CM4F/port.o
 .ARM.attributes
                0x000000000000044f       0x34 ./Third_Party/FREERTOS/org/Source/portable/MemMang/heap_4.o
 .ARM.attributes
                0x0000000000000483       0x34 ./Third_Party/SEGGER/Config/SEGGER_SYSVIEW_Config_FreeRTOS.o
 .ARM.attributes
                0x00000000000004b7       0x34 ./Third_Party/SEGGER/Segger/SEGGER_RTT.o
 .ARM.attributes
                0x00000000000004eb       0x34 ./Third_Party/SEGGER/Segger/SEGGER_SYSVIEW.o
 .ARM.attributes
                0x000000000000051f       0x34 ./Third_Party/SEGGER/os/SEGGER_SYSVIEW_FreeRTOS.o
 .ARM.attributes
                0x0000000000000553       0x34 E:/Software/STM32CubeIDE_1.11.0/STM32CubeIDE/plugins/com.st.stm32cube.ide.mcu.externaltools.gnu-tools-for-stm32.11.3.rel1.win32_1.1.1.202309131626/tools/bin/../lib/gcc/arm-none-eabi/11.3.1/../../../../arm-none-eabi/lib/thumb/v7e-m+fp/hard\libc_nano.a(libc_a-findfp.o)
 .ARM.attributes
                0x0000000000000587       0x34 E:/Software/STM32CubeIDE_1.11.0/STM32CubeIDE/plugins/com.st.stm32cube.ide.mcu.externaltools.gnu-tools-for-stm32.11.3.rel1.win32_1.1.1.202309131626/tools/bin/../lib/gcc/arm-none-eabi/11.3.1/../../../../arm-none-eabi/lib/thumb/v7e-m+fp/hard\libc_nano.a(libc_a-sprintf.o)
 .ARM.attributes
                0x00000000000005bb       0x34 E:/Software/STM32CubeIDE_1.11.0/STM32CubeIDE/plugins/com.st.stm32cube.ide.mcu.externaltools.gnu-tools-for-stm32.11.3.rel1.win32_1.1.1.202309131626/tools/bin/../lib/gcc/arm-none-eabi/11.3.1/../../../../arm-none-eabi/lib/thumb/v7e-m+fp/hard\libc_nano.a(libc_a-memcmp.o)
 .ARM.attributes
                0x00000000000005ef       0x34 E:/Software/STM32CubeIDE_1.11.0/STM32CubeIDE/plugins/com.st.stm32cube.ide.mcu.externaltools.gnu-tools-for-stm32.11.3.rel1.win32_1.1.1.202309131626/tools/bin/../lib/gcc/arm-none-eabi/11.3.1/../../../../arm-none-eabi/lib/thumb/v7e-m+fp/hard\libc_nano.a(libc_a-memset.o)
 .ARM.attributes
                0x0000000000000623       0x34 E:/Software/STM32CubeIDE_1.11.0/STM32CubeIDE/plugins/com.st.stm32cube.ide.mcu.externaltools.gnu-tools-for-stm32.11.3.rel1.win32_1.1.1.202309131626/tools/bin/../lib/gcc/arm-none-eabi/11.3.1/../../../../arm-none-eabi/lib/thumb/v7e-m+fp/hard\libc_nano.a(libc_a-reent.o)
 .ARM.attributes
                0x0000000000000657       0x34 E:/Software/STM32CubeIDE_1.11.0/STM32CubeIDE/plugins/com.st.stm32cube.ide.mcu.externaltools.gnu-tools-for-stm32.11.3.rel1.win32_1.1.1.202309131626/tools/bin/../lib/gcc/arm-none-eabi/11.3.1/../../../../arm-none-eabi/lib/thumb/v7e-m+fp/hard\libc_nano.a(libc_a-impure.o)
 .ARM.attributes
                0x000000000000068b       0x34 E:/Software/STM32CubeIDE_1.11.0/STM32CubeIDE/plugins/com.st.stm32cube.ide.mcu.externaltools.gnu-tools-for-stm32.11.3.rel1.win32_1.1.1.202309131626/tools/bin/../lib/gcc/arm-none-eabi/11.3.1/../../../../arm-none-eabi/lib/thumb/v7e-m+fp/hard\libc_nano.a(libc_a-errno.o)
 .ARM.attributes
                0x00000000000006bf       0x34 E:/Software/STM32CubeIDE_1.11.0/STM32CubeIDE/plugins/com.st.stm32cube.ide.mcu.externaltools.gnu-tools-for-stm32.11.3.rel1.win32_1.1.1.202309131626/tools/bin/../lib/gcc/arm-none-eabi/11.3.1/../../../../arm-none-eabi/lib/thumb/v7e-m+fp/hard\libc_nano.a(libc_a-init.o)
 .ARM.attributes
                0x00000000000006f3       0x34 E:/Software/STM32CubeIDE_1.11.0/STM32CubeIDE/plugins/com.st.stm32cube.ide.mcu.externaltools.gnu-tools-for-stm32.11.3.rel1.win32_1.1.1.202309131626/tools/bin/../lib/gcc/arm-none-eabi/11.3.1/../../../../arm-none-eabi/lib/thumb/v7e-m+fp/hard\libc_nano.a(libc_a-lock.o)
 .ARM.attributes
                0x0000000000000727       0x34 E:/Software/STM32CubeIDE_1.11.0/STM32CubeIDE/plugins/com.st.stm32cube.ide.mcu.externaltools.gnu-tools-for-stm32.11.3.rel1.win32_1.1.1.202309131626/tools/bin/../lib/gcc/arm-none-eabi/11.3.1/../../../../arm-none-eabi/lib/thumb/v7e-m+fp/hard\libc_nano.a(libc_a-memcpy-stub.o)
 .ARM.attributes
                0x000000000000075b       0x34 E:/Software/STM32CubeIDE_1.11.0/STM32CubeIDE/plugins/com.st.stm32cube.ide.mcu.externaltools.gnu-tools-for-stm32.11.3.rel1.win32_1.1.1.202309131626/tools/bin/../lib/gcc/arm-none-eabi/11.3.1/../../../../arm-none-eabi/lib/thumb/v7e-m+fp/hard\libc_nano.a(libc_a-freer.o)
 .ARM.attributes
                0x000000000000078f       0x34 E:/Software/STM32CubeIDE_1.11.0/STM32CubeIDE/plugins/com.st.stm32cube.ide.mcu.externaltools.gnu-tools-for-stm32.11.3.rel1.win32_1.1.1.202309131626/tools/bin/../lib/gcc/arm-none-eabi/11.3.1/../../../../arm-none-eabi/lib/thumb/v7e-m+fp/hard\libc_nano.a(libc_a-mallocr.o)
 .ARM.attributes
                0x00000000000007c3       0x34 E:/Software/STM32CubeIDE_1.11.0/STM32CubeIDE/plugins/com.st.stm32cube.ide.mcu.externaltools.gnu-tools-for-stm32.11.3.rel1.win32_1.1.1.202309131626/tools/bin/../lib/gcc/arm-none-eabi/11.3.1/../../../../arm-none-eabi/lib/thumb/v7e-m+fp/hard\libc_nano.a(libc_a-mlock.o)
 .ARM.attributes
                0x00000000000007f7       0x34 E:/Software/STM32CubeIDE_1.11.0/STM32CubeIDE/plugins/com.st.stm32cube.ide.mcu.externaltools.gnu-tools-for-stm32.11.3.rel1.win32_1.1.1.202309131626/tools/bin/../lib/gcc/arm-none-eabi/11.3.1/../../../../arm-none-eabi/lib/thumb/v7e-m+fp/hard\libc_nano.a(libc_a-nano-svfprintf.o)
 .ARM.attributes
                0x000000000000082b       0x34 E:/Software/STM32CubeIDE_1.11.0/STM32CubeIDE/plugins/com.st.stm32cube.ide.mcu.externaltools.gnu-tools-for-stm32.11.3.rel1.win32_1.1.1.202309131626/tools/bin/../lib/gcc/arm-none-eabi/11.3.1/../../../../arm-none-eabi/lib/thumb/v7e-m+fp/hard\libc_nano.a(libc_a-nano-vfprintf_i.o)
 .ARM.attributes
                0x000000000000085f       0x34 E:/Software/STM32CubeIDE_1.11.0/STM32CubeIDE/plugins/com.st.stm32cube.ide.mcu.externaltools.gnu-tools-for-stm32.11.3.rel1.win32_1.1.1.202309131626/tools/bin/../lib/gcc/arm-none-eabi/11.3.1/../../../../arm-none-eabi/lib/thumb/v7e-m+fp/hard\libc_nano.a(libc_a-memmove.o)
 .ARM.attributes
                0x0000000000000893       0x34 E:/Software/STM32CubeIDE_1.11.0/STM32CubeIDE/plugins/com.st.stm32cube.ide.mcu.externaltools.gnu-tools-for-stm32.11.3.rel1.win32_1.1.1.202309131626/tools/bin/../lib/gcc/arm-none-eabi/11.3.1/../../../../arm-none-eabi/lib/thumb/v7e-m+fp/hard\libc_nano.a(libc_a-sbrkr.o)
 .ARM.attributes
                0x00000000000008c7       0x1c E:/Software/STM32CubeIDE_1.11.0/STM32CubeIDE/plugins/com.st.stm32cube.ide.mcu.externaltools.gnu-tools-for-stm32.11.3.rel1.win32_1.1.1.202309131626/tools/bin/../lib/gcc/arm-none-eabi/11.3.1/../../../../arm-none-eabi/lib/thumb/v7e-m+fp/hard\libc_nano.a(libc_a-memchr.o)
 .ARM.attributes
                0x00000000000008e3       0x34 E:/Software/STM32CubeIDE_1.11.0/STM32CubeIDE/plugins/com.st.stm32cube.ide.mcu.externaltools.gnu-tools-for-stm32.11.3.rel1.win32_1.1.1.202309131626/tools/bin/../lib/gcc/arm-none-eabi/11.3.1/../../../../arm-none-eabi/lib/thumb/v7e-m+fp/hard\libc_nano.a(libc_a-reallocr.o)
 .ARM.attributes
                0x0000000000000917       0x34 E:/Software/STM32CubeIDE_1.11.0/STM32CubeIDE/plugins/com.st.stm32cube.ide.mcu.externaltools.gnu-tools-for-stm32.11.3.rel1.win32_1.1.1.202309131626/tools/bin/../lib/gcc/arm-none-eabi/11.3.1/../../../../arm-none-eabi/lib/thumb/v7e-m+fp/hard\libc_nano.a(libc_a-msizer.o)
 .ARM.attributes
                0x000000000000094b       0x1e E:/Software/STM32CubeIDE_1.11.0/STM32CubeIDE/plugins/com.st.stm32cube.ide.mcu.externaltools.gnu-tools-for-stm32.11.3.rel1.win32_1.1.1.202309131626/tools/bin/../lib/gcc/arm-none-eabi/11.3.1/thumb/v7e-m+fp/hard\libgcc.a(_aeabi_uldivmod.o)
 .ARM.attributes
                0x0000000000000969       0x34 E:/Software/STM32CubeIDE_1.11.0/STM32CubeIDE/plugins/com.st.stm32cube.ide.mcu.externaltools.gnu-tools-for-stm32.11.3.rel1.win32_1.1.1.202309131626/tools/bin/../lib/gcc/arm-none-eabi/11.3.1/thumb/v7e-m+fp/hard\libgcc.a(_udivmoddi4.o)
 .ARM.attributes
                0x000000000000099d       0x1e E:/Software/STM32CubeIDE_1.11.0/STM32CubeIDE/plugins/com.st.stm32cube.ide.mcu.externaltools.gnu-tools-for-stm32.11.3.rel1.win32_1.1.1.202309131626/tools/bin/../lib/gcc/arm-none-eabi/11.3.1/thumb/v7e-m+fp/hard\libgcc.a(_dvmd_tls.o)
 .ARM.attributes
                0x00000000000009bb       0x1e E:/Software/STM32CubeIDE_1.11.0/STM32CubeIDE/plugins/com.st.stm32cube.ide.mcu.externaltools.gnu-tools-for-stm32.11.3.rel1.win32_1.1.1.202309131626/tools/bin/../lib/gcc/arm-none-eabi/11.3.1/thumb/v7e-m+fp/hard/crtn.o
OUTPUT(Semaphore_Mutex_Timer.elf elf32-littlearm)
LOAD linker stubs
LOAD E:/Software/STM32CubeIDE_1.11.0/STM32CubeIDE/plugins/com.st.stm32cube.ide.mcu.externaltools.gnu-tools-for-stm32.11.3.rel1.win32_1.1.1.202309131626/tools/bin/../lib/gcc/arm-none-eabi/11.3.1/../../../../arm-none-eabi/lib/thumb/v7e-m+fp/hard\libc.a
LOAD E:/Software/STM32CubeIDE_1.11.0/STM32CubeIDE/plugins/com.st.stm32cube.ide.mcu.externaltools.gnu-tools-for-stm32.11.3.rel1.win32_1.1.1.202309131626/tools/bin/../lib/gcc/arm-none-eabi/11.3.1/../../../../arm-none-eabi/lib/thumb/v7e-m+fp/hard\libm.a
LOAD E:/Software/STM32CubeIDE_1.11.0/STM32CubeIDE/plugins/com.st.stm32cube.ide.mcu.externaltools.gnu-tools-for-stm32.11.3.rel1.win32_1.1.1.202309131626/tools/bin/../lib/gcc/arm-none-eabi/11.3.1/thumb/v7e-m+fp/hard\libgcc.a

.comment        0x0000000000000000       0x43
 .comment       0x0000000000000000       0x43 E:/Software/STM32CubeIDE_1.11.0/STM32CubeIDE/plugins/com.st.stm32cube.ide.mcu.externaltools.gnu-tools-for-stm32.11.3.rel1.win32_1.1.1.202309131626/tools/bin/../lib/gcc/arm-none-eabi/11.3.1/thumb/v7e-m+fp/hard/crtbegin.o
                                         0x44 (size before relaxing)
 .comment       0x0000000000000043       0x44 ./Core/Src/App_Task.o
 .comment       0x0000000000000043       0x44 ./Core/Src/main.o
 .comment       0x0000000000000043       0x44 ./Core/Src/stm32f4xx_hal_msp.o
 .comment       0x0000000000000043       0x44 ./Core/Src/stm32f4xx_it.o
 .comment       0x0000000000000043       0x44 ./Core/Src/sysmem.o
 .comment       0x0000000000000043       0x44 ./Core/Src/system_stm32f4xx.o
 .comment       0x0000000000000043       0x44 ./Drivers/STM32F4xx_HAL_Driver/Src/stm32f4xx_hal.o
 .comment       0x0000000000000043       0x44 ./Drivers/STM32F4xx_HAL_Driver/Src/stm32f4xx_hal_cortex.o
 .comment       0x0000000000000043       0x44 ./Drivers/STM32F4xx_HAL_Driver/Src/stm32f4xx_hal_gpio.o
 .comment       0x0000000000000043       0x44 ./Drivers/STM32F4xx_HAL_Driver/Src/stm32f4xx_hal_rcc.o
 .comment       0x0000000000000043       0x44 ./Drivers/STM32F4xx_HAL_Driver/Src/stm32f4xx_hal_rcc_ex.o
 .comment       0x0000000000000043       0x44 ./Drivers/STM32F4xx_HAL_Driver/Src/stm32f4xx_hal_tim.o
 .comment       0x0000000000000043       0x44 ./Drivers/STM32F4xx_HAL_Driver/Src/stm32f4xx_hal_tim_ex.o
 .comment       0x0000000000000043       0x44 ./Drivers/STM32F4xx_HAL_Driver/Src/stm32f4xx_hal_uart.o
 .comment       0x0000000000000043       0x44 ./Third_Party/FREERTOS/org/Source/list.o
 .comment       0x0000000000000043       0x44 ./Third_Party/FREERTOS/org/Source/queue.o
 .comment       0x0000000000000043       0x44 ./Third_Party/FREERTOS/org/Source/tasks.o
 .comment       0x0000000000000043       0x44 ./Third_Party/FREERTOS/org/Source/timers.o
 .comment       0x0000000000000043       0x44 ./Third_Party/FREERTOS/org/Source/portable/GCC/ARM_CM4F/port.o
 .comment       0x0000000000000043       0x44 ./Third_Party/FREERTOS/org/Source/portable/MemMang/heap_4.o
 .comment       0x0000000000000043       0x44 ./Third_Party/SEGGER/Config/SEGGER_SYSVIEW_Config_FreeRTOS.o
 .comment       0x0000000000000043       0x44 ./Third_Party/SEGGER/Segger/SEGGER_RTT.o
 .comment       0x0000000000000043       0x44 ./Third_Party/SEGGER/Segger/SEGGER_SYSVIEW.o
 .comment       0x0000000000000043       0x44 ./Third_Party/SEGGER/os/SEGGER_SYSVIEW_FreeRTOS.o

.debug_info     0x0000000000000000    0x1788b
 .debug_info    0x0000000000000000      0x4a6 ./Core/Src/App_Task.o
 .debug_info    0x00000000000004a6     0x1357 ./Core/Src/main.o
 .debug_info    0x00000000000017fd      0xf6a ./Core/Src/stm32f4xx_hal_msp.o
 .debug_info    0x0000000000002767      0x6ab ./Core/Src/stm32f4xx_it.o
 .debug_info    0x0000000000002e12      0x168 ./Core/Src/sysmem.o
 .debug_info    0x0000000000002f7a      0x52e ./Core/Src/system_stm32f4xx.o
 .debug_info    0x00000000000034a8       0x23 ./Core/Startup/startup_stm32f429zitx.o
 .debug_info    0x00000000000034cb      0x9be ./Drivers/STM32F4xx_HAL_Driver/Src/stm32f4xx_hal.o
 .debug_info    0x0000000000003e89      0xd7c ./Drivers/STM32F4xx_HAL_Driver/Src/stm32f4xx_hal_cortex.o
 .debug_info    0x0000000000004c05      0x6db ./Drivers/STM32F4xx_HAL_Driver/Src/stm32f4xx_hal_gpio.o
 .debug_info    0x00000000000052e0      0x8c9 ./Drivers/STM32F4xx_HAL_Driver/Src/stm32f4xx_hal_rcc.o
 .debug_info    0x0000000000005ba9      0x651 ./Drivers/STM32F4xx_HAL_Driver/Src/stm32f4xx_hal_rcc_ex.o
 .debug_info    0x00000000000061fa     0x2948 ./Drivers/STM32F4xx_HAL_Driver/Src/stm32f4xx_hal_tim.o
 .debug_info    0x0000000000008b42     0x14ae ./Drivers/STM32F4xx_HAL_Driver/Src/stm32f4xx_hal_tim_ex.o
 .debug_info    0x0000000000009ff0     0x2fb8 ./Drivers/STM32F4xx_HAL_Driver/Src/stm32f4xx_hal_uart.o
 .debug_info    0x000000000000cfa8      0x2aa ./Third_Party/FREERTOS/org/Source/list.o
 .debug_info    0x000000000000d252     0x1974 ./Third_Party/FREERTOS/org/Source/queue.o
 .debug_info    0x000000000000ebc6     0x1fee ./Third_Party/FREERTOS/org/Source/tasks.o
 .debug_info    0x0000000000010bb4      0xd6e ./Third_Party/FREERTOS/org/Source/timers.o
 .debug_info    0x0000000000011922      0x4f5 ./Third_Party/FREERTOS/org/Source/portable/GCC/ARM_CM4F/port.o
 .debug_info    0x0000000000011e17      0x3c5 ./Third_Party/FREERTOS/org/Source/portable/MemMang/heap_4.o
 .debug_info    0x00000000000121dc      0x176 ./Third_Party/SEGGER/Config/SEGGER_SYSVIEW_Config_FreeRTOS.o
 .debug_info    0x0000000000012352     0x1564 ./Third_Party/SEGGER/Segger/SEGGER_RTT.o
 .debug_info    0x00000000000138b6     0x3bc7 ./Third_Party/SEGGER/Segger/SEGGER_SYSVIEW.o
 .debug_info    0x000000000001747d      0x40e ./Third_Party/SEGGER/os/SEGGER_SYSVIEW_FreeRTOS.o

.debug_abbrev   0x0000000000000000     0x34c8
 .debug_abbrev  0x0000000000000000      0x213 ./Core/Src/App_Task.o
 .debug_abbrev  0x0000000000000213      0x2fe ./Core/Src/main.o
 .debug_abbrev  0x0000000000000511      0x1de ./Core/Src/stm32f4xx_hal_msp.o
 .debug_abbrev  0x00000000000006ef      0x17d ./Core/Src/stm32f4xx_it.o
 .debug_abbrev  0x000000000000086c       0xbc ./Core/Src/sysmem.o
 .debug_abbrev  0x0000000000000928      0x11a ./Core/Src/system_stm32f4xx.o
 .debug_abbrev  0x0000000000000a42       0x12 ./Core/Startup/startup_stm32f429zitx.o
 .debug_abbrev  0x0000000000000a54      0x213 ./Drivers/STM32F4xx_HAL_Driver/Src/stm32f4xx_hal.o
 .debug_abbrev  0x0000000000000c67      0x327 ./Drivers/STM32F4xx_HAL_Driver/Src/stm32f4xx_hal_cortex.o
 .debug_abbrev  0x0000000000000f8e      0x1d4 ./Drivers/STM32F4xx_HAL_Driver/Src/stm32f4xx_hal_gpio.o
 .debug_abbrev  0x0000000000001162      0x2b6 ./Drivers/STM32F4xx_HAL_Driver/Src/stm32f4xx_hal_rcc.o
 .debug_abbrev  0x0000000000001418      0x1af ./Drivers/STM32F4xx_HAL_Driver/Src/stm32f4xx_hal_rcc_ex.o
 .debug_abbrev  0x00000000000015c7      0x271 ./Drivers/STM32F4xx_HAL_Driver/Src/stm32f4xx_hal_tim.o
 .debug_abbrev  0x0000000000001838      0x27c ./Drivers/STM32F4xx_HAL_Driver/Src/stm32f4xx_hal_tim_ex.o
 .debug_abbrev  0x0000000000001ab4      0x30e ./Drivers/STM32F4xx_HAL_Driver/Src/stm32f4xx_hal_uart.o
 .debug_abbrev  0x0000000000001dc2       0xf5 ./Third_Party/FREERTOS/org/Source/list.o
 .debug_abbrev  0x0000000000001eb7      0x367 ./Third_Party/FREERTOS/org/Source/queue.o
 .debug_abbrev  0x000000000000221e      0x3b0 ./Third_Party/FREERTOS/org/Source/tasks.o
 .debug_abbrev  0x00000000000025ce      0x2d4 ./Third_Party/FREERTOS/org/Source/timers.o
 .debug_abbrev  0x00000000000028a2      0x25d ./Third_Party/FREERTOS/org/Source/portable/GCC/ARM_CM4F/port.o
 .debug_abbrev  0x0000000000002aff      0x205 ./Third_Party/FREERTOS/org/Source/portable/MemMang/heap_4.o
 .debug_abbrev  0x0000000000002d04       0xf4 ./Third_Party/SEGGER/Config/SEGGER_SYSVIEW_Config_FreeRTOS.o
 .debug_abbrev  0x0000000000002df8      0x21f ./Third_Party/SEGGER/Segger/SEGGER_RTT.o
 .debug_abbrev  0x0000000000003017      0x320 ./Third_Party/SEGGER/Segger/SEGGER_SYSVIEW.o
 .debug_abbrev  0x0000000000003337      0x191 ./Third_Party/SEGGER/os/SEGGER_SYSVIEW_FreeRTOS.o

.debug_aranges  0x0000000000000000     0x15d0
 .debug_aranges
                0x0000000000000000       0x38 ./Core/Src/App_Task.o
 .debug_aranges
                0x0000000000000038       0x50 ./Core/Src/main.o
 .debug_aranges
                0x0000000000000088       0x40 ./Core/Src/stm32f4xx_hal_msp.o
 .debug_aranges
                0x00000000000000c8       0x50 ./Core/Src/stm32f4xx_it.o
 .debug_aranges
                0x0000000000000118       0x20 ./Core/Src/sysmem.o
 .debug_aranges
                0x0000000000000138       0x28 ./Core/Src/system_stm32f4xx.o
 .debug_aranges
                0x0000000000000160       0x28 ./Core/Startup/startup_stm32f429zitx.o
 .debug_aranges
                0x0000000000000188      0x100 ./Drivers/STM32F4xx_HAL_Driver/Src/stm32f4xx_hal.o
 .debug_aranges
                0x0000000000000288      0x118 ./Drivers/STM32F4xx_HAL_Driver/Src/stm32f4xx_hal_cortex.o
 .debug_aranges
                0x00000000000003a0       0x58 ./Drivers/STM32F4xx_HAL_Driver/Src/stm32f4xx_hal_gpio.o
 .debug_aranges
                0x00000000000003f8       0x88 ./Drivers/STM32F4xx_HAL_Driver/Src/stm32f4xx_hal_rcc.o
 .debug_aranges
                0x0000000000000480       0x58 ./Drivers/STM32F4xx_HAL_Driver/Src/stm32f4xx_hal_rcc_ex.o
 .debug_aranges
                0x00000000000004d8      0x3d0 ./Drivers/STM32F4xx_HAL_Driver/Src/stm32f4xx_hal_tim.o
 .debug_aranges
                0x00000000000008a8      0x168 ./Drivers/STM32F4xx_HAL_Driver/Src/stm32f4xx_hal_tim_ex.o
 .debug_aranges
                0x0000000000000a10      0x200 ./Drivers/STM32F4xx_HAL_Driver/Src/stm32f4xx_hal_uart.o
 .debug_aranges
                0x0000000000000c10       0x40 ./Third_Party/FREERTOS/org/Source/list.o
 .debug_aranges
                0x0000000000000c50      0x160 ./Third_Party/FREERTOS/org/Source/queue.o
 .debug_aranges
                0x0000000000000db0      0x1f8 ./Third_Party/FREERTOS/org/Source/tasks.o
 .debug_aranges
                0x0000000000000fa8       0xc8 ./Third_Party/FREERTOS/org/Source/timers.o
 .debug_aranges
                0x0000000000001070       0x80 ./Third_Party/FREERTOS/org/Source/portable/GCC/ARM_CM4F/port.o
 .debug_aranges
                0x00000000000010f0       0x50 ./Third_Party/FREERTOS/org/Source/portable/MemMang/heap_4.o
 .debug_aranges
                0x0000000000001140       0x28 ./Third_Party/SEGGER/Config/SEGGER_SYSVIEW_Config_FreeRTOS.o
 .debug_aranges
                0x0000000000001168      0x140 ./Third_Party/SEGGER/Segger/SEGGER_RTT.o
 .debug_aranges
                0x00000000000012a8      0x2e0 ./Third_Party/SEGGER/Segger/SEGGER_SYSVIEW.o
 .debug_aranges
                0x0000000000001588       0x48 ./Third_Party/SEGGER/os/SEGGER_SYSVIEW_FreeRTOS.o

.debug_rnglists
                0x0000000000000000     0x1104
 .debug_rnglists
                0x0000000000000000       0x26 ./Core/Src/App_Task.o
 .debug_rnglists
                0x0000000000000026       0x3a ./Core/Src/main.o
 .debug_rnglists
                0x0000000000000060       0x2c ./Core/Src/stm32f4xx_hal_msp.o
 .debug_rnglists
                0x000000000000008c       0x37 ./Core/Src/stm32f4xx_it.o
 .debug_rnglists
                0x00000000000000c3       0x13 ./Core/Src/sysmem.o
 .debug_rnglists
                0x00000000000000d6       0x1a ./Core/Src/system_stm32f4xx.o
 .debug_rnglists
                0x00000000000000f0       0x19 ./Core/Startup/startup_stm32f429zitx.o
 .debug_rnglists