../Third_Party/FREERTOS/org/Source/timers.c:224:12:xTimerCreateTimerTask	24	static,ignoring_inline_asm
../Third_Party/FREERTOS/org/Source/timers.c:279:16:xTimerCreate	40	static
../Third_Party/FREERTOS/org/Source/timers.c:353:13:prvInitialiseNewTimer	32	static,ignoring_inline_asm
../Third_Party/FREERTOS/org/Source/timers.c:382:12:xTimerGenericCommand	48	static,ignoring_inline_asm
../Third_Party/FREERTOS/org/Source/timers.c:425:14:xTimerGetTimerDaemonTaskHandle	16	static,ignoring_inline_asm
../Third_Party/FREERTOS/org/Source/timers.c:434:12:xTimerGetPeriod	24	static,ignoring_inline_asm
../Third_Party/FREERTOS/org/Source/timers.c:443:12:xTimerGetExpiryTime	32	static,ignoring_inline_asm
../Third_Party/FREERTOS/org/Source/timers.c:454:14:pcTimerGetName	24	static,ignoring_inline_asm
../Third_Party/FREERTOS/org/Source/timers.c:463:13:prvProcessExpiredTimer	40	static,ignoring_inline_asm
../Third_Party/FREERTOS/org/Source/timers.c:503:13:prvTimerTask	24	static
../Third_Party/FREERTOS/org/Source/timers.c:539:13:prvProcessTimerOrBlockTask	24	static,ignoring_inline_asm
../Third_Party/FREERTOS/org/Source/timers.c:599:19:prvGetNextExpireTime	24	static
../Third_Party/FREERTOS/org/Source/timers.c:625:19:prvSampleTimeNow	24	static
../Third_Party/FREERTOS/org/Source/timers.c:648:19:prvInsertTimerInActiveList	32	static
../Third_Party/FREERTOS/org/Source/timers.c:689:13:prvProcessReceivedCommands	56	static,ignoring_inline_asm
../Third_Party/FREERTOS/org/Source/timers.c:836:13:prvSwitchTimerLists	40	static,ignoring_inline_asm
../Third_Party/FREERTOS/org/Source/timers.c:895:13:prvCheckForValidListAndQueue	8	static
../Third_Party/FREERTOS/org/Source/timers.c:946:12:xTimerIsTimerActive	32	static,ignoring_inline_asm
../Third_Party/FREERTOS/org/Source/timers.c:967:7:pvTimerGetTimerID	32	static,ignoring_inline_asm
../Third_Party/FREERTOS/org/Source/timers.c:984:6:vTimerSetTimerID	24	static,ignoring_inline_asm
../Third_Party/FREERTOS/org/Source/timers.c:1053:14:uxTimerGetTimerNumber	16	static
../Third_Party/FREERTOS/org/Source/timers.c:1063:7:vTimerSetTimerNumber	16	static
