Archive member included to satisfy reference by file (symbol)

E:/Software/STM32CubeIDE_1.11.0/STM32CubeIDE/plugins/com.st.stm32cube.ide.mcu.externaltools.gnu-tools-for-stm32.11.3.rel1.win32_1.1.1.202309131626/tools/bin/../lib/gcc/arm-none-eabi/11.3.1/../../../../arm-none-eabi/lib/thumb/v7e-m+fp/hard\libc_nano.a(libc_a-exit.o)
                              E:/Software/STM32CubeIDE_1.11.0/STM32CubeIDE/plugins/com.st.stm32cube.ide.mcu.externaltools.gnu-tools-for-stm32.11.3.rel1.win32_1.1.1.202309131626/tools/bin/../lib/gcc/arm-none-eabi/11.3.1/../../../../arm-none-eabi/lib/thumb/v7e-m+fp/hard/crt0.o (exit)
E:/Software/STM32CubeIDE_1.11.0/STM32CubeIDE/plugins/com.st.stm32cube.ide.mcu.externaltools.gnu-tools-for-stm32.11.3.rel1.win32_1.1.1.202309131626/tools/bin/../lib/gcc/arm-none-eabi/11.3.1/../../../../arm-none-eabi/lib/thumb/v7e-m+fp/hard\libc_nano.a(libc_a-findfp.o)
                              E:/Software/STM32CubeIDE_1.11.0/STM32CubeIDE/plugins/com.st.stm32cube.ide.mcu.externaltools.gnu-tools-for-stm32.11.3.rel1.win32_1.1.1.202309131626/tools/bin/../lib/gcc/arm-none-eabi/11.3.1/../../../../arm-none-eabi/lib/thumb/v7e-m+fp/hard\libc_nano.a(libc_a-exit.o) (__stdio_exit_handler)
E:/Software/STM32CubeIDE_1.11.0/STM32CubeIDE/plugins/com.st.stm32cube.ide.mcu.externaltools.gnu-tools-for-stm32.11.3.rel1.win32_1.1.1.202309131626/tools/bin/../lib/gcc/arm-none-eabi/11.3.1/../../../../arm-none-eabi/lib/thumb/v7e-m+fp/hard\libc_nano.a(libc_a-fwalk.o)
                              E:/Software/STM32CubeIDE_1.11.0/STM32CubeIDE/plugins/com.st.stm32cube.ide.mcu.externaltools.gnu-tools-for-stm32.11.3.rel1.win32_1.1.1.202309131626/tools/bin/../lib/gcc/arm-none-eabi/11.3.1/../../../../arm-none-eabi/lib/thumb/v7e-m+fp/hard\libc_nano.a(libc_a-findfp.o) (_fwalk_sglue)
E:/Software/STM32CubeIDE_1.11.0/STM32CubeIDE/plugins/com.st.stm32cube.ide.mcu.externaltools.gnu-tools-for-stm32.11.3.rel1.win32_1.1.1.202309131626/tools/bin/../lib/gcc/arm-none-eabi/11.3.1/../../../../arm-none-eabi/lib/thumb/v7e-m+fp/hard\libc_nano.a(libc_a-sprintf.o)
                              ./Core/Src/App_Task.o (sprintf)
E:/Software/STM32CubeIDE_1.11.0/STM32CubeIDE/plugins/com.st.stm32cube.ide.mcu.externaltools.gnu-tools-for-stm32.11.3.rel1.win32_1.1.1.202309131626/tools/bin/../lib/gcc/arm-none-eabi/11.3.1/../../../../arm-none-eabi/lib/thumb/v7e-m+fp/hard\libc_nano.a(libc_a-stdio.o)
                              E:/Software/STM32CubeIDE_1.11.0/STM32CubeIDE/plugins/com.st.stm32cube.ide.mcu.externaltools.gnu-tools-for-stm32.11.3.rel1.win32_1.1.1.202309131626/tools/bin/../lib/gcc/arm-none-eabi/11.3.1/../../../../arm-none-eabi/lib/thumb/v7e-m+fp/hard\libc_nano.a(libc_a-findfp.o) (__sread)
E:/Software/STM32CubeIDE_1.11.0/STM32CubeIDE/plugins/com.st.stm32cube.ide.mcu.externaltools.gnu-tools-for-stm32.11.3.rel1.win32_1.1.1.202309131626/tools/bin/../lib/gcc/arm-none-eabi/11.3.1/../../../../arm-none-eabi/lib/thumb/v7e-m+fp/hard\libc_nano.a(libc_a-memcmp.o)
                              ./Third_Party/SEGGER/os/SEGGER_SYSVIEW_FreeRTOS.o (memcmp)
E:/Software/STM32CubeIDE_1.11.0/STM32CubeIDE/plugins/com.st.stm32cube.ide.mcu.externaltools.gnu-tools-for-stm32.11.3.rel1.win32_1.1.1.202309131626/tools/bin/../lib/gcc/arm-none-eabi/11.3.1/../../../../arm-none-eabi/lib/thumb/v7e-m+fp/hard\libc_nano.a(libc_a-memset.o)
                              E:/Software/STM32CubeIDE_1.11.0/STM32CubeIDE/plugins/com.st.stm32cube.ide.mcu.externaltools.gnu-tools-for-stm32.11.3.rel1.win32_1.1.1.202309131626/tools/bin/../lib/gcc/arm-none-eabi/11.3.1/../../../../arm-none-eabi/lib/thumb/v7e-m+fp/hard/crt0.o (memset)
E:/Software/STM32CubeIDE_1.11.0/STM32CubeIDE/plugins/com.st.stm32cube.ide.mcu.externaltools.gnu-tools-for-stm32.11.3.rel1.win32_1.1.1.202309131626/tools/bin/../lib/gcc/arm-none-eabi/11.3.1/../../../../arm-none-eabi/lib/thumb/v7e-m+fp/hard\libc_nano.a(libc_a-closer.o)
                              E:/Software/STM32CubeIDE_1.11.0/STM32CubeIDE/plugins/com.st.stm32cube.ide.mcu.externaltools.gnu-tools-for-stm32.11.3.rel1.win32_1.1.1.202309131626/tools/bin/../lib/gcc/arm-none-eabi/11.3.1/../../../../arm-none-eabi/lib/thumb/v7e-m+fp/hard\libc_nano.a(libc_a-stdio.o) (_close_r)
E:/Software/STM32CubeIDE_1.11.0/STM32CubeIDE/plugins/com.st.stm32cube.ide.mcu.externaltools.gnu-tools-for-stm32.11.3.rel1.win32_1.1.1.202309131626/tools/bin/../lib/gcc/arm-none-eabi/11.3.1/../../../../arm-none-eabi/lib/thumb/v7e-m+fp/hard\libc_nano.a(libc_a-reent.o)
                              E:/Software/STM32CubeIDE_1.11.0/STM32CubeIDE/plugins/com.st.stm32cube.ide.mcu.externaltools.gnu-tools-for-stm32.11.3.rel1.win32_1.1.1.202309131626/tools/bin/../lib/gcc/arm-none-eabi/11.3.1/../../../../arm-none-eabi/lib/thumb/v7e-m+fp/hard\libc_nano.a(libc_a-closer.o) (errno)
[...]
Memory Configuration

Name             Origin             Length             Attributes
CCMRAM           0x0000000010000000 0x0000000000010000 xrw
RAM              0x0000000020000000 0x0000000000030000 xrw
FLASH            0x0000000008000000 0x0000000000200000 xr
*default*        0x0000000000000000 0xffffffffffffffff

Linker script and memory map

LOAD E:/Software/STM32CubeIDE_1.11.0/STM32CubeIDE/plugins/com.st.stm32cube.ide.mcu.externaltools.gnu-tools-for-stm32.11.3.rel1.win32_1.1.1.202309131626/tools/bin/../lib/gcc/arm-none-eabi/11.3.1/thumb/v7e-m+fp/hard/crti.o
LOAD E:/Software/STM32CubeIDE_1.11.0/STM32CubeIDE/plugins/com.st.stm32cube.ide.mcu.externaltools.gnu-tools-for-stm32.11.3.rel1.win32_1.1.1.202309131626/tools/bin/../lib/gcc/arm-none-eabi/11.3.1/thumb/v7e-m+fp/hard/crtbegin.o
LOAD E:/Software/STM32CubeIDE_1.11.0/STM32CubeIDE/plugins/com.st.stm32cube.ide.mcu.externaltools.gnu-tools-for-stm32.11.3.rel1.win32_1.1.1.202309131626/tools/bin/../lib/gcc/arm-none-eabi/11.3.1/../../../../arm-none-eabi/lib/thumb/v7e-m+fp/hard/crt0.o
LOAD ./Core/Src/App_Task.o
LOAD ./Core/Src/main.o
LOAD ./Core/Src/stm32f4xx_hal_msp.o
LOAD ./Core/Src/stm32f4xx_it.o
LOAD ./Core/Src/syscalls.o
LOAD ./Core/Src/sysmem.o
LOAD ./Core/Src/system_stm32f4xx.o
LOAD ./Core/Startup/startup_stm32f429zitx.o
LOAD ./Drivers/STM32F4xx_HAL_Driver/Src/stm32f4xx_hal.o
LOAD ./Drivers/STM32F4xx_HAL_Driver/Src/stm32f4xx_hal_cortex.o
LOAD ./Drivers/STM32F4xx_HAL_Driver/Src/stm32f4xx_hal_dma.o
LOAD ./Drivers/STM32F4xx_HAL_Driver/Src/stm32f4xx_hal_dma_ex.o
LOAD ./Drivers/STM32F4xx_HAL_Driver/Src/stm32f4xx_hal_exti.o
LOAD ./Drivers/STM32F4xx_HAL_Driver/Src/stm32f4xx_hal_flash.o
LOAD ./Drivers/STM32F4xx_HAL_Driver/Src/stm32f4xx_hal_flash_ex.o
LOAD ./Drivers/STM32F4xx_HAL_Driver/Src/stm32f4xx_hal_flash_ramfunc.o
LOAD ./Drivers/STM32F4xx_HAL_Driver/Src/stm32f4xx_hal_gpio.o
LOAD ./Drivers/STM32F4xx_HAL_Driver/Src/stm32f4xx_hal_pwr.o
LOAD ./Drivers/STM32F4xx_HAL_Driver/Src/stm32f4xx_hal_pwr_ex.o
LOAD ./Drivers/STM32F4xx_HAL_Driver/Src/stm32f4xx_hal_rcc.o
LOAD ./Drivers/STM32F4xx_HAL_Driver/Src/stm32f4xx_hal_rcc_ex.o
LOAD ./Drivers/STM32F4xx_HAL_Driver/Src/stm32f4xx_hal_tim.o
LOAD ./Drivers/STM32F4xx_HAL_Driver/Src/stm32f4xx_hal_tim_ex.o
LOAD ./Drivers/STM32F4xx_HAL_Driver/Src/stm32f4xx_hal_uart.o
LOAD ./Third_Party/FREERTOS/org/Source/croutine.o
LOAD ./Third_Party/FREERTOS/org/Source/event_groups.o
LOAD ./Third_Party/FREERTOS/org/Source/list.o
LOAD ./Third_Party/FREERTOS/org/Source/queue.o
LOAD ./Third_Party/FREERTOS/org/Source/stream_buffer.o
LOAD ./Third_Party/FREERTOS/org/Source/tasks.o
LOAD ./Third_Party/FREERTOS/org/Source/timers.o
LOAD ./Third_Party/FREERTOS/org/Source/portable/GCC/ARM_CM4F/port.o
LOAD ./Third_Party/FREERTOS/org/Source/portable/MemMang/heap_4.o
LOAD ./Third_Party/SEGGER/Config/SEGGER_SYSVIEW_Config_FreeRTOS.o
LOAD ./Third_Party/SEGGER/Segger/SEGGER_RTT.o
LOAD ./Third_Party/SEGGER/Segger/SEGGER_SYSVIEW.o
LOAD ./Third_Party/SEGGER/os/SEGGER_SYSVIEW_FreeRTOS.o
START GROUP
LOAD E:/Software/STM32CubeIDE_1.11.0/STM32CubeIDE/plugins/com.st.stm32cube.ide.mcu.externaltools.gnu-tools-for-stm32.11.3.rel1.win32_1.1.1.202309131626/tools/bin/../lib/gcc/arm-none-eabi/11.3.1/../../../../arm-none-eabi/lib/thumb/v7e-m+fp/hard\libc_nano.a
LOAD E:/Software/STM32CubeIDE_1.11.0/STM32CubeIDE/plugins/com.st.stm32cube.ide.mcu.externaltools.gnu-tools-for-stm32.11.3.rel1.win32_1.1.1.202309131626/tools/bin/../lib/gcc/arm-none-eabi/11.3.1/../../../../arm-none-eabi/lib/thumb/v7e-m+fp/hard\libm.a
END GROUP
START GROUP
LOAD E:/Software/STM32CubeIDE_1.11.0/STM32CubeIDE/plugins/com.st.stm32cube.ide.mcu.externaltools.gnu-tools-for-stm32.11.3.rel1.win32_1.1.1.202309131626/tools/bin/../lib/gcc/arm-none-eabi/11.3.1/thumb/v7e-m+fp/hard\libgcc.a
LOAD E:/Software/STM32CubeIDE_1.11.0/STM32CubeIDE/plugins/com.st.stm32cube.ide.mcu.externaltools.gnu-tools-for-stm32.11.3.rel1.win32_1.1.1.202309131626/tools/bin/../lib/gcc/arm-none-eabi/11.3.1/../../../../arm-none-eabi/lib/thumb/v7e-m+fp/hard\libc_nano.a
END GROUP
START GROUP
LOAD E:/Software/STM32CubeIDE_1.11.0/STM32CubeIDE/plugins/com.st.stm32cube.ide.mcu.externaltools.gnu-tools-for-stm32.11.3.rel1.win32_1.1.1.202309131626/tools/bin/../lib/gcc/arm-none-eabi/11.3.1/thumb/v7e-m+fp/hard\libgcc.a
LOAD E:/Software/STM32CubeIDE_1.11.0/STM32CubeIDE/plugins/com.st.stm32cube.ide.mcu.externaltools.gnu-tools-for-stm32.11.3.rel1.win32_1.1.1.202309131626/tools/bin/../lib/gcc/arm-none-eabi/11.3.1/../../../../arm-none-eabi/lib/thumb/v7e-m+fp/hard\libc_nano.a
LOAD E:/Software/STM32CubeIDE_1.11.0/STM32CubeIDE/plugins/com.st.stm32cube.ide.mcu.externaltools.gnu-tools-for-stm32.11.3.rel1.win32_1.1.1.202309131626/tools/bin/../lib/gcc/arm-none-eabi/11.3.1/../../../../arm-none-eabi/lib/thumb/v7e-m+fp/hard\libnosys.a
END GROUP
START GROUP
LOAD E:/Software/STM32CubeIDE_1.11.0/STM32CubeIDE/plugins/com.st.stm32cube.ide.mcu.externaltools.gnu-tools-for-stm32.11.3.rel1.win32_1.1.1.202309131626/tools/bin/../lib/gcc/arm-none-eabi/11.3.1/thumb/v7e-m+fp/hard\libgcc.a
LOAD E:/Software/STM32CubeIDE_1.11.0/STM32CubeIDE/plugins/com.st.stm32cube.ide.mcu.externaltools.gnu-tools-for-stm32.11.3.rel1.win32_1.1.1.202309131626/tools/bin/../lib/gcc/arm-none-eabi/11.3.1/../../../../arm-none-eabi/lib/thumb/v7e-m+fp/hard\libc_nano.a
LOAD E:/Software/STM32CubeIDE_1.11.0/STM32CubeIDE/plugins/com.st.stm32cube.ide.mcu.externaltools.gnu-tools-for-stm32.11.3.rel1.win32_1.1.1.202309131626/tools/bin/../lib/gcc/arm-none-eabi/11.3.1/../../../../arm-none-eabi/lib/thumb/v7e-m+fp/hard\libnosys.a
END GROUP
LOAD E:/Software/STM32CubeIDE_1.11.0/STM32CubeIDE/plugins/com.st.stm32cube.ide.mcu.externaltools.gnu-tools-for-stm32.11.3.rel1.win32_1.1.1.202309131626/tools/bin/../lib/gcc/arm-none-eabi/11.3.1/thumb/v7e-m+fp/hard/crtend.o
LOAD E:/Software/STM32CubeIDE_1.11.0/STM32CubeIDE/plugins/com.st.stm32cube.ide.mcu.externaltools.gnu-tools-for-stm32.11.3.rel1.win32_1.1.1.202309131626/tools/bin/../lib/gcc/arm-none-eabi/11.3.1/thumb/v7e-m+fp/hard/crtn.o
                0x0000000020030000                _estack = (ORIGIN (RAM) + LENGTH (RAM))
                0x0000000000000200                _Min_Heap_Size = 0x200
                0x0000000000000400                _Min_Stack_Size = 0x400

.isr_vector     0x0000000008000000      0x1ac
                0x0000000008000000                . = ALIGN (0x4)
 *(.isr_vector)
 .isr_vector    0x0000000008000000      0x1ac ./Core/Startup/startup_stm32f429zitx.o
                0x0000000008000000                g_pfnVectors
                0x00000000080001ac                . = ALIGN (0x4)

.text           0x00000000080001b0     0x5d98
                0x00000000080001b0                . = ALIGN (0x4)
 *(.text)
 .text          0x00000000080001b0       0x40 E:/Software/STM32CubeIDE_1.11.0/STM32CubeIDE/plugins/com.st.stm32cube.ide.mcu.externaltools.gnu-tools-for-stm32.11.3.rel1.win32_1.1.1.202309131626/tools/bin/../lib/gcc/arm-none-eabi/11.3.1/thumb/v7e-m+fp/hard/crtbegin.o
 .text          0x00000000080001f0       0x30 E:/Software/STM32CubeIDE_1.11.0/STM32CubeIDE/plugins/com.st.stm32cube.ide.mcu.externaltools.gnu-tools-for-stm32.11.3.rel1.win32_1.1.1.202309131626/tools/bin/../lib/gcc/arm-none-eabi/11.3.1/thumb/v7e-m+fp/hard\libgcc.a(_aeabi_uldivmod.o)
                0x00000000080001f0                __aeabi_uldivmod
 .text          0x0000000008000220      0x2c8 E:/Software/STM32CubeIDE_1.11.0/STM32CubeIDE/plugins/com.st.stm32cube.ide.mcu.externaltools.gnu-tools-for-stm32.11.3.rel1.win32_1.1.1.202309131626/tools/bin/../lib/gcc/arm-none-eabi/11.3.1/thumb/v7e-m+fp/hard\libgcc.a(_udivmoddi4.o)
                0x0000000008000220                __udivmoddi4
 .text          0x00000000080004e8        0x4 E:/Software/STM32CubeIDE_1.11.0/STM32CubeIDE/plugins/com.st.stm32cube.ide.mcu.externaltools.gnu-tools-for-stm32.11.3.rel1.win32_1.1.1.202309131626/tools/bin/../lib/gcc/arm-none-eabi/11.3.1/thumb/v7e-m+fp/hard\libgcc.a(_dvmd_tls.o)
                0x00000000080004e8                __aeabi_idiv0
                0x00000000080004e8                __aeabi_ldiv0
 *(.text*)
 .text.Task1_Handler
                0x00000000080004ec       0x34 ./Core/Src/App_Task.o
                0x00000000080004ec                Task1_Handler
 .text.Task2_Handler
                0x0000000008000520       0x30 ./Core/Src/App_Task.o
                0x0000000008000520                Task2_Handler
 .text.main     0x0000000008000550       0x74 ./Core/Src/main.o
                0x0000000008000550                main
 .text.MX_USART1_UART_Init
                0x00000000080005c4       0x54 ./Core/Src/main.o
 .text.MX_GPIO_Init
                0x0000000008000618       0x88 ./Core/Src/main.o
 .text.vApplicationIdleHook
                0x00000000080006a0       0x1c ./Core/Src/main.o
                0x00000000080006a0                vApplicationIdleHook
 .text.Error_Handler
                0x00000000080006bc        0xa ./Core/Src/main.o
                0x00000000080006bc                Error_Handler
 *fill*         0x00000000080006c6        0x2 
 .text.HAL_UART_MspInit
                0x00000000080006c8       0x90 ./Core/Src/stm32f4xx_hal_msp.o
                0x00000000080006c8                HAL_UART_MspInit
 .text.NMI_Handler
                0x0000000008000758        0x6 ./Core/Src/stm32f4xx_it.o
                0x0000000008000758                NMI_Handler
 .text.HardFault_Handler
                0x000000000800075e        0x6 ./Core/Src/stm32f4xx_it.o
                0x000000000800075e                HardFault_Handler
 .text.MemManage_Handler
                0x0000000008000764        0x6 ./Core/Src/stm32f4xx_it.o
                0x0000000008000764                MemManage_Handler
 .text.BusFault_Handler
                0x000000000800076a        0x6 ./Core/Src/stm32f4xx_it.o
                0x000000000800076a                BusFault_Handler
 .text.UsageFault_Handler
                0x0000000008000770        0x6 ./Core/Src/stm32f4xx_it.o
                0x0000000008000770                UsageFault_Handler
 .text.DebugMon_Handler
                0x0000000008000776        0xe ./Core/Src/stm32f4xx_it.o
                0x0000000008000776                DebugMon_Handler
 .text.TIM6_DAC_IRQHandler
                0x0000000008000784       0x14 ./Core/Src/stm32f4xx_it.o
                0x0000000008000784                TIM6_DAC_IRQHandler
 .text.SystemInit
                0x0000000008000798       0x24 ./Core/Src/system_stm32f4xx.o
                0x0000000008000798                SystemInit
 .text.SystemCoreClockUpdate
                0x00000000080007bc      0x100 ./Core/Src/system_stm32f4xx.o
                0x00000000080007bc                SystemCoreClockUpdate
 .text.Reset_Handler
                0x00000000080008bc       0x50 ./Core/Startup/startup_stm32f429zitx.o
                0x00000000080008bc                Reset_Handler
 .text.Default_Handler
                0x000000000800090c        0x2 ./Core/Startup/startup_stm32f429zitx.o
                0x000000000800090c                RTC_Alarm_IRQHandler
                0x000000000800090c                HASH_RNG_IRQHandler
                0x000000000800090c                EXTI2_IRQHandler
                0x000000000800090c                TIM8_CC_IRQHandler
                0x000000000800090c                UART8_IRQHandler
                0x000000000800090c                SPI4_IRQHandler
                0x000000000800090c                TIM1_CC_IRQHandler
                0x000000000800090c                DMA2_Stream5_IRQHandler
                0x000000000800090c                DMA1_Stream5_IRQHandler
                0x000000000800090c                PVD_IRQHandler
                0x000000000800090c                SDIO_IRQHandler
                0x000000000800090c                TAMP_STAMP_IRQHandler
                0x000000000800090c                CAN2_RX1_IRQHandler
                0x000000000800090c                EXTI3_IRQHandler
                0x000000000800090c                TIM8_TRG_COM_TIM14_IRQHandler
                0x000000000800090c                TIM1_UP_TIM10_IRQHandler
                0x000000000800090c                TIM8_UP_TIM13_IRQHandler
                0x000000000800090c                I2C3_ER_IRQHandler
                0x000000000800090c                EXTI0_IRQHandler
                0x000000000800090c                I2C2_EV_IRQHandler
                0x000000000800090c                DMA1_Stream2_IRQHandler
                0x000000000800090c                CAN1_RX0_IRQHandler
                0x000000000800090c                FPU_IRQHandler
                0x000000000800090c                OTG_HS_WKUP_IRQHandler
                0x000000000800090c                LTDC_ER_IRQHandler
                0x000000000800090c                CAN2_SCE_IRQHandler
                0x000000000800090c                DMA2_Stream2_IRQHandler
                0x000000000800090c                SPI1_IRQHandler
                0x000000000800090c                TIM1_BRK_TIM9_IRQHandler
                0x000000000800090c                DCMI_IRQHandler
                0x000000000800090c                CAN2_RX0_IRQHandler
                0x000000000800090c                DMA2_Stream3_IRQHandler
                0x000000000800090c                USART6_IRQHandler
                0x000000000800090c                USART3_IRQHandler
                0x000000000800090c                CAN1_RX1_IRQHandler
                0x000000000800090c                UART5_IRQHandler
                0x000000000800090c                DMA2_Stream0_IRQHandler
                0x000000000800090c                TIM4_IRQHandler
                0x000000000800090c                I2C1_EV_IRQHandler
                0x000000000800090c                DMA1_Stream6_IRQHandler
                0x000000000800090c                DMA1_Stream1_IRQHandler
                0x000000000800090c                UART4_IRQHandler
                0x000000000800090c                TIM3_IRQHandler
                0x000000000800090c                RCC_IRQHandler
                0x000000000800090c                TIM8_BRK_TIM12_IRQHandler
                0x000000000800090c                Default_Handler
                0x000000000800090c                EXTI15_10_IRQHandler
                0x000000000800090c                ADC_IRQHandler
                0x000000000800090c                DMA1_Stream7_IRQHandler
                0x000000000800090c                SPI5_IRQHandler
                0x000000000800090c                TIM7_IRQHandler
                0x000000000800090c                CAN2_TX_IRQHandler
                0x000000000800090c                TIM5_IRQHandler
                0x000000000800090c                DMA2_Stream7_IRQHandler
                0x000000000800090c                I2C3_EV_IRQHandler
                0x000000000800090c                EXTI9_5_IRQHandler
                0x000000000800090c                RTC_WKUP_IRQHandler
                0x000000000800090c                LTDC_IRQHandler
                0x000000000800090c                ETH_WKUP_IRQHandler
                0x000000000800090c                SPI2_IRQHandler
                0x000000000800090c                OTG_HS_EP1_IN_IRQHandler
                0x000000000800090c                DMA1_Stream0_IRQHandler
                0x000000000800090c                CAN1_TX_IRQHandler
                0x000000000800090c                EXTI4_IRQHandler
                0x000000000800090c                ETH_IRQHandler
                0x000000000800090c                OTG_HS_EP1_OUT_IRQHandler
                0x000000000800090c                WWDG_IRQHandler
                0x000000000800090c                SPI6_IRQHandler
                0x000000000800090c                TIM2_IRQHandler
                0x000000000800090c                OTG_FS_WKUP_IRQHandler
                0x000000000800090c                TIM1_TRG_COM_TIM11_IRQHandler
                0x000000000800090c                OTG_HS_IRQHandler
                0x000000000800090c                DMA2D_IRQHandler
                0x000000000800090c                EXTI1_IRQHandler
                0x000000000800090c                UART7_IRQHandler
                0x000000000800090c                USART2_IRQHandler
                0x000000000800090c                I2C2_ER_IRQHandler
                0x000000000800090c                DMA2_Stream1_IRQHandler
                0x000000000800090c                CAN1_SCE_IRQHandler
                0x000000000800090c                FLASH_IRQHandler
                0x000000000800090c                DMA2_Stream4_IRQHandler
                0x000000000800090c                USART1_IRQHandler
                0x000000000800090c                OTG_FS_IRQHandler
                0x000000000800090c                SPI3_IRQHandler
                0x000000000800090c                DMA1_Stream4_IRQHandler
                0x000000000800090c                I2C1_ER_IRQHandler
                0x000000000800090c                FMC_IRQHandler
                0x000000000800090c                DMA2_Stream6_IRQHandler
                0x000000000800090c                SAI1_IRQHandler
                0x000000000800090c                DMA1_Stream3_IRQHandler
 *fill*         0x000000000800090e        0x2 
 .text.HAL_InitTick
                0x0000000008000910       0x60 ./Drivers/STM32F4xx_HAL_Driver/Src/stm32f4xx_hal.o
                0x0000000008000910                HAL_InitTick
 .text.HAL_GetTick
                0x0000000008000970       0x18 ./Drivers/STM32F4xx_HAL_Driver/Src/stm32f4xx_hal.o
                0x0000000008000970                HAL_GetTick
 .text.__NVIC_GetPriorityGrouping
                0x0000000008000988       0x1c ./Drivers/STM32F4xx_HAL_Driver/Src/stm32f4xx_hal_cortex.o
 .text.__NVIC_SetPriority
                0x00000000080009a4       0x54 ./Drivers/STM32F4xx_HAL_Driver/Src/stm32f4xx_hal_cortex.o
 .text.NVIC_EncodePriority
                0x00000000080009f8       0x66 ./Drivers/STM32F4xx_HAL_Driver/Src/stm32f4xx_hal_cortex.o
 *fill*         0x0000000008000a5e        0x2 
 .text.SysTick_Config
                0x0000000008000a60       0x44 ./Drivers/STM32F4xx_HAL_Driver/Src/stm32f4xx_hal_cortex.o
 .text.HAL_NVIC_SetPriority
                0x0000000008000aa4       0x38 ./Drivers/STM32F4xx_HAL_Driver/Src/stm32f4xx_hal_cortex.o
                0x0000000008000aa4                HAL_NVIC_SetPriority
 .text.HAL_SYSTICK_Config
                0x0000000008000adc       0x18 ./Drivers/STM32F4xx_HAL_Driver/Src/stm32f4xx_hal_cortex.o
                0x0000000008000adc                HAL_SYSTICK_Config
 .text.HAL_GPIO_Init
                0x0000000008000af4      0x358 ./Drivers/STM32F4xx_HAL_Driver/Src/stm32f4xx_hal_gpio.o
                0x0000000008000af4                HAL_GPIO_Init
 .text.HAL_GPIO_WritePin
                0x0000000008000e4c       0x32 ./Drivers/STM32F4xx_HAL_Driver/Src/stm32f4xx_hal_gpio.o
                0x0000000008000e4c                HAL_GPIO_WritePin
 .text.HAL_GPIO_TogglePin
                0x0000000008000e7e       0x34 ./Drivers/STM32F4xx_HAL_Driver/Src/stm32f4xx_hal_gpio.o
                0x0000000008000e7e                HAL_GPIO_TogglePin
 *fill*         0x0000000008000eb2        0x2 
 .text.HAL_RCC_GetHCLKFreq
                0x0000000008000eb4       0x18 ./Drivers/STM32F4xx_HAL_Driver/Src/stm32f4xx_hal_rcc.o
                0x0000000008000eb4                HAL_RCC_GetHCLKFreq
 .text.HAL_RCC_GetPCLK1Freq
                0x0000000008000ecc       0x28 ./Drivers/STM32F4xx_HAL_Driver/Src/stm32f4xx_hal_rcc.o
                0x0000000008000ecc                HAL_RCC_GetPCLK1Freq
 .text.HAL_RCC_GetPCLK2Freq
                0x0000000008000ef4       0x28 ./Drivers/STM32F4xx_HAL_Driver/Src/stm32f4xx_hal_rcc.o
                0x0000000008000ef4                HAL_RCC_GetPCLK2Freq
 .text.HAL_RCC_DeInit
                0x0000000008000f1c      0x1f0 ./Drivers/STM32F4xx_HAL_Driver/Src/stm32f4xx_hal_rcc_ex.o
                0x0000000008000f1c                HAL_RCC_DeInit
 .text.HAL_TIM_IRQHandler
                0x000000000800110c      0x210 ./Drivers/STM32F4xx_HAL_Driver/Src/stm32f4xx_hal_tim.o
                0x000000000800110c                HAL_TIM_IRQHandler
 .text.HAL_TIM_PeriodElapsedCallback
                0x000000000800131c       0x14 ./Drivers/STM32F4xx_HAL_Driver/Src/stm32f4xx_hal_tim.o
                0x000000000800131c                HAL_TIM_PeriodElapsedCallback
 .text.HAL_TIM_OC_DelayElapsedCallback
                0x0000000008001330       0x14 ./Drivers/STM32F4xx_HAL_Driver/Src/stm32f4xx_hal_tim.o
                0x0000000008001330                HAL_TIM_OC_DelayElapsedCallback
 .text.HAL_TIM_IC_CaptureCallback
                0x0000000008001344       0x14 ./Drivers/STM32F4xx_HAL_Driver/Src/stm32f4xx_hal_tim.o
                0x0000000008001344                HAL_TIM_IC_CaptureCallback
 .text.HAL_TIM_PWM_PulseFinishedCallback
                0x0000000008001358       0x14 ./Drivers/STM32F4xx_HAL_Driver/Src/stm32f4xx_hal_tim.o
                0x0000000008001358                HAL_TIM_PWM_PulseFinishedCallback
 .text.HAL_TIM_TriggerCallback
                0x000000000800136c       0x14 ./Drivers/STM32F4xx_HAL_Driver/Src/stm32f4xx_hal_tim.o
                0x000000000800136c                HAL_TIM_TriggerCallback
 .text.HAL_TIMEx_CommutCallback
                0x0000000008001380       0x14 ./Drivers/STM32F4xx_HAL_Driver/Src/stm32f4xx_hal_tim_ex.o
                0x0000000008001380                HAL_TIMEx_CommutCallback
 .text.HAL_TIMEx_BreakCallback
                0x0000000008001394       0x14 ./Drivers/STM32F4xx_HAL_Driver/Src/stm32f4xx_hal_tim_ex.o
                0x0000000008001394                HAL_TIMEx_BreakCallback
 .text.HAL_UART_Init
                0x00000000080013a8       0x9a ./Drivers/STM32F4xx_HAL_Driver/Src/stm32f4xx_hal_uart.o
                0x00000000080013a8                HAL_UART_Init
 *fill*         0x0000000008001442        0x2 
 .text.UART_SetConfig
                0x0000000008001444      0x4e8 ./Drivers/STM32F4xx_HAL_Driver/Src/stm32f4xx_hal_uart.o
 .text.vListInitialise
                0x000000000800192c       0x40 ./Third_Party/FREERTOS/org/Source/list.o
                0x000000000800192c                vListInitialise
 .text.vListInitialiseItem
                0x000000000800196c       0x1a ./Third_Party/FREERTOS/org/Source/list.o
                0x000000000800196c                vListInitialiseItem
 .text.vListInsertEnd
                0x0000000008001986       0x48 ./Third_Party/FREERTOS/org/Source/list.o
                0x0000000008001986                vListInsertEnd
 .text.vListInsert
                0x00000000080019ce       0x72 ./Third_Party/FREERTOS/org/Source/list.o
                0x00000000080019ce                vListInsert
 .text.uxListRemove
                0x0000000008001a40       0x54 ./Third_Party/FREERTOS/org/Source/list.o
                0x0000000008001a40                uxListRemove
 .text.xQueueGenericReset
                0x0000000008001a94       0xd0 ./Third_Party/FREERTOS/org/Source/queue.o
                0x0000000008001a94                xQueueGenericReset
 .text.xQueueGenericCreate
                0x0000000008001b64       0x74 ./Third_Party/FREERTOS/org/Source/queue.o
                0x0000000008001b64                xQueueGenericCreate
 .text.prvInitialiseNewQueue
                0x0000000008001bd8       0x58 ./Third_Party/FREERTOS/org/Source/queue.o
 .text.xQueueGenericSend
                0x0000000008001c30      0x270 ./Third_Party/FREERTOS/org/Source/queue.o
                0x0000000008001c30                xQueueGenericSend
 .text.xQueueGenericSendFromISR
                0x0000000008001ea0      0x17c ./Third_Party/FREERTOS/org/Source/queue.o
                0x0000000008001ea0                xQueueGenericSendFromISR
 .text.xQueueReceive
                0x000000000800201c      0x220 ./Third_Party/FREERTOS/org/Source/queue.o
                0x000000000800201c                xQueueReceive
 .text.prvCopyDataToQueue
                0x000000000800223c       0xd4 ./Third_Party/FREERTOS/org/Source/queue.o
 .text.prvCopyDataFromQueue
                0x0000000008002310       0x4c ./Third_Party/FREERTOS/org/Source/queue.o
 .text.prvUnlockQueue
                0x000000000800235c       0xc0 ./Third_Party/FREERTOS/org/Source/queue.o
 .text.prvIsQueueEmpty
                0x000000000800241c       0x2c ./Third_Party/FREERTOS/org/Source/queue.o
 .text.prvIsQueueFull
                0x0000000008002448       0x30 ./Third_Party/FREERTOS/org/Source/queue.o
 .text.vQueueAddToRegistry
                0x0000000008002478       0x64 ./Third_Party/FREERTOS/org/Source/queue.o
                0x0000000008002478                vQueueAddToRegistry
 .text.vQueueWaitForMessageRestricted
                0x00000000080024dc       0x68 ./Third_Party/FREERTOS/org/Source/queue.o
                0x00000000080024dc                vQueueWaitForMessageRestricted
 .text.prvNotifyQueueSetContainer
                0x0000000008002544       0xcc ./Third_Party/FREERTOS/org/Source/queue.o
 .text.xTaskCreate
                0x0000000008002610       0x82 ./Third_Party/FREERTOS/org/Source/tasks.o
                0x0000000008002610                xTaskCreate
 .text.prvInitialiseNewTask
                0x0000000008002692      0x10e ./Third_Party/FREERTOS/org/Source/tasks.o
 .text.prvAddNewTaskToReadyList
                0x00000000080027a0      0x118 ./Third_Party/FREERTOS/org/Source/tasks.o
 .text.vTaskDelay
                0x00000000080028b8       0x70 ./Third_Party/FREERTOS/org/Source/tasks.o
                0x00000000080028b8                vTaskDelay
 .text.uxTaskPriorityGet
                0x0000000008002928       0x34 ./Third_Party/FREERTOS/org/Source/tasks.o
                0x0000000008002928                uxTaskPriorityGet
 .text.vTaskStartScheduler
                0x000000000800295c       0x9c ./Third_Party/FREERTOS/org/Source/tasks.o
                0x000000000800295c                vTaskStartScheduler
 .text.vTaskSuspendAll
                0x00000000080029f8       0x1c ./Third_Party/FREERTOS/org/Source/tasks.o
                0x00000000080029f8                vTaskSuspendAll
 .text.xTaskResumeAll
                0x0000000008002a14      0x140 ./Third_Party/FREERTOS/org/Source/tasks.o
                0x0000000008002a14                xTaskResumeAll
 .text.xTaskGetTickCount
                0x0000000008002b54       0x20 ./Third_Party/FREERTOS/org/Source/tasks.o
                0x0000000008002b54                xTaskGetTickCount
 .text.xTaskGetTickCountFromISR
                0x0000000008002b74       0x24 ./Third_Party/FREERTOS/org/Source/tasks.o
                0x0000000008002b74                xTaskGetTickCountFromISR
 .text.xTaskIncrementTick
                0x0000000008002b98      0x184 ./Third_Party/FREERTOS/org/Source/tasks.o
                0x0000000008002b98                xTaskIncrementTick
 .text.vTaskSwitchContext
                0x0000000008002d1c       0xd4 ./Third_Party/FREERTOS/org/Source/tasks.o
                0x0000000008002d1c                vTaskSwitchContext
 .text.vTaskPlaceOnEventList
                0x0000000008002df0       0x48 ./Third_Party/FREERTOS/org/Source/tasks.o
                0x0000000008002df0                vTaskPlaceOnEventList
 .text.vTaskPlaceOnEventListRestricted
                0x0000000008002e38       0x5c ./Third_Party/FREERTOS/org/Source/tasks.o
                0x0000000008002e38                vTaskPlaceOnEventListRestricted
 .text.xTaskRemoveFromEventList
                0x0000000008002e94       0xcc ./Third_Party/FREERTOS/org/Source/tasks.o
                0x0000000008002e94                xTaskRemoveFromEventList
 .text.vTaskInternalSetTimeOutState
                0x0000000008002f60       0x2c ./Third_Party/FREERTOS/org/Source/tasks.o
                0x0000000008002f60                vTaskInternalSetTimeOutState
 .text.xTaskCheckForTimeOut
                0x0000000008002f8c       0xc4 ./Third_Party/FREERTOS/org/Source/tasks.o
                0x0000000008002f8c                xTaskCheckForTimeOut
 .text.vTaskMissedYield
                0x0000000008003050       0x18 ./Third_Party/FREERTOS/org/Source/tasks.o
                0x0000000008003050                vTaskMissedYield
 .text.prvIdleTask
                0x0000000008003068       0x34 ./Third_Party/FREERTOS/org/Source/tasks.o
 .text.prvInitialiseTaskLists
                0x000000000800309c       0x80 ./Third_Party/FREERTOS/org/Source/tasks.o
 .text.prvCheckTasksWaitingTermination
                0x000000000800311c       0x5c ./Third_Party/FREERTOS/org/Source/tasks.o
 .text.prvDeleteTCB
                0x0000000008003178       0x20 ./Third_Party/FREERTOS/org/Source/tasks.o
 .text.prvResetNextTaskUnblockTime
                0x0000000008003198       0x4c ./Third_Party/FREERTOS/org/Source/tasks.o
 .text.xTaskGetSchedulerState
                0x00000000080031e4       0x3c ./Third_Party/FREERTOS/org/Source/tasks.o
                0x00000000080031e4                xTaskGetSchedulerState
 .text.xTaskPriorityDisinherit
                0x0000000008003220      0x114 ./Third_Party/FREERTOS/org/Source/tasks.o
                0x0000000008003220                xTaskPriorityDisinherit
 .text.prvAddCurrentTaskToDelayedList
                0x0000000008003334       0xf0 ./Third_Party/FREERTOS/org/Source/tasks.o
 .text.xTimerCreateTimerTask
                0x0000000008003424       0x64 ./Third_Party/FREERTOS/org/Source/timers.o
                0x0000000008003424                xTimerCreateTimerTask
 .text.xTimerGenericCommand
                0x0000000008003488       0x9c ./Third_Party/FREERTOS/org/Source/timers.o
                0x0000000008003488                xTimerGenericCommand
 .text.prvProcessExpiredTimer
                0x0000000008003524       0x80 ./Third_Party/FREERTOS/org/Source/timers.o
 .text.prvTimerTask
                0x00000000080035a4       0x24 ./Third_Party/FREERTOS/org/Source/timers.o
 .text.prvProcessTimerOrBlockTask
                0x00000000080035c8       0x9c ./Third_Party/FREERTOS/org/Source/timers.o
 .text.prvGetNextExpireTime
                0x0000000008003664       0x48 ./Third_Party/FREERTOS/org/Source/timers.o
 .text.prvSampleTimeNow
                0x00000000080036ac       0x40 ./Third_Party/FREERTOS/org/Source/timers.o
 .text.prvInsertTimerInActiveList
                0x00000000080036ec       0x84 ./Third_Party/FREERTOS/org/Source/timers.o
 .text.prvProcessReceivedCommands
                0x0000000008003770      0x128 ./Third_Party/FREERTOS/org/Source/timers.o
 .text.prvSwitchTimerLists
                0x0000000008003898       0xc4 ./Third_Party/FREERTOS/org/Source/timers.o
 .text.prvCheckForValidListAndQueue
                0x000000000800395c       0x6c ./Third_Party/FREERTOS/org/Source/timers.o
 .text.pxPortInitialiseStack
                0x00000000080039c8       0x68 ./Third_Party/FREERTOS/org/Source/portable/GCC/ARM_CM4F/port.o
                0x00000000080039c8                pxPortInitialiseStack
 .text.prvTaskExitError
                0x0000000008003a30       0x58 ./Third_Party/FREERTOS/org/Source/portable/GCC/ARM_CM4F/port.o
 *fill*         0x0000000008003a88        0x8 
 .text.SVC_Handler
                0x0000000008003a90       0x28 ./Third_Party/FREERTOS/org/Source/portable/GCC/ARM_CM4F/port.o
                0x0000000008003a90                SVC_Handler
 .text.prvPortStartFirstTask
                0x0000000008003ab8       0x28 ./Third_Party/FREERTOS/org/Source/portable/GCC/ARM_CM4F/port.o
 .text.xPortStartScheduler
                0x0000000008003ae0      0x144 ./Third_Party/FREERTOS/org/Source/portable/GCC/ARM_CM4F/port.o
                0x0000000008003ae0                xPortStartScheduler
 .text.vPortEnterCritical
                0x0000000008003c24       0x60 ./Third_Party/FREERTOS/org/Source/portable/GCC/ARM_CM4F/port.o
                0x0000000008003c24                vPortEnterCritical
 .text.vPortExitCritical
                0x0000000008003c84       0x54 ./Third_Party/FREERTOS/org/Source/portable/GCC/ARM_CM4F/port.o
                0x0000000008003c84                vPortExitCritical
 *fill*         0x0000000008003cd8        0x8 
 .text.PendSV_Handler
                0x0000000008003ce0       0x68 ./Third_Party/FREERTOS/org/Source/portable/GCC/ARM_CM4F/port.o
                0x0000000008003ce0                PendSV_Handler
 .text.SysTick_Handler
                0x0000000008003d48       0x54 ./Third_Party/FREERTOS/org/Source/portable/GCC/ARM_CM4F/port.o
                0x0000000008003d48                SysTick_Handler
 .text.vPortSetupTimerInterrupt
                0x0000000008003d9c       0x48 ./Third_Party/FREERTOS/org/Source/portable/GCC/ARM_CM4F/port.o
                0x0000000008003d9c                vPortSetupTimerInterrupt
 .text.vPortEnableVFP
                0x0000000008003de4       0x14 ./Third_Party/FREERTOS/org/Source/portable/GCC/ARM_CM4F/port.o
 .text.vPortValidateInterruptPriority
                0x0000000008003df8       0x80 ./Third_Party/FREERTOS/org/Source/portable/GCC/ARM_CM4F/port.o
                0x0000000008003df8                vPortValidateInterruptPriority
 .text.pvPortMalloc
                0x0000000008003e78      0x188 ./Third_Party/FREERTOS/org/Source/portable/MemMang/heap_4.o
                0x0000000008003e78                pvPortMalloc
 .text.vPortFree
                0x0000000008004000       0xb4 ./Third_Party/FREERTOS/org/Source/portable/MemMang/heap_4.o
                0x0000000008004000                vPortFree
 .text.prvHeapInit
                0x00000000080040b4       0xc4 ./Third_Party/FREERTOS/org/Source/portable/MemMang/heap_4.o
 .text.prvInsertBlockIntoFreeList
                0x0000000008004178       0xb4 ./Third_Party/FREERTOS/org/Source/portable/MemMang/heap_4.o
 .text._cbSendSystemDesc
                0x000000000800422c       0x1c ./Third_Party/SEGGER/Config/SEGGER_SYSVIEW_Config_FreeRTOS.o
 .text.SEGGER_SYSVIEW_Conf
                0x0000000008004248       0x2c ./Third_Party/SEGGER/Config/SEGGER_SYSVIEW_Config_FreeRTOS.o
                0x0000000008004248                SEGGER_SYSVIEW_Conf
 .text._DoInit  0x0000000008004274       0xb4 ./Third_Party/SEGGER/Segger/SEGGER_RTT.o
 .text.SEGGER_RTT_ReadNoLock
                0x0000000008004328      0x10c ./Third_Party/SEGGER/Segger/SEGGER_RTT.o
                0x0000000008004328                SEGGER_RTT_ReadNoLock
 .text.SEGGER_RTT_ASM_WriteSkipNoLock
                0x0000000008004434      0x104 ./Third_Party/SEGGER/Segger/SEGGER_RTT.o
                0x0000000008004434                SEGGER_RTT_ASM_WriteSkipNoLock
 .text.SEGGER_RTT_AllocUpBuffer
                0x0000000008004538      0x108 ./Third_Party/SEGGER/Segger/SEGGER_RTT.o
                0x0000000008004538                SEGGER_RTT_AllocUpBuffer
 .text.SEGGER_RTT_ConfigDownBuffer
                0x0000000008004640       0x98 ./Third_Party/SEGGER/Segger/SEGGER_RTT.o
                0x0000000008004640                SEGGER_RTT_ConfigDownBuffer
 .text._EncodeStr
                0x00000000080046d8       0x60 ./Third_Party/SEGGER/Segger/SEGGER_SYSVIEW.o
 .text._PreparePacket
                0x0000000008004738       0x18 ./Third_Party/SEGGER/Segger/SEGGER_SYSVIEW.o
 .text._HandleIncomingPacket
                0x0000000008004750       0xdc ./Third_Party/SEGGER/Segger/SEGGER_SYSVIEW.o
 .text._TrySendOverflowPacket
                0x000000000800482c       0xe4 ./Third_Party/SEGGER/Segger/SEGGER_SYSVIEW.o
 .text._SendPacket
                0x0000000008004910      0x2dc ./Third_Party/SEGGER/Segger/SEGGER_SYSVIEW.o
 .text.SEGGER_SYSVIEW_Init
                0x0000000008004bec       0x88 ./Third_Party/SEGGER/Segger/SEGGER_SYSVIEW.o
                0x0000000008004bec                SEGGER_SYSVIEW_Init
 .text.SEGGER_SYSVIEW_SetRAMBase
                0x0000000008004c74       0x20 ./Third_Party/SEGGER/Segger/SEGGER_SYSVIEW.o
                0x0000000008004c74                SEGGER_SYSVIEW_SetRAMBase
 .text.SEGGER_SYSVIEW_RecordVoid
                0x0000000008004c94       0x3c ./Third_Party/SEGGER/Segger/SEGGER_SYSVIEW.o
                0x0000000008004c94                SEGGER_SYSVIEW_RecordVoid
 .text.SEGGER_SYSVIEW_RecordU32
                0x0000000008004cd0       0x78 ./Third_Party/SEGGER/Segger/SEGGER_SYSVIEW.o
                0x0000000008004cd0                SEGGER_SYSVIEW_RecordU32
 .text.SEGGER_SYSVIEW_RecordU32x2
                0x0000000008004d48       0xb4 ./Third_Party/SEGGER/Segger/SEGGER_SYSVIEW.o
                0x0000000008004d48                SEGGER_SYSVIEW_RecordU32x2
 .text.SEGGER_SYSVIEW_RecordU32x3
                0x0000000008004dfc       0xec ./Third_Party/SEGGER/Segger/SEGGER_SYSVIEW.o
                0x0000000008004dfc                SEGGER_SYSVIEW_RecordU32x3
 .text.SEGGER_SYSVIEW_RecordU32x4
                0x0000000008004ee8      0x124 ./Third_Party/SEGGER/Segger/SEGGER_SYSVIEW.o
                0x0000000008004ee8                SEGGER_SYSVIEW_RecordU32x4
 .text.SEGGER_SYSVIEW_Start
                0x000000000800500c      0x174 ./Third_Party/SEGGER/Segger/SEGGER_SYSVIEW.o
                0x000000000800500c                SEGGER_SYSVIEW_Start
 .text.SEGGER_SYSVIEW_Stop
                0x0000000008005180       0x4c ./Third_Party/SEGGER/Segger/SEGGER_SYSVIEW.o
                0x0000000008005180                SEGGER_SYSVIEW_Stop
 .text.SEGGER_SYSVIEW_GetSysDesc
                0x00000000080051cc      0x134 ./Third_Party/SEGGER/Segger/SEGGER_SYSVIEW.o
                0x00000000080051cc                SEGGER_SYSVIEW_GetSysDesc
 .text.SEGGER_SYSVIEW_SendTaskInfo
                0x0000000008005300      0x1c8 ./Third_Party/SEGGER/Segger/SEGGER_SYSVIEW.o
                0x0000000008005300                SEGGER_SYSVIEW_SendTaskInfo
 .text.SEGGER_SYSVIEW_SendTaskList
                0x00000000080054c8       0x28 ./Third_Party/SEGGER/Segger/SEGGER_SYSVIEW.o
                0x00000000080054c8                SEGGER_SYSVIEW_SendTaskList
 .text.SEGGER_SYSVIEW_SendSysDesc
                0x00000000080054f0       0x48 ./Third_Party/SEGGER/Segger/SEGGER_SYSVIEW.o
                0x00000000080054f0                SEGGER_SYSVIEW_SendSysDesc
 .text.SEGGER_SYSVIEW_RecordSystime
                0x0000000008005538       0x64 ./Third_Party/SEGGER/Segger/SEGGER_SYSVIEW.o
                0x0000000008005538                SEGGER_SYSVIEW_RecordSystime
 .text.SEGGER_SYSVIEW_RecordEnterISR
                0x000000000800559c       0x84 ./Third_Party/SEGGER/Segger/SEGGER_SYSVIEW.o
                0x000000000800559c                SEGGER_SYSVIEW_RecordEnterISR
 .text.SEGGER_SYSVIEW_RecordExitISR
                0x0000000008005620       0x38 ./Third_Party/SEGGER/Segger/SEGGER_SYSVIEW.o
                0x0000000008005620                SEGGER_SYSVIEW_RecordExitISR
 .text.SEGGER_SYSVIEW_RecordExitISRToScheduler
                0x0000000008005658       0x38 ./Third_Party/SEGGER/Segger/SEGGER_SYSVIEW.o
                0x0000000008005658                SEGGER_SYSVIEW_RecordExitISRToScheduler
 .text.SEGGER_SYSVIEW_OnIdle
                0x0000000008005690       0x38 ./Third_Party/SEGGER/Segger/SEGGER_SYSVIEW.o
                0x0000000008005690                SEGGER_SYSVIEW_OnIdle
 .text.SEGGER_SYSVIEW_OnTaskCreate
                0x00000000080056c8       0x84 ./Third_Party/SEGGER/Segger/SEGGER_SYSVIEW.o
                0x00000000080056c8                SEGGER_SYSVIEW_OnTaskCreate
 .text.SEGGER_SYSVIEW_OnTaskStartExec
                0x000000000800574c       0x84 ./Third_Party/SEGGER/Segger/SEGGER_SYSVIEW.o
                0x000000000800574c                SEGGER_SYSVIEW_OnTaskStartExec
 .text.SEGGER_SYSVIEW_OnTaskStartReady
                0x00000000080057d0       0x84 ./Third_Party/SEGGER/Segger/SEGGER_SYSVIEW.o
                0x00000000080057d0                SEGGER_SYSVIEW_OnTaskStartReady
 .text.SEGGER_SYSVIEW_OnTaskStopReady
                0x0000000008005854       0xc0 ./Third_Party/SEGGER/Segger/SEGGER_SYSVIEW.o
                0x0000000008005854                SEGGER_SYSVIEW_OnTaskStopReady
 .text.SEGGER_SYSVIEW_ShrinkId
                0x0000000008005914       0x20 ./Third_Party/SEGGER/Segger/SEGGER_SYSVIEW.o
                0x0000000008005914                SEGGER_SYSVIEW_ShrinkId
 .text.SEGGER_SYSVIEW_SendModule
                0x0000000008005934      0x114 ./Third_Party/SEGGER/Segger/SEGGER_SYSVIEW.o
                0x0000000008005934                SEGGER_SYSVIEW_SendModule
 .text.SEGGER_SYSVIEW_SendModuleDescription
                0x0000000008005a48       0x3c ./Third_Party/SEGGER/Segger/SEGGER_SYSVIEW.o
                0x0000000008005a48                SEGGER_SYSVIEW_SendModuleDescription
 .text.SEGGER_SYSVIEW_SendNumModules
                0x0000000008005a84       0x7c ./Third_Party/SEGGER/Segger/SEGGER_SYSVIEW.o
                0x0000000008005a84                SEGGER_SYSVIEW_SendNumModules
 .text.SEGGER_SYSVIEW_Print
                0x0000000008005b00       0xb8 ./Third_Party/SEGGER/Segger/SEGGER_SYSVIEW.o
                0x0000000008005b00                SEGGER_SYSVIEW_Print
 .text.SEGGER_SYSVIEW_Warn
                0x0000000008005bb8       0xb8 ./Third_Party/SEGGER/Segger/SEGGER_SYSVIEW.o
                0x0000000008005bb8                SEGGER_SYSVIEW_Warn
 .text._cbSendTaskList
                0x0000000008005c70       0x90 ./Third_Party/SEGGER/os/SEGGER_SYSVIEW_FreeRTOS.o
 .text._cbGetTime
                0x0000000008005d00       0x86 ./Third_Party/SEGGER/os/SEGGER_SYSVIEW_FreeRTOS.o
 *fill*         0x0000000008005d86        0x2 
 .text.SYSVIEW_AddTask
                0x0000000008005d88       0xd0 ./Third_Party/SEGGER/os/SEGGER_SYSVIEW_FreeRTOS.o
                0x0000000008005d88                SYSVIEW_AddTask
 .text.SYSVIEW_SendTaskInfo
                0x0000000008005e58       0x42 ./Third_Party/SEGGER/os/SEGGER_SYSVIEW_FreeRTOS.o
                0x0000000008005e58                SYSVIEW_SendTaskInfo
 .text.memcmp   0x0000000008005e9a       0x20 E:/Software/STM32CubeIDE_1.11.0/STM32CubeIDE/plugins/com.st.stm32cube.ide.mcu.externaltools.gnu-tools-for-stm32.11.3.rel1.win32_1.1.1.202309131626/tools/bin/../lib/gcc/arm-none-eabi/11.3.1/../../../../arm-none-eabi/lib/thumb/v7e-m+fp/hard\libc_nano.a(libc_a-memcmp.o)
                0x0000000008005e9a                memcmp
 .text.memset   0x0000000008005eba       0x10 E:/Software/STM32CubeIDE_1.11.0/STM32CubeIDE/plugins/com.st.stm32cube.ide.mcu.externaltools.gnu-tools-for-stm32.11.3.rel1.win32_1.1.1.202309131626/tools/bin/../lib/gcc/arm-none-eabi/11.3.1/../../../../arm-none-eabi/lib/thumb/v7e-m+fp/hard\libc_nano.a(libc_a-memset.o)
                0x0000000008005eba                memset
 *fill*         0x0000000008005eca        0x2 
 .text.__libc_init_array
                0x0000000008005ecc       0x48 E:/Software/STM32CubeIDE_1.11.0/STM32CubeIDE/plugins/com.st.stm32cube.ide.mcu.externaltools.gnu-tools-for-stm32.11.3.rel1.win32_1.1.1.202309131626/tools/bin/../lib/gcc/arm-none-eabi/11.3.1/../../../../arm-none-eabi/lib/thumb/v7e-m+fp/hard\libc_nano.a(libc_a-init.o)
                0x0000000008005ecc                __libc_init_array
 .text.memcpy   0x0000000008005f14       0x1c E:/Software/STM32CubeIDE_1.11.0/STM32CubeIDE/plugins/com.st.stm32cube.ide.mcu.externaltools.gnu-tools-for-stm32.11.3.rel1.win32_1.1.1.202309131626/tools/bin/../lib/gcc/arm-none-eabi/11.3.1/../../../../arm-none-eabi/lib/thumb/v7e-m+fp/hard\libc_nano.a(libc_a-memcpy-stub.o)
                0x0000000008005f14                memcpy
 *(.glue_7)
 .glue_7        0x0000000008005f30        0x0 linker stubs
 *(.glue_7t)
 .glue_7t       0x0000000008005f30        0x0 linker stubs
 *(.eh_frame)
 .eh_frame      0x0000000008005f30        0x0 E:/Software/STM32CubeIDE_1.11.0/STM32CubeIDE/plugins/com.st.stm32cube.ide.mcu.externaltools.gnu-tools-for-stm32.11.3.rel1.win32_1.1.1.202309131626/tools/bin/../lib/gcc/arm-none-eabi/11.3.1/thumb/v7e-m+fp/hard/crtbegin.o
 *(.init)
 .init          0x0000000008005f30        0x4 E:/Software/STM32CubeIDE_1.11.0/STM32CubeIDE/plugins/com.st.stm32cube.ide.mcu.externaltools.gnu-tools-for-stm32.11.3.rel1.win32_1.1.1.202309131626/tools/bin/../lib/gcc/arm-none-eabi/11.3.1/thumb/v7e-m+fp/hard/crti.o
                0x0000000008005f30                _init
 .init          0x0000000008005f34        0x8 E:/Software/STM32CubeIDE_1.11.0/STM32CubeIDE/plugins/com.st.stm32cube.ide.mcu.externaltools.gnu-tools-for-stm32.11.3.rel1.win32_1.1.1.202309131626/tools/bin/../lib/gcc/arm-none-eabi/11.3.1/thumb/v7e-m+fp/hard/crtn.o
 *(.fini)
 .fini          0x0000000008005f3c        0x4 E:/Software/STM32CubeIDE_1.11.0/STM32CubeIDE/plugins/com.st.stm32cube.ide.mcu.externaltools.gnu-tools-for-stm32.11.3.rel1.win32_1.1.1.202309131626/tools/bin/../lib/gcc/arm-none-eabi/11.3.1/thumb/v7e-m+fp/hard/crti.o
                0x0000000008005f3c                _fini
 .fini          0x0000000008005f40        0x8 E:/Software/STM32CubeIDE_1.11.0/STM32CubeIDE/plugins/com.st.stm32cube.ide.mcu.externaltools.gnu-tools-for-stm32.11.3.rel1.win32_1.1.1.202309131626/tools/bin/../lib/gcc/arm-none-eabi/11.3.1/thumb/v7e-m+fp/hard/crtn.o
                0x0000000008005f48                . = ALIGN (0x4)
                0x0000000008005f48                _etext = .

.vfp11_veneer   0x0000000008005f48        0x0
 .vfp11_veneer  0x0000000008005f48        0x0 linker stubs

.v4_bx          0x0000000008005f48        0x0
 .v4_bx         0x0000000008005f48        0x0 linker stubs

.iplt           0x0000000008005f48        0x0
 .iplt          0x0000000008005f48        0x0 E:/Software/STM32CubeIDE_1.11.0/STM32CubeIDE/plugins/com.st.stm32cube.ide.mcu.externaltools.gnu-tools-for-stm32.11.3.rel1.win32_1.1.1.202309131626/tools/bin/../lib/gcc/arm-none-eabi/11.3.1/thumb/v7e-m+fp/hard/crtbegin.o

.rodata         0x0000000008005f48      0x188
                0x0000000008005f48                . = ALIGN (0x4)
 *(.rodata)
 .rodata        0x0000000008005f48       0x6c ./Core/Src/App_Task.o
 .rodata        0x0000000008005fb4        0xf ./Core/Src/main.o
 *fill*         0x0000000008005fc3        0x1 
 .rodata        0x0000000008005fc4        0x5 ./Third_Party/FREERTOS/org/Source/tasks.o
 *fill*         0x0000000008005fc9        0x3 
 .rodata        0x0000000008005fcc        0xd ./Third_Party/FREERTOS/org/Source/timers.o
 *fill*         0x0000000008005fd9        0x3 
 .rodata        0x0000000008005fdc       0x3d ./Third_Party/SEGGER/Config/SEGGER_SYSVIEW_Config_FreeRTOS.o
 *fill*         0x0000000008006019        0x3 
 .rodata        0x000000000800601c        0x9 ./Third_Party/SEGGER/Segger/SEGGER_RTT.o
 *fill*         0x0000000008006025        0x3 
 .rodata        0x0000000008006028       0x10 ./Third_Party/SEGGER/Segger/SEGGER_SYSVIEW.o
 .rodata        0x0000000008006038       0x58 ./Third_Party/SEGGER/os/SEGGER_SYSVIEW_FreeRTOS.o
 *(.rodata*)
 .rodata.AHBPrescTable
                0x0000000008006090       0x10 ./Core/Src/system_stm32f4xx.o
                0x0000000008006090                AHBPrescTable
 .rodata.APBPrescTable
                0x00000000080060a0        0x8 ./Core/Src/system_stm32f4xx.o
                0x00000000080060a0                APBPrescTable
 .rodata._aInitStr.0
                0x00000000080060a8       0x11 ./Third_Party/SEGGER/Segger/SEGGER_RTT.o
 *fill*         0x00000000080060b9        0x3 
 .rodata._abSync
                0x00000000080060bc        0xa ./Third_Party/SEGGER/Segger/SEGGER_SYSVIEW.o
 *fill*         0x00000000080060c6        0x2 
 .rodata.SYSVIEW_X_OS_TraceAPI
                0x00000000080060c8        0x8 ./Third_Party/SEGGER/os/SEGGER_SYSVIEW_FreeRTOS.o
                0x00000000080060c8                SYSVIEW_X_OS_TraceAPI
                0x00000000080060d0                . = ALIGN (0x4)

.ARM.extab      0x00000000080060d0        0x0
                0x00000000080060d0                . = ALIGN (0x4)
 *(.ARM.extab* .gnu.linkonce.armextab.*)
                0x00000000080060d0                . = ALIGN (0x4)

.ARM            0x00000000080060d0        0x8
                0x00000000080060d0                . = ALIGN (0x4)
                0x00000000080060d0                __exidx_start = .
 *(.ARM.exidx*)
 .ARM.exidx     0x00000000080060d0        0x8 E:/Software/STM32CubeIDE_1.11.0/STM32CubeIDE/plugins/com.st.stm32cube.ide.mcu.externaltools.gnu-tools-for-stm32.11.3.rel1.win32_1.1.1.202309131626/tools/bin/../lib/gcc/arm-none-eabi/11.3.1/thumb/v7e-m+fp/hard\libgcc.a(_udivmoddi4.o)
                0x00000000080060d8                __exidx_end = .
                0x00000000080060d8                . = ALIGN (0x4)

.rel.dyn        0x00000000080060d8        0x0
 .rel.iplt      0x00000000080060d8        0x0 E:/Software/STM32CubeIDE_1.11.0/STM32CubeIDE/plugins/com.st.stm32cube.ide.mcu.externaltools.gnu-tools-for-stm32.11.3.rel1.win32_1.1.1.202309131626/tools/bin/../lib/gcc/arm-none-eabi/11.3.1/thumb/v7e-m+fp/hard/crtbegin.o

.preinit_array  0x00000000080060d8        0x0
                0x00000000080060d8                . = ALIGN (0x4)
                0x00000000080060d8                PROVIDE (__preinit_array_start = .)
 *(.preinit_array*)
                0x00000000080060d8                PROVIDE (__preinit_array_end = .)
                0x00000000080060d8                . = ALIGN (0x4)

.init_array     0x00000000080060d8        0x4
                0x00000000080060d8                . = ALIGN (0x4)
                0x00000000080060d8                PROVIDE (__init_array_start = .)
 *(SORT_BY_NAME(.init_array.*))
 *(.init_array*)
 .init_array    0x00000000080060d8        0x4 E:/Software/STM32CubeIDE_1.11.0/STM32CubeIDE/plugins/com.st.stm32cube.ide.mcu.externaltools.gnu-tools-for-stm32.11.3.rel1.win32_1.1.1.202309131626/tools/bin/../lib/gcc/arm-none-eabi/11.3.1/thumb/v7e-m+fp/hard/crtbegin.o
                0x00000000080060dc                PROVIDE (__init_array_end = .)
                0x00000000080060dc                . = ALIGN (0x4)

.fini_array     0x00000000080060dc        0x4
                0x00000000080060dc                . = ALIGN (0x4)
                [!provide]                        PROVIDE (__fini_array_start = .)
 *(SORT_BY_NAME(.fini_array.*))
 *(.fini_array*)
 .fini_array    0x00000000080060dc        0x4 E:/Software/STM32CubeIDE_1.11.0/STM32CubeIDE/plugins/com.st.stm32cube.ide.mcu.externaltools.gnu-tools-for-stm32.11.3.rel1.win32_1.1.1.202309131626/tools/bin/../lib/gcc/arm-none-eabi/11.3.1/thumb/v7e-m+fp/hard/crtbegin.o
                [!provide]                        PROVIDE (__fini_array_end = .)
                0x00000000080060e0                . = ALIGN (0x4)
                0x00000000080060e0                _sidata = LOADADDR (.data)

.data           0x0000000020000000       0x10 load address 0x00000000080060e0
                0x0000000020000000                . = ALIGN (0x4)
                0x0000000020000000                _sdata = .
 *(.data)
 *(.data*)
 .data.SystemCoreClock
                0x0000000020000000        0x4 ./Core/Src/system_stm32f4xx.o
                0x0000000020000000                SystemCoreClock
 .data.uwTickPrio
                0x0000000020000004        0x4 ./Drivers/STM32F4xx_HAL_Driver/Src/stm32f4xx_hal.o
                0x0000000020000004                uwTickPrio
 .data.uwTickFreq
                0x0000000020000008        0x1 ./Drivers/STM32F4xx_HAL_Driver/Src/stm32f4xx_hal.o
                0x0000000020000008                uwTickFreq
 *fill*         0x0000000020000009        0x3 
 .data.uxCriticalNesting
                0x000000002000000c        0x4 ./Third_Party/FREERTOS/org/Source/portable/GCC/ARM_CM4F/port.o
 *(.RamFunc)
 *(.RamFunc*)
                0x0000000020000010                . = ALIGN (0x4)
                0x0000000020000010                _edata = .
                0x00000000080060f0                _siccmram = LOADADDR (.ccmram)

.igot.plt       0x0000000020000010        0x0 load address 0x00000000080060f0
 .igot.plt      0x0000000020000010        0x0 E:/Software/STM32CubeIDE_1.11.0/STM32CubeIDE/plugins/com.st.stm32cube.ide.mcu.externaltools.gnu-tools-for-stm32.11.3.rel1.win32_1.1.1.202309131626/tools/bin/../lib/gcc/arm-none-eabi/11.3.1/thumb/v7e-m+fp/hard/crtbegin.o

.ccmram         0x0000000010000000        0x0 load address 0x00000000080060f0
                0x0000000010000000                . = ALIGN (0x4)
                0x0000000010000000                _sccmram = .
 *(.ccmram)
 *(.ccmram*)
                0x0000000010000000                . = ALIGN (0x4)
                0x0000000010000000                _eccmram = .
                0x0000000010000000                . = ALIGN (0x4)

.bss            0x0000000020000010    0x138d0
                0x0000000020000010                _sbss = .
                0x0000000020000010                __bss_start__ = _sbss
 *(.bss)
 .bss           0x0000000020000010       0x1c E:/Software/STM32CubeIDE_1.11.0/STM32CubeIDE/plugins/com.st.stm32cube.ide.mcu.externaltools.gnu-tools-for-stm32.11.3.rel1.win32_1.1.1.202309131626/tools/bin/../lib/gcc/arm-none-eabi/11.3.1/thumb/v7e-m+fp/hard/crtbegin.o
 *(.bss*)
 .bss.htim6     0x000000002000002c       0x48 ./Core/Src/main.o
                0x000000002000002c                htim6
 .bss.huart1    0x0000000020000074       0x44 ./Core/Src/main.o
                0x0000000020000074                huart1
 .bss.Task_Handle_1
                0x00000000200000b8        0x4 ./Core/Src/main.o
                0x00000000200000b8                Task_Handle_1
 .bss.Task_Handle_2
                0x00000000200000bc        0x4 ./Core/Src/main.o
                0x00000000200000bc                Task_Handle_2
 .bss.Idle_Count
                0x00000000200000c0        0x4 ./Core/Src/main.o
                0x00000000200000c0                Idle_Count
 .bss.uwTick    0x00000000200000c4        0x4 ./Drivers/STM32F4xx_HAL_Driver/Src/stm32f4xx_hal.o
                0x00000000200000c4                uwTick
 .bss.xQueueRegistry
                0x00000000200000c8       0x40 ./Third_Party/FREERTOS/org/Source/queue.o
                0x00000000200000c8                xQueueRegistry
 .bss.pxCurrentTCB
                0x0000000020000108        0x4 ./Third_Party/FREERTOS/org/Source/tasks.o
                0x0000000020000108                pxCurrentTCB
 .bss.pxReadyTasksLists
                0x000000002000010c       0x64 ./Third_Party/FREERTOS/org/Source/tasks.o
 .bss.xDelayedTaskList1
                0x0000000020000170       0x14 ./Third_Party/FREERTOS/org/Source/tasks.o
 .bss.xDelayedTaskList2
                0x0000000020000184       0x14 ./Third_Party/FREERTOS/org/Source/tasks.o
 .bss.pxDelayedTaskList
                0x0000000020000198        0x4 ./Third_Party/FREERTOS/org/Source/tasks.o
 .bss.pxOverflowDelayedTaskList
                0x000000002000019c        0x4 ./Third_Party/FREERTOS/org/Source/tasks.o
 .bss.xPendingReadyList
                0x00000000200001a0       0x14 ./Third_Party/FREERTOS/org/Source/tasks.o
 .bss.xTasksWaitingTermination
                0x00000000200001b4       0x14 ./Third_Party/FREERTOS/org/Source/tasks.o
 .bss.uxDeletedTasksWaitingCleanUp
                0x00000000200001c8        0x4 ./Third_Party/FREERTOS/org/Source/tasks.o
 .bss.xSuspendedTaskList
                0x00000000200001cc       0x14 ./Third_Party/FREERTOS/org/Source/tasks.o
 .bss.uxCurrentNumberOfTasks
                0x00000000200001e0        0x4 ./Third_Party/FREERTOS/org/Source/tasks.o
 .bss.xTickCount
                0x00000000200001e4        0x4 ./Third_Party/FREERTOS/org/Source/tasks.o
 .bss.uxTopReadyPriority
                0x00000000200001e8        0x4 ./Third_Party/FREERTOS/org/Source/tasks.o
 .bss.xSchedulerRunning
                0x00000000200001ec        0x4 ./Third_Party/FREERTOS/org/Source/tasks.o
 .bss.uxPendedTicks
                0x00000000200001f0        0x4 ./Third_Party/FREERTOS/org/Source/tasks.o
 .bss.xYieldPending
                0x00000000200001f4        0x4 ./Third_Party/FREERTOS/org/Source/tasks.o
 .bss.xNumOfOverflows
                0x00000000200001f8        0x4 ./Third_Party/FREERTOS/org/Source/tasks.o
 .bss.uxTaskNumber
                0x00000000200001fc        0x4 ./Third_Party/FREERTOS/org/Source/tasks.o
 .bss.xNextTaskUnblockTime
                0x0000000020000200        0x4 ./Third_Party/FREERTOS/org/Source/tasks.o
 .bss.xIdleTaskHandle
                0x0000000020000204        0x4 ./Third_Party/FREERTOS/org/Source/tasks.o
 .bss.uxSchedulerSuspended
                0x0000000020000208        0x4 ./Third_Party/FREERTOS/org/Source/tasks.o
 .bss.xActiveTimerList1
                0x000000002000020c       0x14 ./Third_Party/FREERTOS/org/Source/timers.o
 .bss.xActiveTimerList2
                0x0000000020000220       0x14 ./Third_Party/FREERTOS/org/Source/timers.o
 .bss.pxCurrentTimerList
                0x0000000020000234        0x4 ./Third_Party/FREERTOS/org/Source/timers.o
 .bss.pxOverflowTimerList
                0x0000000020000238        0x4 ./Third_Party/FREERTOS/org/Source/timers.o
 .bss.xTimerQueue
                0x000000002000023c        0x4 ./Third_Party/FREERTOS/org/Source/timers.o
 .bss.xTimerTaskHandle
                0x0000000020000240        0x4 ./Third_Party/FREERTOS/org/Source/timers.o
 .bss.xLastTime.0
                0x0000000020000244        0x4 ./Third_Party/FREERTOS/org/Source/timers.o
 .bss.ucMaxSysCallPriority
                0x0000000020000248        0x1 ./Third_Party/FREERTOS/org/Source/portable/GCC/ARM_CM4F/port.o
 *fill*         0x0000000020000249        0x3 
 .bss.ulMaxPRIGROUPValue
                0x000000002000024c        0x4 ./Third_Party/FREERTOS/org/Source/portable/GCC/ARM_CM4F/port.o
 .bss.ucHeap    0x0000000020000250    0x12c00 ./Third_Party/FREERTOS/org/Source/portable/MemMang/heap_4.o
 .bss.xStart    0x0000000020012e50        0x8 ./Third_Party/FREERTOS/org/Source/portable/MemMang/heap_4.o
 .bss.pxEnd     0x0000000020012e58        0x4 ./Third_Party/FREERTOS/org/Source/portable/MemMang/heap_4.o
 .bss.xFreeBytesRemaining
                0x0000000020012e5c        0x4 ./Third_Party/FREERTOS/org/Source/portable/MemMang/heap_4.o
 .bss.xMinimumEverFreeBytesRemaining
                0x0000000020012e60        0x4 ./Third_Party/FREERTOS/org/Source/portable/MemMang/heap_4.o
 .bss.xBlockAllocatedBit
                0x0000000020012e64        0x4 ./Third_Party/FREERTOS/org/Source/portable/MemMang/heap_4.o
 .bss._SEGGER_RTT
                0x0000000020012e68       0xa8 ./Third_Party/SEGGER/Segger/SEGGER_RTT.o
                0x0000000020012e68                _SEGGER_RTT
 .bss._acUpBuffer
                0x0000000020012f10      0x400 ./Third_Party/SEGGER/Segger/SEGGER_RTT.o
 .bss._acDownBuffer
                0x0000000020013310       0x10 ./Third_Party/SEGGER/Segger/SEGGER_RTT.o
 .bss._UpBuffer
                0x0000000020013320      0x400 ./Third_Party/SEGGER/Segger/SEGGER_SYSVIEW.o
 .bss._DownBuffer
                0x0000000020013720        0x8 ./Third_Party/SEGGER/Segger/SEGGER_SYSVIEW.o
 .bss._SYSVIEW_Globals
                0x0000000020013728       0x28 ./Third_Party/SEGGER/Segger/SEGGER_SYSVIEW.o
 .bss._pFirstModule
                0x0000000020013750        0x4 ./Third_Party/SEGGER/Segger/SEGGER_SYSVIEW.o
 .bss._NumModules
                0x0000000020013754        0x1 ./Third_Party/SEGGER/Segger/SEGGER_SYSVIEW.o
 *fill*         0x0000000020013755        0x3 
 .bss._aPacket  0x0000000020013758       0xe3 ./Third_Party/SEGGER/Segger/SEGGER_SYSVIEW.o
 *fill*         0x000000002001383b        0x1 
 .bss._aTasks   0x000000002001383c       0xa0 ./Third_Party/SEGGER/os/SEGGER_SYSVIEW_FreeRTOS.o
 .bss._NumTasks
                0x00000000200138dc        0x4 ./Third_Party/SEGGER/os/SEGGER_SYSVIEW_FreeRTOS.o
 *(COMMON)
                0x00000000200138e0                . = ALIGN (0x4)
                0x00000000200138e0                _ebss = .
                0x00000000200138e0                __bss_end__ = _ebss

._user_heap_stack
                0x00000000200138e0      0x600
                0x00000000200138e0                . = ALIGN (0x8)
                [!provide]                        PROVIDE (end = .)
                0x00000000200138e0                PROVIDE (_end = .)
                0x0000000020013ae0                . = (. + _Min_Heap_Size)
 *fill*         0x00000000200138e0      0x200 
                0x0000000020013ee0                . = (. + _Min_Stack_Size)
 *fill*         0x0000000020013ae0      0x400 
                0x0000000020013ee0                . = ALIGN (0x8)

/DISCARD/
 libc.a(*)
 libm.a(*)
 libgcc.a(*)

.ARM.attributes
                0x0000000000000000       0x30
 *(.ARM.attributes)
 .ARM.attributes
                0x0000000000000000       0x1e E:/Software/STM32CubeIDE_1.11.0/STM32CubeIDE/plugins/com.st.stm32cube.ide.mcu.externaltools.gnu-tools-for-stm32.11.3.rel1.win32_1.1.1.202309131626/tools/bin/../lib/gcc/arm-none-eabi/11.3.1/thumb/v7e-m+fp/hard/crti.o
 .ARM.attributes
                0x000000000000001e       0x34 E:/Software/STM32CubeIDE_1.11.0/STM32CubeIDE/plugins/com.st.stm32cube.ide.mcu.externaltools.gnu-tools-for-stm32.11.3.rel1.win32_1.1.1.202309131626/tools/bin/../lib/gcc/arm-none-eabi/11.3.1/thumb/v7e-m+fp/hard/crtbegin.o
 .ARM.attributes
                0x0000000000000052       0x34 ./Core/Src/App_Task.o
 .ARM.attributes
                0x0000000000000086       0x34 ./Core/Src/main.o
 .ARM.attributes
                0x00000000000000ba       0x34 ./Core/Src/stm32f4xx_hal_msp.o
 .ARM.attributes
                0x00000000000000ee       0x34 ./Core/Src/stm32f4xx_it.o
 .ARM.attributes
                0x0000000000000122       0x34 ./Core/Src/system_stm32f4xx.o
 .ARM.attributes
                0x0000000000000156       0x21 ./Core/Startup/startup_stm32f429zitx.o
 .ARM.attributes
                0x0000000000000177       0x34 ./Drivers/STM32F4xx_HAL_Driver/Src/stm32f4xx_hal.o
 .ARM.attributes
                0x00000000000001ab       0x34 ./Drivers/STM32F4xx_HAL_Driver/Src/stm32f4xx_hal_cortex.o
 .ARM.attributes
                0x00000000000001df       0x34 ./Drivers/STM32F4xx_HAL_Driver/Src/stm32f4xx_hal_gpio.o
 .ARM.attributes
                0x0000000000000213       0x34 ./Drivers/STM32F4xx_HAL_Driver/Src/stm32f4xx_hal_rcc.o
 .ARM.attributes
                0x0000000000000247       0x34 ./Drivers/STM32F4xx_HAL_Driver/Src/stm32f4xx_hal_rcc_ex.o
 .ARM.attributes
                0x000000000000027b       0x34 ./Drivers/STM32F4xx_HAL_Driver/Src/stm32f4xx_hal_tim.o
 .ARM.attributes
                0x00000000000002af       0x34 ./Drivers/STM32F4xx_HAL_Driver/Src/stm32f4xx_hal_tim_ex.o
 .ARM.attributes
                0x00000000000002e3       0x34 ./Drivers/STM32F4xx_HAL_Driver/Src/stm32f4xx_hal_uart.o
 .ARM.attributes
                0x0000000000000317       0x34 ./Third_Party/FREERTOS/org/Source/list.o
 .ARM.attributes
                0x000000000000034b       0x34 ./Third_Party/FREERTOS/org/Source/queue.o
 .ARM.attributes
                0x000000000000037f       0x34 ./Third_Party/FREERTOS/org/Source/tasks.o
 .ARM.attributes
                0x00000000000003b3       0x34 ./Third_Party/FREERTOS/org/Source/timers.o
 .ARM.attributes
                0x00000000000003e7       0x34 ./Third_Party/FREERTOS/org/Source/portable/GCC/ARM_CM4F/port.o
 .ARM.attributes
                0x000000000000041b       0x34 ./Third_Party/FREERTOS/org/Source/portable/MemMang/heap_4.o
 .ARM.attributes
                0x000000000000044f       0x34 ./Third_Party/SEGGER/Config/SEGGER_SYSVIEW_Config_FreeRTOS.o
 .ARM.attributes
                0x0000000000000483       0x34 ./Third_Party/SEGGER/Segger/SEGGER_RTT.o
 .ARM.attributes
                0x00000000000004b7       0x34 ./Third_Party/SEGGER/Segger/SEGGER_SYSVIEW.o
 .ARM.attributes
                0x00000000000004eb       0x34 ./Third_Party/SEGGER/os/SEGGER_SYSVIEW_FreeRTOS.o
 .ARM.attributes
                0x000000000000051f       0x34 E:/Software/STM32CubeIDE_1.11.0/STM32CubeIDE/plugins/com.st.stm32cube.ide.mcu.externaltools.gnu-tools-for-stm32.11.3.rel1.win32_1.1.1.202309131626/tools/bin/../lib/gcc/arm-none-eabi/11.3.1/../../../../arm-none-eabi/lib/thumb/v7e-m+fp/hard\libc_nano.a(libc_a-memcmp.o)
 .ARM.attributes
                0x0000000000000553       0x34 E:/Software/STM32CubeIDE_1.11.0/STM32CubeIDE/plugins/com.st.stm32cube.ide.mcu.externaltools.gnu-tools-for-stm32.11.3.rel1.win32_1.1.1.202309131626/tools/bin/../lib/gcc/arm-none-eabi/11.3.1/../../../../arm-none-eabi/lib/thumb/v7e-m+fp/hard\libc_nano.a(libc_a-memset.o)
 .ARM.attributes
                0x0000000000000587       0x34 E:/Software/STM32CubeIDE_1.11.0/STM32CubeIDE/plugins/com.st.stm32cube.ide.mcu.externaltools.gnu-tools-for-stm32.11.3.rel1.win32_1.1.1.202309131626/tools/bin/../lib/gcc/arm-none-eabi/11.3.1/../../../../arm-none-eabi/lib/thumb/v7e-m+fp/hard\libc_nano.a(libc_a-init.o)
 .ARM.attributes
                0x00000000000005bb       0x34 E:/Software/STM32CubeIDE_1.11.0/STM32CubeIDE/plugins/com.st.stm32cube.ide.mcu.externaltools.gnu-tools-for-stm32.11.3.rel1.win32_1.1.1.202309131626/tools/bin/../lib/gcc/arm-none-eabi/11.3.1/../../../../arm-none-eabi/lib/thumb/v7e-m+fp/hard\libc_nano.a(libc_a-memcpy-stub.o)
 .ARM.attributes
                0x00000000000005ef       0x1e E:/Software/STM32CubeIDE_1.11.0/STM32CubeIDE/plugins/com.st.stm32cube.ide.mcu.externaltools.gnu-tools-for-stm32.11.3.rel1.win32_1.1.1.202309131626/tools/bin/../lib/gcc/arm-none-eabi/11.3.1/thumb/v7e-m+fp/hard\libgcc.a(_aeabi_uldivmod.o)
 .ARM.attributes
                0x000000000000060d       0x34 E:/Software/STM32CubeIDE_1.11.0/STM32CubeIDE/plugins/com.st.stm32cube.ide.mcu.externaltools.gnu-tools-for-stm32.11.3.rel1.win32_1.1.1.202309131626/tools/bin/../lib/gcc/arm-none-eabi/11.3.1/thumb/v7e-m+fp/hard\libgcc.a(_udivmoddi4.o)
 .ARM.attributes
                0x0000000000000641       0x1e E:/Software/STM32CubeIDE_1.11.0/STM32CubeIDE/plugins/com.st.stm32cube.ide.mcu.externaltools.gnu-tools-for-stm32.11.3.rel1.win32_1.1.1.202309131626/tools/bin/../lib/gcc/arm-none-eabi/11.3.1/thumb/v7e-m+fp/hard\libgcc.a(_dvmd_tls.o)
 .ARM.attributes
                0x000000000000065f       0x1e E:/Software/STM32CubeIDE_1.11.0/STM32CubeIDE/plugins/com.st.stm32cube.ide.mcu.externaltools.gnu-tools-for-stm32.11.3.rel1.win32_1.1.1.202309131626/tools/bin/../lib/gcc/arm-none-eabi/11.3.1/thumb/v7e-m+fp/hard/crtn.o
OUTPUT(Blinky.elf elf32-littlearm)
LOAD linker stubs
LOAD E:/Software/STM32CubeIDE_1.11.0/STM32CubeIDE/plugins/com.st.stm32cube.ide.mcu.externaltools.gnu-tools-for-stm32.11.3.rel1.win32_1.1.1.202309131626/tools/bin/../lib/gcc/arm-none-eabi/11.3.1/../../../../arm-none-eabi/lib/thumb/v7e-m+fp/hard\libc.a
LOAD E:/Software/STM32CubeIDE_1.11.0/STM32CubeIDE/plugins/com.st.stm32cube.ide.mcu.externaltools.gnu-tools-for-stm32.11.3.rel1.win32_1.1.1.202309131626/tools/bin/../lib/gcc/arm-none-eabi/11.3.1/../../../../arm-none-eabi/lib/thumb/v7e-m+fp/hard\libm.a
LOAD E:/Software/STM32CubeIDE_1.11.0/STM32CubeIDE/plugins/com.st.stm32cube.ide.mcu.externaltools.gnu-tools-for-stm32.11.3.rel1.win32_1.1.1.202309131626/tools/bin/../lib/gcc/arm-none-eabi/11.3.1/thumb/v7e-m+fp/hard\libgcc.a

.comment        0x0000000000000000       0x43
 .comment       0x0000000000000000       0x43 E:/Software/STM32CubeIDE_1.11.0/STM32CubeIDE/plugins/com.st.stm32cube.ide.mcu.externaltools.gnu-tools-for-stm32.11.3.rel1.win32_1.1.1.202309131626/tools/bin/../lib/gcc/arm-none-eabi/11.3.1/thumb/v7e-m+fp/hard/crtbegin.o
                                         0x44 (size before relaxing)
 .comment       0x0000000000000043       0x44 ./Core/Src/App_Task.o
 .comment       0x0000000000000043       0x44 ./Core/Src/main.o
 .comment       0x0000000000000043       0x44 ./Core/Src/stm32f4xx_hal_msp.o
 .comment       0x0000000000000043       0x44 ./Core/Src/stm32f4xx_it.o
 .comment       0x0000000000000043       0x44 ./Core/Src/system_stm32f4xx.o
 .comment       0x0000000000000043       0x44 ./Drivers/STM32F4xx_HAL_Driver/Src/stm32f4xx_hal.o
 .comment       0x0000000000000043       0x44 ./Drivers/STM32F4xx_HAL_Driver/Src/stm32f4xx_hal_cortex.o
 .comment       0x0000000000000043       0x44 ./Drivers/STM32F4xx_HAL_Driver/Src/stm32f4xx_hal_gpio.o
 .comment       0x0000000000000043       0x44 ./Drivers/STM32F4xx_HAL_Driver/Src/stm32f4xx_hal_rcc.o
 .comment       0x0000000000000043       0x44 ./Drivers/STM32F4xx_HAL_Driver/Src/stm32f4xx_hal_rcc_ex.o
 .comment       0x0000000000000043       0x44 ./Drivers/STM32F4xx_HAL_Driver/Src/stm32f4xx_hal_tim.o
 .comment       0x0000000000000043       0x44 ./Drivers/STM32F4xx_HAL_Driver/Src/stm32f4xx_hal_tim_ex.o
 .comment       0x0000000000000043       0x44 ./Drivers/STM32F4xx_HAL_Driver/Src/stm32f4xx_hal_uart.o
 .comment       0x0000000000000043       0x44 ./Third_Party/FREERTOS/org/Source/list.o
 .comment       0x0000000000000043       0x44 ./Third_Party/FREERTOS/org/Source/queue.o
 .comment       0x0000000000000043       0x44 ./Third_Party/FREERTOS/org/Source/tasks.o
 .comment       0x0000000000000043       0x44 ./Third_Party/FREERTOS/org/Source/timers.o
 .comment       0x0000000000000043       0x44 ./Third_Party/FREERTOS/org/Source/portable/GCC/ARM_CM4F/port.o
 .comment       0x0000000000000043       0x44 ./Third_Party/FREERTOS/org/Source/portable/MemMang/heap_4.o
 .comment       0x0000000000000043       0x44 ./Third_Party/SEGGER/Config/SEGGER_SYSVIEW_Config_FreeRTOS.o
 .comment       0x0000000000000043       0x44 ./Third_Party/SEGGER/Segger/SEGGER_RTT.o
 .comment       0x0000000000000043       0x44 ./Third_Party/SEGGER/Segger/SEGGER_SYSVIEW.o
 .comment       0x0000000000000043       0x44 ./Third_Party/SEGGER/os/SEGGER_SYSVIEW_FreeRTOS.o

.debug_info     0x0000000000000000    0x17626
 .debug_info    0x0000000000000000      0x432 ./Core/Src/App_Task.o
 .debug_info    0x0000000000000432     0x12ce ./Core/Src/main.o
 .debug_info    0x0000000000001700      0xf6a ./Core/Src/stm32f4xx_hal_msp.o
 .debug_info    0x000000000000266a      0x6ab ./Core/Src/stm32f4xx_it.o
 .debug_info    0x0000000000002d15      0x52e ./Core/Src/system_stm32f4xx.o
 .debug_info    0x0000000000003243       0x23 ./Core/Startup/startup_stm32f429zitx.o
 .debug_info    0x0000000000003266      0x9be ./Drivers/STM32F4xx_HAL_Driver/Src/stm32f4xx_hal.o
 .debug_info    0x0000000000003c24      0xd7c ./Drivers/STM32F4xx_HAL_Driver/Src/stm32f4xx_hal_cortex.o
 .debug_info    0x00000000000049a0      0x6db ./Drivers/STM32F4xx_HAL_Driver/Src/stm32f4xx_hal_gpio.o
 .debug_info    0x000000000000507b      0x8c9 ./Drivers/STM32F4xx_HAL_Driver/Src/stm32f4xx_hal_rcc.o
 .debug_info    0x0000000000005944      0x651 ./Drivers/STM32F4xx_HAL_Driver/Src/stm32f4xx_hal_rcc_ex.o
 .debug_info    0x0000000000005f95     0x2948 ./Drivers/STM32F4xx_HAL_Driver/Src/stm32f4xx_hal_tim.o
 .debug_info    0x00000000000088dd     0x14ae ./Drivers/STM32F4xx_HAL_Driver/Src/stm32f4xx_hal_tim_ex.o
 .debug_info    0x0000000000009d8b     0x2fb8 ./Drivers/STM32F4xx_HAL_Driver/Src/stm32f4xx_hal_uart.o
 .debug_info    0x000000000000cd43      0x2aa ./Third_Party/FREERTOS/org/Source/list.o
 .debug_info    0x000000000000cfed     0x1974 ./Third_Party/FREERTOS/org/Source/queue.o
 .debug_info    0x000000000000e961     0x1fee ./Third_Party/FREERTOS/org/Source/tasks.o
 .debug_info    0x000000000001094f      0xd6e ./Third_Party/FREERTOS/org/Source/timers.o
 .debug_info    0x00000000000116bd      0x4f5 ./Third_Party/FREERTOS/org/Source/portable/GCC/ARM_CM4F/port.o
 .debug_info    0x0000000000011bb2      0x3c5 ./Third_Party/FREERTOS/org/Source/portable/MemMang/heap_4.o
 .debug_info    0x0000000000011f77      0x176 ./Third_Party/SEGGER/Config/SEGGER_SYSVIEW_Config_FreeRTOS.o
 .debug_info    0x00000000000120ed     0x1564 ./Third_Party/SEGGER/Segger/SEGGER_RTT.o
 .debug_info    0x0000000000013651     0x3bc7 ./Third_Party/SEGGER/Segger/SEGGER_SYSVIEW.o
 .debug_info    0x0000000000017218      0x40e ./Third_Party/SEGGER/os/SEGGER_SYSVIEW_FreeRTOS.o

.debug_abbrev   0x0000000000000000     0x33be
 .debug_abbrev  0x0000000000000000      0x1dc ./Core/Src/App_Task.o
 .debug_abbrev  0x00000000000001dc      0x2e7 ./Core/Src/main.o
 .debug_abbrev  0x00000000000004c3      0x1de ./Core/Src/stm32f4xx_hal_msp.o
 .debug_abbrev  0x00000000000006a1      0x17d ./Core/Src/stm32f4xx_it.o
 .debug_abbrev  0x000000000000081e      0x11a ./Core/Src/system_stm32f4xx.o
 .debug_abbrev  0x0000000000000938       0x12 ./Core/Startup/startup_stm32f429zitx.o
 .debug_abbrev  0x000000000000094a      0x213 ./Drivers/STM32F4xx_HAL_Driver/Src/stm32f4xx_hal.o
 .debug_abbrev  0x0000000000000b5d      0x327 ./Drivers/STM32F4xx_HAL_Driver/Src/stm32f4xx_hal_cortex.o
 .debug_abbrev  0x0000000000000e84      0x1d4 ./Drivers/STM32F4xx_HAL_Driver/Src/stm32f4xx_hal_gpio.o
 .debug_abbrev  0x0000000000001058      0x2b6 ./Drivers/STM32F4xx_HAL_Driver/Src/stm32f4xx_hal_rcc.o
 .debug_abbrev  0x000000000000130e      0x1af ./Drivers/STM32F4xx_HAL_Driver/Src/stm32f4xx_hal_rcc_ex.o
 .debug_abbrev  0x00000000000014bd      0x271 ./Drivers/STM32F4xx_HAL_Driver/Src/stm32f4xx_hal_tim.o
 .debug_abbrev  0x000000000000172e      0x27c ./Drivers/STM32F4xx_HAL_Driver/Src/stm32f4xx_hal_tim_ex.o
 .debug_abbrev  0x00000000000019aa      0x30e ./Drivers/STM32F4xx_HAL_Driver/Src/stm32f4xx_hal_uart.o
 .debug_abbrev  0x0000000000001cb8       0xf5 ./Third_Party/FREERTOS/org/Source/list.o
 .debug_abbrev  0x0000000000001dad      0x367 ./Third_Party/FREERTOS/org/Source/queue.o
 .debug_abbrev  0x0000000000002114      0x3b0 ./Third_Party/FREERTOS/org/Source/tasks.o
 .debug_abbrev  0x00000000000024c4      0x2d4 ./Third_Party/FREERTOS/org/Source/timers.o
 .debug_abbrev  0x0000000000002798      0x25d ./Third_Party/FREERTOS/org/Source/portable/GCC/ARM_CM4F/port.o
 .debug_abbrev  0x00000000000029f5      0x205 ./Third_Party/FREERTOS/org/Source/portable/MemMang/heap_4.o
 .debug_abbrev  0x0000000000002bfa       0xf4 ./Third_Party/SEGGER/Config/SEGGER_SYSVIEW_Config_FreeRTOS.o
 .debug_abbrev  0x0000000000002cee      0x21f ./Third_Party/SEGGER/Segger/SEGGER_RTT.o
 .debug_abbrev  0x0000000000002f0d      0x320 ./Third_Party/SEGGER/Segger/SEGGER_SYSVIEW.o
 .debug_abbrev  0x000000000000322d      0x191 ./Third_Party/SEGGER/os/SEGGER_SYSVIEW_FreeRTOS.o

.debug_aranges  0x0000000000000000     0x15b0
 .debug_aranges
                0x0000000000000000       0x38 ./Core/Src/App_Task.o
 .debug_aranges
                0x0000000000000038       0x50 ./Core/Src/main.o
 .debug_aranges
                0x0000000000000088       0x40 ./Core/Src/stm32f4xx_hal_msp.o
 .debug_aranges
                0x00000000000000c8       0x50 ./Core/Src/stm32f4xx_it.o
 .debug_aranges
                0x0000000000000118       0x28 ./Core/Src/system_stm32f4xx.o
 .debug_aranges
                0x0000000000000140       0x28 ./Core/Startup/startup_stm32f429zitx.o
 .debug_aranges
                0x0000000000000168      0x100 ./Drivers/STM32F4xx_HAL_Driver/Src/stm32f4xx_hal.o
 .debug_aranges
                0x0000000000000268      0x118 ./Drivers/STM32F4xx_HAL_Driver/Src/stm32f4xx_hal_cortex.o
 .debug_aranges
                0x0000000000000380       0x58 ./Drivers/STM32F4xx_HAL_Driver/Src/stm32f4xx_hal_gpio.o
 .debug_aranges
                0x00000000000003d8       0x88 ./Drivers/STM32F4xx_HAL_Driver/Src/stm32f4xx_hal_rcc.o
 .debug_aranges
                0x0000000000000460       0x58 ./Drivers/STM32F4xx_HAL_Driver/Src/stm32f4xx_hal_rcc_ex.o
 .debug_aranges
                0x00000000000004b8      0x3d0 ./Drivers/STM32F4xx_HAL_Driver/Src/stm32f4xx_hal_tim.o
 .debug_aranges
                0x0000000000000888      0x168 ./Drivers/STM32F4xx_HAL_Driver/Src/stm32f4xx_hal_tim_ex.o
 .debug_aranges
                0x00000000000009f0      0x200 ./Drivers/STM32F4xx_HAL_Driver/Src/stm32f4xx_hal_uart.o
 .debug_aranges
                0x0000000000000bf0       0x40 ./Third_Party/FREERTOS/org/Source/list.o
 .debug_aranges
                0x0000000000000c30      0x160 ./Third_Party/FREERTOS/org/Source/queue.o
 .debug_aranges
                0x0000000000000d90      0x1f8 ./Third_Party/FREERTOS/org/Source/tasks.o
 .debug_aranges
                0x0000000000000f88       0xc8 ./Third_Party/FREERTOS/org/Source/timers.o
 .debug_aranges
                0x0000000000001050       0x80 ./Third_Party/FREERTOS/org/Source/portable/GCC/ARM_CM4F/port.o
 .debug_aranges
                0x00000000000010d0       0x50 ./Third_Party/FREERTOS/org/Source/portable/MemMang/heap_4.o
 .debug_aranges
                0x0000000000001120       0x28 ./Third_Party/SEGGER/Config/SEGGER_SYSVIEW_Config_FreeRTOS.o
 .debug_aranges
                0x0000000000001148      0x140 ./Third_Party/SEGGER/Segger/SEGGER_RTT.o
 .debug_aranges
                0x0000000000001288      0x2e0 ./Third_Party/SEGGER/Segger/SEGGER_SYSVIEW.o
 .debug_aranges
                0x0000000000001568       0x48 ./Third_Party/SEGGER/os/SEGGER_SYSVIEW_FreeRTOS.o

.debug_rnglists
                0x0000000000000000     0x10f0
 .debug_rnglists
                0x0000000000000000       0x26 ./Core/Src/App_Task.o
 .debug_rnglists
                0x0000000000000026       0x39 ./Core/Src/main.o
 .debug_rnglists
                0x000000000000005f       0x2c ./Core/Src/stm32f4xx_hal_msp.o
 .debug_rnglists
                0x000000000000008b       0x37 ./Core/Src/stm32f4xx_it.o
 .debug_rnglists
                0x00000000000000c2       0x1a ./Core/Src/system_stm32f4xx.o
 .debug_rnglists
                0x00000000000000dc       0x19 ./Core/Startup/startup_stm32f429zitx.o
 .debug_rnglists
                0x00000000000000f5       0xbb ./Drivers/STM32F4xx_HAL_Driver/Src/stm32f4xx_hal.o
 .debug_rnglists
                0x00000000000001b0       0xce ./Drivers/STM32F4xx_HAL_Driver/Src/stm32f4xx_hal_cortex.o
 .debug_rnglists
                0x000000000000027e       0x3f ./Drivers/STM32F4xx_HAL_Driver/Src/stm32f4xx_hal_gpio.o
 .debug_rnglists
                0x00000000000002bd       0x66 ./Drivers/STM32F4xx_HAL_Driver/Src/stm32f4xx_hal_rcc.o
 .debug_rnglists
                0x0000000000000323       0x43 ./Drivers/STM32F4xx_HAL_Driver/Src/stm32f4xx_hal_rcc_ex.o
 .debug_rnglists
                0x0000000000000366      0x31a ./Drivers/STM32F4xx_HAL_Driver/Src/stm32f4xx_hal_tim.o
 .debug_rnglists
                0x0000000000000680      0x125 ./Drivers/STM32F4xx_HAL_Driver/Src/stm32f4xx_hal_tim_ex.o
 .debug_rnglists
                0x00000000000007a5      0x1b7 ./Drivers/STM32F4xx_HAL_Driver/Src/stm32f4xx_hal_uart.o
 .debug_rnglists
                0x000000000000095c       0x2b ./Third_Party/FREERTOS/org/Source/list.o
 .debug_rnglists
                0x0000000000000987      0x10f ./Third_Party/FREERTOS/org/Source/queue.o
 .debug_rnglists
                0x0000000000000a96      0x193 ./Third_Party/FREERTOS/org/Source/tasks.o
 .debug_rnglists
                0x0000000000000c29       0x97 ./Third_Party/FREERTOS/org/Source/timers.o
 .debug_rnglists
                0x0000000000000cc0       0x5d ./Third_Party/FREERTOS/org/Source/portable/GCC/ARM_CM4F/port.o
 .debug_rnglists
                0x0000000000000d1d       0x3b ./Third_Party/FREERTOS/org/Source/portable/MemMang/heap_4.o
 .debug_rnglists
                0x0000000000000d58       0x19 ./Third_Party/SEGGER/Config/SEGGER_SYSVIEW_Config_FreeRTOS.o
 .debug_rnglists
                0x0000000000000d71       0xfc ./Third_Party/SEGGER/Segger/SEGGER_RTT.o
 .debug_rnglists
                0x0000000000000e6d      0x24d ./Third_Party/SEGGER/Segger/SEGGER_SYSVIEW.o
 .debug_rnglists
                0x00000000000010ba       0x36 ./Third_Party/SEGGER/os/SEGGER_SYSVIEW_FreeRTOS.o

.debug_macro    0x0000000000000000    0x26323
 .debug_macro   0x0000000000000000      0x396 ./Core/Src/App_Task.o
 .debug_macro   0x0000000000000396      0xaa8 ./Core/Src/App_Task.o
 .debug_macro   0x0000000000000e3e      0x29b ./Core/Src/App_Task.o
 .debug_macro   0x00000000000010d9       0x2e ./Core/Src/App_Task.o
 .debug_macro   0x0000000000001107       0x28 ./Core/Src/App_Task.o
 .debug_macro   0x000000000000112f       0x22 ./Core/Src/App_Task.o
 .debug_macro   0x0000000000001151       0x8e ./Core/Src/App_Task.o
 .debug_macro   0x00000000000011df       0x51 ./Core/Src/App_Task.o
 .debug_macro   0x0000000000001230      0x103 ./Core/Src/App_Task.o
 .debug_macro   0x0000000000001333       0x6a ./Core/Src/App_Task.o
 .debug_macro   0x000000000000139d      0x1df ./Core/Src/App_Task.o
 .debug_macro   0x000000000000157c       0x1c ./Core/Src/App_Task.o
 .debug_macro   0x0000000000001598       0x22 ./Core/Src/App_Task.o
 .debug_macro   0x00000000000015ba       0xd9 ./Core/Src/App_Task.o
 .debug_macro   0x0000000000001693     0x102d ./Core/Src/App_Task.o
 .debug_macro   0x00000000000026c0      0x11f ./Core/Src/App_Task.o
 .debug_macro   0x00000000000027df    0x17fc0 ./Core/Src/App_Task.o
 .debug_macro   0x000000000001a79f       0x6d ./Core/Src/App_Task.o
 .debug_macro   0x000000000001a80c     0x36f5 ./Core/Src/App_Task.o
 .debug_macro   0x000000000001df01      0x174 ./Core/Src/App_Task.o
 .debug_macro   0x000000000001e075       0x5c ./Core/Src/App_Task.o
 .debug_macro   0x000000000001e0d1      0xca5 ./Core/Src/App_Task.o
 .debug_macro   0x000000000001ed76      0x9fe ./Core/Src/App_Task.o
 .debug_macro   0x000000000001f774      0x115 ./Core/Src/App_Task.o
 .debug_macro   0x000000000001f889      0x156 ./Core/Src/App_Task.o
 .debug_macro   0x000000000001f9df       0xa5 ./Core/Src/App_Task.o
 .debug_macro   0x000000000001fa84      0x182 ./Core/Src/App_Task.o
 .debug_macro   0x000000000001fc06      0x287 ./Core/Src/App_Task.o
 .debug_macro   0x000000000001fe8d       0x5f ./Core/Src/App_Task.o
 .debug_macro   0x000000000001feec      0x236 ./Core/Src/App_Task.o
 .debug_macro   0x0000000000020122      0x132 ./Core/Src/App_Task.o
 .debug_macro   0x0000000000020254      0x41d ./Core/Src/App_Task.o
 .debug_macro   0x0000000000020671       0x2e ./Core/Src/App_Task.o
 .debug_macro   0x000000000002069f      0x11a ./Core/Src/App_Task.o
 .debug_macro   0x00000000000207b9       0xe2 ./Core/Src/App_Task.o
 .debug_macro   0x000000000002089b       0x89 ./Core/Src/App_Task.o
 .debug_macro   0x0000000000020924      0x8e6 ./Core/Src/App_Task.o
 .debug_macro   0x000000000002120a       0x47 ./Core/Src/App_Task.o
 .debug_macro   0x0000000000021251      0x295 ./Core/Src/App_Task.o
 .debug_macro   0x00000000000214e6      0x134 ./Core/Src/App_Task.o
 .debug_macro   0x000000000002161a       0x1c ./Core/Src/App_Task.o
 .debug_macro   0x0000000000021636      0x10c ./Core/Src/App_Task.o
 .debug_macro   0x0000000000021742       0x58 ./Core/Src/App_Task.o
 .debug_macro   0x000000000002179a       0x46 ./Core/Src/App_Task.o
 .debug_macro   0x00000000000217e0       0x64 ./Core/Src/App_Task.o
 .debug_macro   0x0000000000021844       0x49 ./Core/Src/App_Task.o
 .debug_macro   0x000000000002188d       0xd1 ./Core/Src/App_Task.o
 .debug_macro   0x000000000002195e      0x220 ./Core/Src/App_Task.o
 .debug_macro   0x0000000000021b7e      0x458 ./Core/Src/App_Task.o
 .debug_macro   0x0000000000021fd6      0x15a ./Core/Src/App_Task.o
 .debug_macro   0x0000000000022130       0xdd ./Core/Src/App_Task.o
 .debug_macro   0x000000000002220d       0x10 ./Core/Src/App_Task.o
 .debug_macro   0x000000000002221d       0x1f ./Core/Src/App_Task.o
 .debug_macro   0x000000000002223c      0x358 ./Core/Src/App_Task.o
 .debug_macro   0x0000000000022594       0xb5 ./Core/Src/App_Task.o
 .debug_macro   0x0000000000022649       0x8c ./Core/Src/App_Task.o
 .debug_macro   0x00000000000226d5       0x86 ./Core/Src/App_Task.o
 .debug_macro   0x000000000002275b       0x91 ./Core/Src/App_Task.o
 .debug_macro   0x00000000000227ec       0x61 ./Core/Src/App_Task.o
 .debug_macro   0x000000000002284d       0x2a ./Core/Src/App_Task.o
 .debug_macro   0x0000000000022877       0x43 ./Core/Src/App_Task.o
 .debug_macro   0x00000000000228ba       0x34 ./Core/Src/App_Task.o
 .debug_macro   0x00000000000228ee       0x16 ./Core/Src/App_Task.o
 .debug_macro   0x0000000000022904       0x35 ./Core/Src/App_Task.o
 .debug_macro   0x0000000000022939      0x369 ./Core/Src/App_Task.o
 .debug_macro   0x0000000000022ca2       0x16 ./Core/Src/App_Task.o
 .debug_macro   0x0000000000022cb8       0x43 ./Core/Src/App_Task.o
 .debug_macro   0x0000000000022cfb       0x34 ./Core/Src/App_Task.o
 .debug_macro   0x0000000000022d2f       0x10 ./Core/Src/App_Task.o
 .debug_macro   0x0000000000022d3f       0x58 ./Core/Src/App_Task.o
 .debug_macro   0x0000000000022d97       0x8e ./Core/Src/App_Task.o
 .debug_macro   0x0000000000022e25       0x1c ./Core/Src/App_Task.o
 .debug_macro   0x0000000000022e41      0x177 ./Core/Src/App_Task.o
 .debug_macro   0x0000000000022fb8       0x16 ./Core/Src/App_Task.o
 .debug_macro   0x0000000000022fce       0x16 ./Core/Src/App_Task.o
 .debug_macro   0x0000000000022fe4      0x147 ./Core/Src/App_Task.o
 .debug_macro   0x000000000002312b      0x396 ./Core/Src/main.o
 .debug_macro   0x00000000000234c1      0x1dd ./Core/Src/stm32f4xx_hal_msp.o
 .debug_macro   0x000000000002369e      0x1e7 ./Core/Src/stm32f4xx_it.o
 .debug_macro   0x0000000000023885      0x1ce ./Core/Src/system_stm32f4xx.o
 .debug_macro   0x0000000000023a53      0x22e ./Drivers/STM32F4xx_HAL_Driver/Src/stm32f4xx_hal.o
 .debug_macro   0x0000000000023c81      0x1ce ./Drivers/STM32F4xx_HAL_Driver/Src/stm32f4xx_hal_cortex.o
 .debug_macro   0x0000000000023e4f      0x1d4 ./Drivers/STM32F4xx_HAL_Driver/Src/stm32f4xx_hal_gpio.o
 .debug_macro   0x0000000000024023      0x1f2 ./Drivers/STM32F4xx_HAL_Driver/Src/stm32f4xx_hal_rcc.o
 .debug_macro   0x0000000000024215      0x1ce ./Drivers/STM32F4xx_HAL_Driver/Src/stm32f4xx_hal_rcc_ex.o
 .debug_macro   0x00000000000243e3      0x1cf ./Drivers/STM32F4xx_HAL_Driver/Src/stm32f4xx_hal_tim.o
 .debug_macro   0x00000000000245b2      0x1ce ./Drivers/STM32F4xx_HAL_Driver/Src/stm32f4xx_hal_tim_ex.o
 .debug_macro   0x0000000000024780      0x1cf ./Drivers/STM32F4xx_HAL_Driver/Src/stm32f4xx_hal_uart.o
 .debug_macro   0x000000000002494f      0x1e9 ./Third_Party/FREERTOS/org/Source/list.o
 .debug_macro   0x0000000000024b38      0x274 ./Third_Party/FREERTOS/org/Source/queue.o
 .debug_macro   0x0000000000024dac       0x16 ./Third_Party/FREERTOS/org/Source/queue.o
 .debug_macro   0x0000000000024dc2       0x20 ./Third_Party/FREERTOS/org/Source/queue.o
 .debug_macro   0x0000000000024de2      0x2e3 ./Third_Party/FREERTOS/org/Source/tasks.o
 .debug_macro   0x00000000000250c5       0x10 ./Third_Party/FREERTOS/org/Source/tasks.o
 .debug_macro   0x00000000000250d5      0x22c ./Third_Party/FREERTOS/org/Source/timers.o
 .debug_macro   0x0000000000025301      0x1f8 ./Third_Party/FREERTOS/org/Source/portable/GCC/ARM_CM4F/port.o
 .debug_macro   0x00000000000254f9      0x210 ./Third_Party/FREERTOS/org/Source/portable/MemMang/heap_4.o
 .debug_macro   0x0000000000025709      0x138 ./Third_Party/SEGGER/Config/SEGGER_SYSVIEW_Config_FreeRTOS.o
 .debug_macro   0x0000000000025841      0x1bd ./Third_Party/SEGGER/Segger/SEGGER_RTT.o
 .debug_macro   0x00000000000259fe       0x35 ./Third_Party/SEGGER/Segger/SEGGER_RTT.o
 .debug_macro   0x0000000000025a33      0x138 ./Third_Party/SEGGER/Segger/SEGGER_RTT.o
 .debug_macro   0x0000000000025b6b      0x22b ./Third_Party/SEGGER/Segger/SEGGER_SYSVIEW.o
 .debug_macro   0x0000000000025d96      0x220 ./Third_Party/SEGGER/Segger/SEGGER_SYSVIEW.o
 .debug_macro   0x0000000000025fb6      0x169 ./Third_Party/SEGGER/Segger/SEGGER_SYSVIEW.o
 .debug_macro   0x000000000002611f      0x204 ./Third_Party/SEGGER/os/SEGGER_SYSVIEW_FreeRTOS.o

.debug_line     0x0000000000000000    0x19a59
 .debug_line    0x0000000000000000      0xcbb ./Core/Src/App_Task.o
 .debug_line    0x0000000000000cbb      0xd6b ./Core/Src/main.o
 .debug_line    0x0000000000001a26      0x7e7 ./Core/Src/stm32f4xx_hal_msp.o
 .debug_line    0x000000000000220d      0x7fb ./Core/Src/stm32f4xx_it.o
 .debug_line    0x0000000000002a08      0x7e0 ./Core/Src/system_stm32f4xx.o
 .debug_line    0x00000000000031e8       0x7a ./Core/Startup/startup_stm32f429zitx.o
 .debug_line    0x0000000000003262      0xa7c ./Drivers/STM32F4xx_HAL_Driver/Src/stm32f4xx_hal.o
 .debug_line    0x0000000000003cde      0xcf5 ./Drivers/STM32F4xx_HAL_Driver/Src/stm32f4xx_hal_cortex.o
 .debug_line    0x00000000000049d3      0xbe2 ./Drivers/STM32F4xx_HAL_Driver/Src/stm32f4xx_hal_gpio.o
 .debug_line    0x00000000000055b5      0xdbf ./Drivers/STM32F4xx_HAL_Driver/Src/stm32f4xx_hal_rcc.o
 .debug_line    0x0000000000006374      0xc17 ./Drivers/STM32F4xx_HAL_Driver/Src/stm32f4xx_hal_rcc_ex.o
 .debug_line    0x0000000000006f8b     0x3732 ./Drivers/STM32F4xx_HAL_Driver/Src/stm32f4xx_hal_tim.o
 .debug_line    0x000000000000a6bd     0x1a43 ./Drivers/STM32F4xx_HAL_Driver/Src/stm32f4xx_hal_tim_ex.o
 .debug_line    0x000000000000c100     0x2ae8 ./Drivers/STM32F4xx_HAL_Driver/Src/stm32f4xx_hal_uart.o
 .debug_line    0x000000000000ebe8      0x9f5 ./Third_Party/FREERTOS/org/Source/list.o
 .debug_line    0x000000000000f5dd     0x19c1 ./Third_Party/FREERTOS/org/Source/queue.o
 .debug_line    0x0000000000010f9e     0x1f41 ./Third_Party/FREERTOS/org/Source/tasks.o
 .debug_line    0x0000000000012edf      0xe84 ./Third_Party/FREERTOS/org/Source/timers.o
 .debug_line    0x0000000000013d63      0xad3 ./Third_Party/FREERTOS/org/Source/portable/GCC/ARM_CM4F/port.o
 .debug_line    0x0000000000014836      0xbb7 ./Third_Party/FREERTOS/org/Source/portable/MemMang/heap_4.o
 .debug_line    0x00000000000153ed      0x7c1 ./Third_Party/SEGGER/Config/SEGGER_SYSVIEW_Config_FreeRTOS.o
 .debug_line    0x0000000000015bae      0xfae ./Third_Party/SEGGER/Segger/SEGGER_RTT.o
 .debug_line    0x0000000000016b5c     0x243a ./Third_Party/SEGGER/Segger/SEGGER_SYSVIEW.o
 .debug_line    0x0000000000018f96      0xac3 ./Third_Party/SEGGER/os/SEGGER_SYSVIEW_FreeRTOS.o

.debug_str      0x0000000000000000    0xe75ef
 .debug_str     0x0000000000000000    0xde6d0 ./Core/Src/App_Task.o
                                      0xde9ef (size before relaxing)
 .debug_str     0x00000000000de6d0      0xbe9 ./Core/Src/main.o
                                      0xdf569 (size before relaxing)
 .debug_str     0x00000000000df2b9      0x63e ./Core/Src/stm32f4xx_hal_msp.o
                                      0xd35c8 (size before relaxing)
 .debug_str     0x00000000000df8f7       0xb9 ./Core/Src/stm32f4xx_it.o
                                      0xd2caf (size before relaxing)
 .debug_str     0x00000000000df9b0       0xc5 ./Core/Src/system_stm32f4xx.o
                                      0xd285d (size before relaxing)
 .debug_str     0x00000000000dfa75       0x6a ./Core/Startup/startup_stm32f429zitx.o
 .debug_str     0x00000000000dfadf      0x645 ./Drivers/STM32F4xx_HAL_Driver/Src/stm32f4xx_hal.o
                                      0xd3480 (size before relaxing)
 .debug_str     0x00000000000e0124      0x326 ./Drivers/STM32F4xx_HAL_Driver/Src/stm32f4xx_hal_cortex.o
                                      0xd3165 (size before relaxing)
 .debug_str     0x00000000000e044a      0x10e ./Drivers/STM32F4xx_HAL_Driver/Src/stm32f4xx_hal_gpio.o
                                      0xd29d8 (size before relaxing)
 .debug_str     0x00000000000e0558      0x224 ./Drivers/STM32F4xx_HAL_Driver/Src/stm32f4xx_hal_rcc.o
                                      0xd2c91 (size before relaxing)
 .debug_str     0x00000000000e077c      0x213 ./Drivers/STM32F4xx_HAL_Driver/Src/stm32f4xx_hal_rcc_ex.o
                                      0xd2a58 (size before relaxing)
 .debug_str     0x00000000000e098f      0xe76 ./Drivers/STM32F4xx_HAL_Driver/Src/stm32f4xx_hal_tim.o
                                      0xd3bc4 (size before relaxing)
 .debug_str     0x00000000000e1805      0x493 ./Drivers/STM32F4xx_HAL_Driver/Src/stm32f4xx_hal_tim_ex.o
                                      0xd33e0 (size before relaxing)
 .debug_str     0x00000000000e1c98      0x61c ./Drivers/STM32F4xx_HAL_Driver/Src/stm32f4xx_hal_uart.o
                                      0xd321d (size before relaxing)
 .debug_str     0x00000000000e22b4      0x234 ./Third_Party/FREERTOS/org/Source/list.o
                                       0xe8ab (size before relaxing)
 .debug_str     0x00000000000e24e8      0xc25 ./Third_Party/FREERTOS/org/Source/queue.o
                                      0x101cc (size before relaxing)
 .debug_str     0x00000000000e310d     0x14d6 ./Third_Party/FREERTOS/org/Source/tasks.o
                                      0x10f88 (size before relaxing)
 .debug_str     0x00000000000e45e3      0x431 ./Third_Party/FREERTOS/org/Source/timers.o
                                      0x1039a (size before relaxing)
 .debug_str     0x00000000000e4a14      0x7de ./Third_Party/FREERTOS/org/Source/portable/GCC/ARM_CM4F/port.o
                                       0xc481 (size before relaxing)
 .debug_str     0x00000000000e51f2      0x232 ./Third_Party/FREERTOS/org/Source/portable/MemMang/heap_4.o
                                       0xeff6 (size before relaxing)
 .debug_str     0x00000000000e5424      0x1b6 ./Third_Party/SEGGER/Config/SEGGER_SYSVIEW_Config_FreeRTOS.o
                                       0xafa8 (size before relaxing)
 .debug_str     0x00000000000e55da     0x1065 ./Third_Party/SEGGER/Segger/SEGGER_RTT.o
                                       0x7bdb (size before relaxing)
 .debug_str     0x00000000000e663f      0xf18 ./Third_Party/SEGGER/Segger/SEGGER_SYSVIEW.o
                                       0x9e1e (size before relaxing)
 .debug_str     0x00000000000e7557       0x98 ./Third_Party/SEGGER/os/SEGGER_SYSVIEW_FreeRTOS.o
                                       0xee88 (size before relaxing)

.debug_frame    0x0000000000000000     0x5c00
 .debug_frame   0x0000000000000000       0x94 ./Core/Src/App_Task.o
 .debug_frame   0x0000000000000094       0xf0 ./Core/Src/main.o
 .debug_frame   0x0000000000000184       0xc4 ./Core/Src/stm32f4xx_hal_msp.o
 .debug_frame   0x0000000000000248       0xc4 ./Core/Src/stm32f4xx_it.o
 .debug_frame   0x000000000000030c       0x58 ./Core/Src/system_stm32f4xx.o
 .debug_frame   0x0000000000000364      0x3b4 ./Drivers/STM32F4xx_HAL_Driver/Src/stm32f4xx_hal.o
 .debug_frame   0x0000000000000718      0x498 ./Drivers/STM32F4xx_HAL_Driver/Src/stm32f4xx_hal_cortex.o
 .debug_frame   0x0000000000000bb0      0x14c ./Drivers/STM32F4xx_HAL_Driver/Src/stm32f4xx_hal_gpio.o
 .debug_frame   0x0000000000000cfc      0x1f4 ./Drivers/STM32F4xx_HAL_Driver/Src/stm32f4xx_hal_rcc.o
 .debug_frame   0x0000000000000ef0      0x13c ./Drivers/STM32F4xx_HAL_Driver/Src/stm32f4xx_hal_rcc_ex.o
 .debug_frame   0x000000000000102c     0x11c4 ./Drivers/STM32F4xx_HAL_Driver/Src/stm32f4xx_hal_tim.o
 .debug_frame   0x00000000000021f0      0x638 ./Drivers/STM32F4xx_HAL_Driver/Src/stm32f4xx_hal_tim_ex.o
 .debug_frame   0x0000000000002828      0x92c ./Drivers/STM32F4xx_HAL_Driver/Src/stm32f4xx_hal_uart.o
 .debug_frame   0x0000000000003154       0xd8 ./Third_Party/FREERTOS/org/Source/list.o
 .debug_frame   0x000000000000322c      0x61c ./Third_Party/FREERTOS/org/Source/queue.o
 .debug_frame   0x0000000000003848      0x8b8 ./Third_Party/FREERTOS/org/Source/tasks.o
 .debug_frame   0x0000000000004100      0x340 ./Third_Party/FREERTOS/org/Source/timers.o
 .debug_frame   0x0000000000004440      0x1a8 ./Third_Party/FREERTOS/org/Source/portable/GCC/ARM_CM4F/port.o
 .debug_frame   0x00000000000045e8      0x108 ./Third_Party/FREERTOS/org/Source/portable/MemMang/heap_4.o