Archive member included to satisfy reference by file (symbol)

E:/Software/STM32CubeIDE_1.11.0/STM32CubeIDE/plugins/com.st.stm32cube.ide.mcu.externaltools.gnu-tools-for-stm32.11.3.rel1.win32_1.1.1.202309131626/tools/bin/../lib/gcc/arm-none-eabi/11.3.1/../../../../arm-none-eabi/lib/thumb/v7e-m+fp/hard\libc_nano.a(libc_a-exit.o)
                              E:/Software/STM32CubeIDE_1.11.0/STM32CubeIDE/plugins/com.st.stm32cube.ide.mcu.externaltools.gnu-tools-for-stm32.11.3.rel1.win32_1.1.1.202309131626/tools/bin/../lib/gcc/arm-none-eabi/11.3.1/../../../../arm-none-eabi/lib/thumb/v7e-m+fp/hard/crt0.o (exit)
E:/Software/STM32CubeIDE_1.11.0/STM32CubeIDE/plugins/com.st.stm32cube.ide.mcu.externaltools.gnu-tools-for-stm32.11.3.rel1.win32_1.1.1.202309131626/tools/bin/../lib/gcc/arm-none-eabi/11.3.1/../../../../arm-none-eabi/lib/thumb/v7e-m+fp/hard\libc_nano.a(libc_a-findfp.o)
                              E:/Software/STM32CubeIDE_1.11.0/STM32CubeIDE/plugins/com.st.stm32cube.ide.mcu.externaltools.gnu-tools-for-stm32.11.3.rel1.win32_1.1.1.202309131626/tools/bin/../lib/gcc/arm-none-eabi/11.3.1/../../../../arm-none-eabi/lib/thumb/v7e-m+fp/hard\libc_nano.a(libc_a-exit.o) (__stdio_exit_handler)
E:/Software/STM32CubeIDE_1.11.0/STM32CubeIDE/plugins/com.st.stm32cube.ide.mcu.externaltools.gnu-tools-for-stm32.11.3.rel1.win32_1.1.1.202309131626/tools/bin/../lib/gcc/arm-none-eabi/11.3.1/../../../../arm-none-eabi/lib/thumb/v7e-m+fp/hard\libc_nano.a(libc_a-fwalk.o)
                              E:/Software/STM32CubeIDE_1.11.0/STM32CubeIDE/plugins/com.st.stm32cube.ide.mcu.externaltools.gnu-tools-for-stm32.11.3.rel1.win32_1.1.1.202309131626/tools/bin/../lib/gcc/arm-none-eabi/11.3.1/../../../../arm-none-eabi/lib/thumb/v7e-m+fp/hard\libc_nano.a(libc_a-findfp.o) (_fwalk_sglue)
E:/Software/STM32CubeIDE_1.11.0/STM32CubeIDE/plugins/com.st.stm32cube.ide.mcu.externaltools.gnu-tools-for-stm32.11.3.rel1.win32_1.1.1.202309131626/tools/bin/../lib/gcc/arm-none-eabi/11.3.1/../../../../arm-none-eabi/lib/thumb/v7e-m+fp/hard\libc_nano.a(libc_a-sprintf.o)
                              ./Core/Src/App_Task.o (sprintf)
E:/Software/STM32CubeIDE_1.11.0/STM32CubeIDE/plugins/com.st.stm32cube.ide.mcu.externaltools.gnu-tools-for-stm32.11.3.rel1.win32_1.1.1.202309131626/tools/bin/../lib/gcc/arm-none-eabi/11.3.1/../../../../arm-none-eabi/lib/thumb/v7e-m+fp/hard\libc_nano.a(libc_a-stdio.o)
                              E:/Software/STM32CubeIDE_1.11.0/STM32CubeIDE/plugins/com.st.stm32cube.ide.mcu.externaltools.gnu-tools-for-stm32.11.3.rel1.win32_1.1.1.202309131626/tools/bin/../lib/gcc/arm-none-eabi/11.3.1/../../../../arm-none-eabi/lib/thumb/v7e-m+fp/hard\libc_nano.a(libc_a-findfp.o) (__sread)
E:/Software/STM32CubeIDE_1.11.0/STM32CubeIDE/plugins/com.st.stm32cube.ide.mcu.externaltools.gnu-tools-for-stm32.11.3.rel1.win32_1.1.1.202309131626/tools/bin/../lib/gcc/arm-none-eabi/11.3.1/../../../../arm-none-eabi/lib/thumb/v7e-m+fp/hard\libc_nano.a(libc_a-memcmp.o)
                              ./Third_Party/SEGGER/os/SEGGER_SYSVIEW_FreeRTOS.o (memcmp)
E:/Software/STM32CubeIDE_1.11.0/STM32CubeIDE/plugins/com.st.stm32cube.ide.mcu.externaltools.gnu-tools-for-stm32.11.3.rel1.win32_1.1.1.202309131626/tools/bin/../lib/gcc/arm-none-eabi/11.3.1/../../../../arm-none-eabi/lib/thumb/v7e-m+fp/hard\libc_nano.a(libc_a-memset.o)
                              E:/Software/STM32CubeIDE_1.11.0/STM32CubeIDE/plugins/com.st.stm32cube.ide.mcu.externaltools.gnu-tools-for-stm32.11.3.rel1.win32_1.1.1.202309131626/tools/bin/../lib/gcc/arm-none-eabi/11.3.1/../../../../arm-none-eabi/lib/thumb/v7e-m+fp/hard/crt0.o (memset)
E:/Software/STM32CubeIDE_1.11.0/STM32CubeIDE/plugins/com.st.stm32cube.ide.mcu.externaltools.gnu-tools-for-stm32.11.3.rel1.win32_1.1.1.202309131626/tools/bin/../lib/gcc/arm-none-eabi/11.3.1/../../../../arm-none-eabi/lib/thumb/v7e-m+fp/hard\libc_nano.a(libc_a-closer.o)
                              E:/Software/STM32CubeIDE_1.11.0/STM32CubeIDE/plugins/com.st.stm32cube.ide.mcu.externaltools.gnu-tools-for-stm32.11.3.rel1.win32_1.1.1.202309131626/tools/bin/../lib/gcc/arm-none-eabi/11.3.1/../../../../arm-none-eabi/lib/thumb/v7e-m+fp/hard\libc_nano.a(libc_a-stdio.o) (_close_r)
E:/Software/STM32CubeIDE_1.11.0/STM32CubeIDE/plugins/com.st.stm32cube.ide.mcu.externaltools.gnu-tools-for-stm32.11.3.rel1.win32_1.1.1.202309131626/tools/bin/../lib/gcc/arm-none-eabi/11.3.1/../../../../arm-none-eabi/lib/thumb/v7e-m+fp/hard\libc_nano.a(libc_a-reent.o)
                              E:/Software/STM32CubeIDE_1.11.0/STM32CubeIDE/plugins/com.st.stm32cube.ide.mcu.externaltools.gnu-tools-for-stm32.11.3.rel1.win32_1.1.1.202309131626/tools/bin/../lib/gcc/arm-none-eabi/11.3.1/../../../../arm-none-eabi/lib/thumb/v7e-m+fp/hard\libc_nano.a(libc_a-closer.o) (errno)
[...]
Memory Configuration

Name             Origin             Length             Attributes
CCMRAM           0x0000000010000000 0x0000000000010000 xrw
RAM              0x0000000020000000 0x0000000000030000 xrw
FLASH            0x0000000008000000 0x0000000000200000 xr
*default*        0x0000000000000000 0xffffffffffffffff

Linker script and memory map

LOAD E:/Software/STM32CubeIDE_1.11.0/STM32CubeIDE/plugins/com.st.stm32cube.ide.mcu.externaltools.gnu-tools-for-stm32.11.3.rel1.win32_1.1.1.202309131626/tools/bin/../lib/gcc/arm-none-eabi/11.3.1/thumb/v7e-m+fp/hard/crti.o
LOAD E:/Software/STM32CubeIDE_1.11.0/STM32CubeIDE/plugins/com.st.stm32cube.ide.mcu.externaltools.gnu-tools-for-stm32.11.3.rel1.win32_1.1.1.202309131626/tools/bin/../lib/gcc/arm-none-eabi/11.3.1/thumb/v7e-m+fp/hard/crtbegin.o
LOAD E:/Software/STM32CubeIDE_1.11.0/STM32CubeIDE/plugins/com.st.stm32cube.ide.mcu.externaltools.gnu-tools-for-stm32.11.3.rel1.win32_1.1.1.202309131626/tools/bin/../lib/gcc/arm-none-eabi/11.3.1/../../../../arm-none-eabi/lib/thumb/v7e-m+fp/hard/crt0.o
LOAD ./Core/Src/App_Task.o
LOAD ./Core/Src/main.o
LOAD ./Core/Src/stm32f4xx_hal_msp.o
LOAD ./Core/Src/stm32f4xx_it.o
LOAD ./Core/Src/syscalls.o
LOAD ./Core/Src/sysmem.o
LOAD ./Core/Src/system_stm32f4xx.o
LOAD ./Core/Startup/startup_stm32f429zitx.o
LOAD ./Drivers/STM32F4xx_HAL_Driver/Src/stm32f4xx_hal.o
LOAD ./Drivers/STM32F4xx_HAL_Driver/Src/stm32f4xx_hal_cortex.o
LOAD ./Drivers/STM32F4xx_HAL_Driver/Src/stm32f4xx_hal_dma.o
LOAD ./Drivers/STM32F4xx_HAL_Driver/Src/stm32f4xx_hal_dma_ex.o
LOAD ./Drivers/STM32F4xx_HAL_Driver/Src/stm32f4xx_hal_exti.o
LOAD ./Drivers/STM32F4xx_HAL_Driver/Src/stm32f4xx_hal_flash.o
LOAD ./Drivers/STM32F4xx_HAL_Driver/Src/stm32f4xx_hal_flash_ex.o
LOAD ./Drivers/STM32F4xx_HAL_Driver/Src/stm32f4xx_hal_flash_ramfunc.o
LOAD ./Drivers/STM32F4xx_HAL_Driver/Src/stm32f4xx_hal_gpio.o
LOAD ./Drivers/STM32F4xx_HAL_Driver/Src/stm32f4xx_hal_pwr.o
LOAD ./Drivers/STM32F4xx_HAL_Driver/Src/stm32f4xx_hal_pwr_ex.o
LOAD ./Drivers/STM32F4xx_HAL_Driver/Src/stm32f4xx_hal_rcc.o
LOAD ./Drivers/STM32F4xx_HAL_Driver/Src/stm32f4xx_hal_rcc_ex.o
LOAD ./Drivers/STM32F4xx_HAL_Driver/Src/stm32f4xx_hal_tim.o
LOAD ./Drivers/STM32F4xx_HAL_Driver/Src/stm32f4xx_hal_tim_ex.o
LOAD ./Drivers/STM32F4xx_HAL_Driver/Src/stm32f4xx_hal_uart.o
LOAD ./Third_Party/FREERTOS/org/Source/croutine.o
LOAD ./Third_Party/FREERTOS/org/Source/event_groups.o
LOAD ./Third_Party/FREERTOS/org/Source/list.o
LOAD ./Third_Party/FREERTOS/org/Source/queue.o
LOAD ./Third_Party/FREERTOS/org/Source/stream_buffer.o
LOAD ./Third_Party/FREERTOS/org/Source/tasks.o
LOAD ./Third_Party/FREERTOS/org/Source/timers.o
LOAD ./Third_Party/FREERTOS/org/Source/portable/GCC/ARM_CM4F/port.o
LOAD ./Third_Party/FREERTOS/org/Source/portable/MemMang/heap_4.o
LOAD ./Third_Party/SEGGER/Config/SEGGER_SYSVIEW_Config_FreeRTOS.o
LOAD ./Third_Party/SEGGER/Segger/SEGGER_RTT.o
LOAD ./Third_Party/SEGGER/Segger/SEGGER_SYSVIEW.o
LOAD ./Third_Party/SEGGER/os/SEGGER_SYSVIEW_FreeRTOS.o
START GROUP
LOAD E:/Software/STM32CubeIDE_1.11.0/STM32CubeIDE/plugins/com.st.stm32cube.ide.mcu.externaltools.gnu-tools-for-stm32.11.3.rel1.win32_1.1.1.202309131626/tools/bin/../lib/gcc/arm-none-eabi/11.3.1/../../../../arm-none-eabi/lib/thumb/v7e-m+fp/hard\libc_nano.a
LOAD E:/Software/STM32CubeIDE_1.11.0/STM32CubeIDE/plugins/com.st.stm32cube.ide.mcu.externaltools.gnu-tools-for-stm32.11.3.rel1.win32_1.1.1.202309131626/tools/bin/../lib/gcc/arm-none-eabi/11.3.1/../../../../arm-none-eabi/lib/thumb/v7e-m+fp/hard\libm.a
END GROUP
START GROUP
LOAD E:/Software/STM32CubeIDE_1.11.0/STM32CubeIDE/plugins/com.st.stm32cube.ide.mcu.externaltools.gnu-tools-for-stm32.11.3.rel1.win32_1.1.1.202309131626/tools/bin/../lib/gcc/arm-none-eabi/11.3.1/thumb/v7e-m+fp/hard\libgcc.a
LOAD E:/Software/STM32CubeIDE_1.11.0/STM32CubeIDE/plugins/com.st.stm32cube.ide.mcu.externaltools.gnu-tools-for-stm32.11.3.rel1.win32_1.1.1.202309131626/tools/bin/../lib/gcc/arm-none-eabi/11.3.1/../../../../arm-none-eabi/lib/thumb/v7e-m+fp/hard\libc_nano.a
END GROUP
START GROUP
LOAD E:/Software/STM32CubeIDE_1.11.0/STM32CubeIDE/plugins/com.st.stm32cube.ide.mcu.externaltools.gnu-tools-for-stm32.11.3.rel1.win32_1.1.1.202309131626/tools/bin/../lib/gcc/arm-none-eabi/11.3.1/thumb/v7e-m+fp/hard\libgcc.a
LOAD E:/Software/STM32CubeIDE_1.11.0/STM32CubeIDE/plugins/com.st.stm32cube.ide.mcu.externaltools.gnu-tools-for-stm32.11.3.rel1.win32_1.1.1.202309131626/tools/bin/../lib/gcc/arm-none-eabi/11.3.1/../../../../arm-none-eabi/lib/thumb/v7e-m+fp/hard\libc_nano.a
LOAD E:/Software/STM32CubeIDE_1.11.0/STM32CubeIDE/plugins/com.st.stm32cube.ide.mcu.externaltools.gnu-tools-for-stm32.11.3.rel1.win32_1.1.1.202309131626/tools/bin/../lib/gcc/arm-none-eabi/11.3.1/../../../../arm-none-eabi/lib/thumb/v7e-m+fp/hard\libnosys.a
END GROUP
START GROUP
LOAD E:/Software/STM32CubeIDE_1.11.0/STM32CubeIDE/plugins/com.st.stm32cube.ide.mcu.externaltools.gnu-tools-for-stm32.11.3.rel1.win32_1.1.1.202309131626/tools/bin/../lib/gcc/arm-none-eabi/11.3.1/thumb/v7e-m+fp/hard\libgcc.a
LOAD E:/Software/STM32CubeIDE_1.11.0/STM32CubeIDE/plugins/com.st.stm32cube.ide.mcu.externaltools.gnu-tools-for-stm32.11.3.rel1.win32_1.1.1.202309131626/tools/bin/../lib/gcc/arm-none-eabi/11.3.1/../../../../arm-none-eabi/lib/thumb/v7e-m+fp/hard\libc_nano.a
LOAD E:/Software/STM32CubeIDE_1.11.0/STM32CubeIDE/plugins/com.st.stm32cube.ide.mcu.externaltools.gnu-tools-for-stm32.11.3.rel1.win32_1.1.1.202309131626/tools/bin/../lib/gcc/arm-none-eabi/11.3.1/../../../../arm-none-eabi/lib/thumb/v7e-m+fp/hard\libnosys.a
END GROUP
LOAD E:/Software/STM32CubeIDE_1.11.0/STM32CubeIDE/plugins/com.st.stm32cube.ide.mcu.externaltools.gnu-tools-for-stm32.11.3.rel1.win32_1.1.1.202309131626/tools/bin/../lib/gcc/arm-none-eabi/11.3.1/thumb/v7e-m+fp/hard/crtend.o
LOAD E:/Software/STM32CubeIDE_1.11.0/STM32CubeIDE/plugins/com.st.stm32cube.ide.mcu.externaltools.gnu-tools-for-stm32.11.3.rel1.win32_1.1.1.202309131626/tools/bin/../lib/gcc/arm-none-eabi/11.3.1/thumb/v7e-m+fp/hard/crtn.o
                0x0000000020030000                _estack = (ORIGIN (RAM) + LENGTH (RAM))
                0x0000000000000200                _Min_Heap_Size = 0x200
                0x0000000000000400                _Min_Stack_Size = 0x400

.isr_vector     0x0000000008000000      0x1ac
                0x0000000008000000                . = ALIGN (0x4)
 *(.isr_vector)
 .isr_vector    0x0000000008000000      0x1ac ./Core/Startup/startup_stm32f429zitx.o
                0x0000000008000000                g_pfnVectors
                0x00000000080001ac                . = ALIGN (0x4)

.text           0x00000000080001b0     0x6cec
                0x00000000080001b0                . = ALIGN (0x4)
 *(.text)
 .text          0x00000000080001b0       0x40 E:/Software/STM32CubeIDE_1.11.0/STM32CubeIDE/plugins/com.st.stm32cube.ide.mcu.externaltools.gnu-tools-for-stm32.11.3.rel1.win32_1.1.1.202309131626/tools/bin/../lib/gcc/arm-none-eabi/11.3.1/thumb/v7e-m+fp/hard/crtbegin.o
 .text          0x00000000080001f0       0xa0 E:/Software/STM32CubeIDE_1.11.0/STM32CubeIDE/plugins/com.st.stm32cube.ide.mcu.externaltools.gnu-tools-for-stm32.11.3.rel1.win32_1.1.1.202309131626/tools/bin/../lib/gcc/arm-none-eabi/11.3.1/../../../../arm-none-eabi/lib/thumb/v7e-m+fp/hard\libc_nano.a(libc_a-memchr.o)
                0x00000000080001f0                memchr
 .text          0x0000000008000290       0x30 E:/Software/STM32CubeIDE_1.11.0/STM32CubeIDE/plugins/com.st.stm32cube.ide.mcu.externaltools.gnu-tools-for-stm32.11.3.rel1.win32_1.1.1.202309131626/tools/bin/../lib/gcc/arm-none-eabi/11.3.1/thumb/v7e-m+fp/hard\libgcc.a(_aeabi_uldivmod.o)
                0x0000000008000290                __aeabi_uldivmod
 .text          0x00000000080002c0      0x2c8 E:/Software/STM32CubeIDE_1.11.0/STM32CubeIDE/plugins/com.st.stm32cube.ide.mcu.externaltools.gnu-tools-for-stm32.11.3.rel1.win32_1.1.1.202309131626/tools/bin/../lib/gcc/arm-none-eabi/11.3.1/thumb/v7e-m+fp/hard\libgcc.a(_udivmoddi4.o)
                0x00000000080002c0                __udivmoddi4
 .text          0x0000000008000588        0x4 E:/Software/STM32CubeIDE_1.11.0/STM32CubeIDE/plugins/com.st.stm32cube.ide.mcu.externaltools.gnu-tools-for-stm32.11.3.rel1.win32_1.1.1.202309131626/tools/bin/../lib/gcc/arm-none-eabi/11.3.1/thumb/v7e-m+fp/hard\libgcc.a(_dvmd_tls.o)
                0x0000000008000588                __aeabi_idiv0
                0x0000000008000588                __aeabi_ldiv0
 *(.text*)
 .text.Task1_Handler
                0x000000000800058c       0x48 ./Core/Src/App_Task.o
                0x000000000800058c                Task1_Handler
 .text.Task2_Handler
                0x00000000080005d4       0x48 ./Core/Src/App_Task.o
                0x00000000080005d4                Task2_Handler
 .text.Task3_Handler
                0x000000000800061c       0x60 ./Core/Src/App_Task.o
                0x000000000800061c                Task3_Handler
 .text.main     0x000000000800067c       0xec ./Core/Src/main.o
                0x000000000800067c                main
 .text.MX_TIM6_Init
                0x0000000008000768       0x6c ./Core/Src/main.o
 .text.MX_USART1_UART_Init
                0x00000000080007d4       0x54 ./Core/Src/main.o
 .text.MX_GPIO_Init
                0x0000000008000828       0x88 ./Core/Src/main.o
 .text.vApplicationIdleHook
                0x00000000080008b0       0x1c ./Core/Src/main.o
                0x00000000080008b0                vApplicationIdleHook
 .text.Error_Handler
                0x00000000080008cc        0xa ./Core/Src/main.o
                0x00000000080008cc                Error_Handler
 *fill*         0x00000000080008d6        0x2 
 .text.HAL_TIM_Base_MspInit
                0x00000000080008d8       0x50 ./Core/Src/stm32f4xx_hal_msp.o
                0x00000000080008d8                HAL_TIM_Base_MspInit
 .text.HAL_UART_MspInit
                0x0000000008000928       0x90 ./Core/Src/stm32f4xx_hal_msp.o
                0x0000000008000928                HAL_UART_MspInit
 .text.NMI_Handler
                0x00000000080009b8        0x6 ./Core/Src/stm32f4xx_it.o
                0x00000000080009b8                NMI_Handler
 .text.HardFault_Handler
                0x00000000080009be        0x6 ./Core/Src/stm32f4xx_it.o
                0x00000000080009be                HardFault_Handler
 .text.MemManage_Handler
                0x00000000080009c4        0x6 ./Core/Src/stm32f4xx_it.o
                0x00000000080009c4                MemManage_Handler
 .text.BusFault_Handler
                0x00000000080009ca        0x6 ./Core/Src/stm32f4xx_it.o
                0x00000000080009ca                BusFault_Handler
 .text.UsageFault_Handler
                0x00000000080009d0        0x6 ./Core/Src/stm32f4xx_it.o
                0x00000000080009d0                UsageFault_Handler
 .text.DebugMon_Handler
                0x00000000080009d6        0xe ./Core/Src/stm32f4xx_it.o
                0x00000000080009d6                DebugMon_Handler
 .text.TIM6_DAC_IRQHandler
                0x00000000080009e4       0x14 ./Core/Src/stm32f4xx_it.o
                0x00000000080009e4                TIM6_DAC_IRQHandler
 .text._sbrk    0x00000000080009f8       0x6c ./Core/Src/sysmem.o
                0x00000000080009f8                _sbrk
 .text.SystemInit
                0x0000000008000a64       0x24 ./Core/Src/system_stm32f4xx.o
                0x0000000008000a64                SystemInit
 .text.SystemCoreClockUpdate
                0x0000000008000a88      0x100 ./Core/Src/system_stm32f4xx.o
                0x0000000008000a88                SystemCoreClockUpdate
 .text.Reset_Handler
                0x0000000008000b88       0x50 ./Core/Startup/startup_stm32f429zitx.o
                0x0000000008000b88                Reset_Handler
 .text.Default_Handler
                0x0000000008000bd8        0x2 ./Core/Startup/startup_stm32f429zitx.o
                0x0000000008000bd8                RTC_Alarm_IRQHandler
                0x0000000008000bd8                HASH_RNG_IRQHandler
                0x0000000008000bd8                EXTI2_IRQHandler
                0x0000000008000bd8                TIM8_CC_IRQHandler
                0x0000000008000bd8                UART8_IRQHandler
                0x0000000008000bd8                SPI4_IRQHandler
                0x0000000008000bd8                TIM1_CC_IRQHandler
                0x0000000008000bd8                DMA2_Stream5_IRQHandler
                0x0000000008000bd8                DMA1_Stream5_IRQHandler
                0x0000000008000bd8                PVD_IRQHandler
                0x0000000008000bd8                SDIO_IRQHandler
                0x0000000008000bd8                TAMP_STAMP_IRQHandler
                0x0000000008000bd8                CAN2_RX1_IRQHandler
                0x0000000008000bd8                EXTI3_IRQHandler
                0x0000000008000bd8                TIM8_TRG_COM_TIM14_IRQHandler
                0x0000000008000bd8                TIM1_UP_TIM10_IRQHandler
                0x0000000008000bd8                TIM8_UP_TIM13_IRQHandler
                0x0000000008000bd8                I2C3_ER_IRQHandler
                0x0000000008000bd8                EXTI0_IRQHandler
                0x0000000008000bd8                I2C2_EV_IRQHandler
                0x0000000008000bd8                DMA1_Stream2_IRQHandler
                0x0000000008000bd8                CAN1_RX0_IRQHandler
                0x0000000008000bd8                FPU_IRQHandler
                0x0000000008000bd8                OTG_HS_WKUP_IRQHandler
                0x0000000008000bd8                LTDC_ER_IRQHandler
                0x0000000008000bd8                CAN2_SCE_IRQHandler
                0x0000000008000bd8                DMA2_Stream2_IRQHandler
                0x0000000008000bd8                SPI1_IRQHandler
                0x0000000008000bd8                TIM1_BRK_TIM9_IRQHandler
                0x0000000008000bd8                DCMI_IRQHandler
                0x0000000008000bd8                CAN2_RX0_IRQHandler
                0x0000000008000bd8                DMA2_Stream3_IRQHandler
                0x0000000008000bd8                USART6_IRQHandler
                0x0000000008000bd8                USART3_IRQHandler
                0x0000000008000bd8                CAN1_RX1_IRQHandler
                0x0000000008000bd8                UART5_IRQHandler
                0x0000000008000bd8                DMA2_Stream0_IRQHandler
                0x0000000008000bd8                TIM4_IRQHandler
                0x0000000008000bd8                I2C1_EV_IRQHandler
                0x0000000008000bd8                DMA1_Stream6_IRQHandler
                0x0000000008000bd8                DMA1_Stream1_IRQHandler
                0x0000000008000bd8                UART4_IRQHandler
                0x0000000008000bd8                TIM3_IRQHandler
                0x0000000008000bd8                RCC_IRQHandler
                0x0000000008000bd8                TIM8_BRK_TIM12_IRQHandler
                0x0000000008000bd8                Default_Handler
                0x0000000008000bd8                EXTI15_10_IRQHandler
                0x0000000008000bd8                ADC_IRQHandler
                0x0000000008000bd8                DMA1_Stream7_IRQHandler
                0x0000000008000bd8                SPI5_IRQHandler
                0x0000000008000bd8                TIM7_IRQHandler
                0x0000000008000bd8                CAN2_TX_IRQHandler
                0x0000000008000bd8                TIM5_IRQHandler
                0x0000000008000bd8                DMA2_Stream7_IRQHandler
                0x0000000008000bd8                I2C3_EV_IRQHandler
                0x0000000008000bd8                EXTI9_5_IRQHandler
                0x0000000008000bd8                RTC_WKUP_IRQHandler
                0x0000000008000bd8                LTDC_IRQHandler
                0x0000000008000bd8                ETH_WKUP_IRQHandler
                0x0000000008000bd8                SPI2_IRQHandler
                0x0000000008000bd8                OTG_HS_EP1_IN_IRQHandler
                0x0000000008000bd8                DMA1_Stream0_IRQHandler
                0x0000000008000bd8                CAN1_TX_IRQHandler
                0x0000000008000bd8                EXTI4_IRQHandler
                0x0000000008000bd8                ETH_IRQHandler
                0x0000000008000bd8                OTG_HS_EP1_OUT_IRQHandler
                0x0000000008000bd8                WWDG_IRQHandler
                0x0000000008000bd8                SPI6_IRQHandler
                0x0000000008000bd8                TIM2_IRQHandler
                0x0000000008000bd8                OTG_FS_WKUP_IRQHandler
                0x0000000008000bd8                TIM1_TRG_COM_TIM11_IRQHandler
                0x0000000008000bd8                OTG_HS_IRQHandler
                0x0000000008000bd8                DMA2D_IRQHandler
                0x0000000008000bd8                EXTI1_IRQHandler
                0x0000000008000bd8                UART7_IRQHandler
                0x0000000008000bd8                USART2_IRQHandler
                0x0000000008000bd8                I2C2_ER_IRQHandler
                0x0000000008000bd8                DMA2_Stream1_IRQHandler
                0x0000000008000bd8                CAN1_SCE_IRQHandler
                0x0000000008000bd8                FLASH_IRQHandler
                0x0000000008000bd8                DMA2_Stream4_IRQHandler
                0x0000000008000bd8                USART1_IRQHandler
                0x0000000008000bd8                OTG_FS_IRQHandler
                0x0000000008000bd8                SPI3_IRQHandler
                0x0000000008000bd8                DMA1_Stream4_IRQHandler
                0x0000000008000bd8                I2C1_ER_IRQHandler
                0x0000000008000bd8                FMC_IRQHandler
                0x0000000008000bd8                DMA2_Stream6_IRQHandler
                0x0000000008000bd8                SAI1_IRQHandler
                0x0000000008000bd8                DMA1_Stream3_IRQHandler
 *fill*         0x0000000008000bda        0x2 
 .text.HAL_InitTick
                0x0000000008000bdc       0x60 ./Drivers/STM32F4xx_HAL_Driver/Src/stm32f4xx_hal.o
                0x0000000008000bdc                HAL_InitTick
 .text.HAL_GetTick
                0x0000000008000c3c       0x18 ./Drivers/STM32F4xx_HAL_Driver/Src/stm32f4xx_hal.o
                0x0000000008000c3c                HAL_GetTick
 .text.__NVIC_GetPriorityGrouping
                0x0000000008000c54       0x1c ./Drivers/STM32F4xx_HAL_Driver/Src/stm32f4xx_hal_cortex.o
 .text.__NVIC_EnableIRQ
                0x0000000008000c70       0x3c ./Drivers/STM32F4xx_HAL_Driver/Src/stm32f4xx_hal_cortex.o
 .text.__NVIC_SetPriority
                0x0000000008000cac       0x54 ./Drivers/STM32F4xx_HAL_Driver/Src/stm32f4xx_hal_cortex.o
 .text.NVIC_EncodePriority
                0x0000000008000d00       0x66 ./Drivers/STM32F4xx_HAL_Driver/Src/stm32f4xx_hal_cortex.o
 *fill*         0x0000000008000d66        0x2 
 .text.SysTick_Config
                0x0000000008000d68       0x44 ./Drivers/STM32F4xx_HAL_Driver/Src/stm32f4xx_hal_cortex.o
 .text.HAL_NVIC_SetPriority
                0x0000000008000dac       0x38 ./Drivers/STM32F4xx_HAL_Driver/Src/stm32f4xx_hal_cortex.o
                0x0000000008000dac                HAL_NVIC_SetPriority
 .text.HAL_NVIC_EnableIRQ
                0x0000000008000de4       0x1c ./Drivers/STM32F4xx_HAL_Driver/Src/stm32f4xx_hal_cortex.o
                0x0000000008000de4                HAL_NVIC_EnableIRQ
 .text.HAL_SYSTICK_Config
                0x0000000008000e00       0x18 ./Drivers/STM32F4xx_HAL_Driver/Src/stm32f4xx_hal_cortex.o
                0x0000000008000e00                HAL_SYSTICK_Config
 .text.HAL_GPIO_Init
                0x0000000008000e18      0x358 ./Drivers/STM32F4xx_HAL_Driver/Src/stm32f4xx_hal_gpio.o
                0x0000000008000e18                HAL_GPIO_Init
 .text.HAL_GPIO_WritePin
                0x0000000008001170       0x32 ./Drivers/STM32F4xx_HAL_Driver/Src/stm32f4xx_hal_gpio.o
                0x0000000008001170                HAL_GPIO_WritePin
 .text.HAL_GPIO_TogglePin
                0x00000000080011a2       0x34 ./Drivers/STM32F4xx_HAL_Driver/Src/stm32f4xx_hal_gpio.o
                0x00000000080011a2                HAL_GPIO_TogglePin
 *fill*         0x00000000080011d6        0x2 
 .text.HAL_RCC_GetHCLKFreq
                0x00000000080011d8       0x18 ./Drivers/STM32F4xx_HAL_Driver/Src/stm32f4xx_hal_rcc.o
                0x00000000080011d8                HAL_RCC_GetHCLKFreq
 .text.HAL_RCC_GetPCLK1Freq
                0x00000000080011f0       0x28 ./Drivers/STM32F4xx_HAL_Driver/Src/stm32f4xx_hal_rcc.o
                0x00000000080011f0                HAL_RCC_GetPCLK1Freq
 .text.HAL_RCC_GetPCLK2Freq
                0x0000000008001218       0x28 ./Drivers/STM32F4xx_HAL_Driver/Src/stm32f4xx_hal_rcc.o
                0x0000000008001218                HAL_RCC_GetPCLK2Freq
 .text.HAL_RCC_DeInit
                0x0000000008001240      0x1f0 ./Drivers/STM32F4xx_HAL_Driver/Src/stm32f4xx_hal_rcc_ex.o
                0x0000000008001240                HAL_RCC_DeInit
 .text.HAL_TIM_Base_Init
                0x0000000008001430       0x9e ./Drivers/STM32F4xx_HAL_Driver/Src/stm32f4xx_hal_tim.o
                0x0000000008001430                HAL_TIM_Base_Init
 .text.HAL_TIM_IRQHandler
                0x00000000080014ce      0x210 ./Drivers/STM32F4xx_HAL_Driver/Src/stm32f4xx_hal_tim.o
                0x00000000080014ce                HAL_TIM_IRQHandler
 .text.HAL_TIM_PeriodElapsedCallback
                0x00000000080016de       0x14 ./Drivers/STM32F4xx_HAL_Driver/Src/stm32f4xx_hal_tim.o
                0x00000000080016de                HAL_TIM_PeriodElapsedCallback
 .text.HAL_TIM_OC_DelayElapsedCallback
                0x00000000080016f2       0x14 ./Drivers/STM32F4xx_HAL_Driver/Src/stm32f4xx_hal_tim.o
                0x00000000080016f2                HAL_TIM_OC_DelayElapsedCallback
 .text.HAL_TIM_IC_CaptureCallback
                0x0000000008001706       0x14 ./Drivers/STM32F4xx_HAL_Driver/Src/stm32f4xx_hal_tim.o
                0x0000000008001706                HAL_TIM_IC_CaptureCallback
 .text.HAL_TIM_PWM_PulseFinishedCallback
                0x000000000800171a       0x14 ./Drivers/STM32F4xx_HAL_Driver/Src/stm32f4xx_hal_tim.o
                0x000000000800171a                HAL_TIM_PWM_PulseFinishedCallback
 .text.HAL_TIM_TriggerCallback
                0x000000000800172e       0x14 ./Drivers/STM32F4xx_HAL_Driver/Src/stm32f4xx_hal_tim.o
                0x000000000800172e                HAL_TIM_TriggerCallback
 *fill*         0x0000000008001742        0x2 
 .text.TIM_Base_SetConfig
                0x0000000008001744      0x140 ./Drivers/STM32F4xx_HAL_Driver/Src/stm32f4xx_hal_tim.o
                0x0000000008001744                TIM_Base_SetConfig
 .text.HAL_TIMEx_MasterConfigSynchronization
                0x0000000008001884       0xf8 ./Drivers/STM32F4xx_HAL_Driver/Src/stm32f4xx_hal_tim_ex.o
                0x0000000008001884                HAL_TIMEx_MasterConfigSynchronization
 .text.HAL_TIMEx_CommutCallback
                0x000000000800197c       0x14 ./Drivers/STM32F4xx_HAL_Driver/Src/stm32f4xx_hal_tim_ex.o
                0x000000000800197c                HAL_TIMEx_CommutCallback
 .text.HAL_TIMEx_BreakCallback
                0x0000000008001990       0x14 ./Drivers/STM32F4xx_HAL_Driver/Src/stm32f4xx_hal_tim_ex.o
                0x0000000008001990                HAL_TIMEx_BreakCallback
 .text.HAL_UART_Init
                0x00000000080019a4       0x9a ./Drivers/STM32F4xx_HAL_Driver/Src/stm32f4xx_hal_uart.o
                0x00000000080019a4                HAL_UART_Init
 *fill*         0x0000000008001a3e        0x2 
 .text.UART_SetConfig
                0x0000000008001a40      0x4e8 ./Drivers/STM32F4xx_HAL_Driver/Src/stm32f4xx_hal_uart.o
 .text.vListInitialise
                0x0000000008001f28       0x40 ./Third_Party/FREERTOS/org/Source/list.o
                0x0000000008001f28                vListInitialise
 .text.vListInitialiseItem
                0x0000000008001f68       0x1a ./Third_Party/FREERTOS/org/Source/list.o
                0x0000000008001f68                vListInitialiseItem
 .text.vListInsertEnd
                0x0000000008001f82       0x48 ./Third_Party/FREERTOS/org/Source/list.o
                0x0000000008001f82                vListInsertEnd
 .text.vListInsert
                0x0000000008001fca       0x72 ./Third_Party/FREERTOS/org/Source/list.o
                0x0000000008001fca                vListInsert
 .text.uxListRemove
                0x000000000800203c       0x54 ./Third_Party/FREERTOS/org/Source/list.o
                0x000000000800203c                uxListRemove
 .text.xQueueGenericReset
                0x0000000008002090       0xd0 ./Third_Party/FREERTOS/org/Source/queue.o
                0x0000000008002090                xQueueGenericReset
 .text.xQueueGenericCreate
                0x0000000008002160       0x74 ./Third_Party/FREERTOS/org/Source/queue.o
                0x0000000008002160                xQueueGenericCreate
 .text.prvInitialiseNewQueue
                0x00000000080021d4       0x58 ./Third_Party/FREERTOS/org/Source/queue.o
 .text.xQueueGenericSend
                0x000000000800222c      0x270 ./Third_Party/FREERTOS/org/Source/queue.o
                0x000000000800222c                xQueueGenericSend
 .text.xQueueGenericSendFromISR
                0x000000000800249c      0x17c ./Third_Party/FREERTOS/org/Source/queue.o
                0x000000000800249c                xQueueGenericSendFromISR
 .text.xQueueReceive
                0x0000000008002618      0x220 ./Third_Party/FREERTOS/org/Source/queue.o
                0x0000000008002618                xQueueReceive
 .text.prvCopyDataToQueue
                0x0000000008002838       0xd4 ./Third_Party/FREERTOS/org/Source/queue.o
 .text.prvCopyDataFromQueue
                0x000000000800290c       0x4c ./Third_Party/FREERTOS/org/Source/queue.o
 .text.prvUnlockQueue
                0x0000000008002958       0xc0 ./Third_Party/FREERTOS/org/Source/queue.o
 .text.prvIsQueueEmpty
                0x0000000008002a18       0x2c ./Third_Party/FREERTOS/org/Source/queue.o
 .text.prvIsQueueFull
                0x0000000008002a44       0x30 ./Third_Party/FREERTOS/org/Source/queue.o
 .text.vQueueAddToRegistry
                0x0000000008002a74       0x64 ./Third_Party/FREERTOS/org/Source/queue.o
                0x0000000008002a74                vQueueAddToRegistry
 .text.vQueueWaitForMessageRestricted
                0x0000000008002ad8       0x68 ./Third_Party/FREERTOS/org/Source/queue.o
                0x0000000008002ad8                vQueueWaitForMessageRestricted
 .text.xQueueCreateSet
                0x0000000008002b40       0x1e ./Third_Party/FREERTOS/org/Source/queue.o
                0x0000000008002b40                xQueueCreateSet
 .text.xQueueAddToSet
                0x0000000008002b5e       0x42 ./Third_Party/FREERTOS/org/Source/queue.o
                0x0000000008002b5e                xQueueAddToSet
 .text.xQueueSelectFromSet
                0x0000000008002ba0       0x26 ./Third_Party/FREERTOS/org/Source/queue.o
                0x0000000008002ba0                xQueueSelectFromSet
 .text.prvNotifyQueueSetContainer
                0x0000000008002bc6       0xcc ./Third_Party/FREERTOS/org/Source/queue.o
 .text.xTaskCreate
                0x0000000008002c92       0x82 ./Third_Party/FREERTOS/org/Source/tasks.o
                0x0000000008002c92                xTaskCreate
 .text.prvInitialiseNewTask
                0x0000000008002d14      0x10e ./Third_Party/FREERTOS/org/Source/tasks.o
 *fill*         0x0000000008002e22        0x2 
 .text.prvAddNewTaskToReadyList
                0x0000000008002e24      0x118 ./Third_Party/FREERTOS/org/Source/tasks.o
 .text.vTaskDelay
                0x0000000008002f3c       0x70 ./Third_Party/FREERTOS/org/Source/tasks.o
                0x0000000008002f3c                vTaskDelay
 .text.uxTaskPriorityGet
                0x0000000008002fac       0x34 ./Third_Party/FREERTOS/org/Source/tasks.o
                0x0000000008002fac                uxTaskPriorityGet
 .text.vTaskStartScheduler
                0x0000000008002fe0       0x9c ./Third_Party/FREERTOS/org/Source/tasks.o
                0x0000000008002fe0                vTaskStartScheduler
 .text.vTaskSuspendAll
                0x000000000800307c       0x1c ./Third_Party/FREERTOS/org/Source/tasks.o
                0x000000000800307c                vTaskSuspendAll
 .text.xTaskResumeAll
                0x0000000008003098      0x140 ./Third_Party/FREERTOS/org/Source/tasks.o
                0x0000000008003098                xTaskResumeAll
 .text.xTaskGetTickCount
                0x00000000080031d8       0x20 ./Third_Party/FREERTOS/org/Source/tasks.o
                0x00000000080031d8                xTaskGetTickCount
 .text.xTaskGetTickCountFromISR
                0x00000000080031f8       0x24 ./Third_Party/FREERTOS/org/Source/tasks.o
                0x00000000080031f8                xTaskGetTickCountFromISR
 .text.xTaskIncrementTick
                0x000000000800321c      0x184 ./Third_Party/FREERTOS/org/Source/tasks.o
                0x000000000800321c                xTaskIncrementTick
 .text.vTaskSwitchContext
                0x00000000080033a0       0xd4 ./Third_Party/FREERTOS/org/Source/tasks.o
                0x00000000080033a0                vTaskSwitchContext
 .text.vTaskPlaceOnEventList
                0x0000000008003474       0x48 ./Third_Party/FREERTOS/org/Source/tasks.o
                0x0000000008003474                vTaskPlaceOnEventList
 .text.vTaskPlaceOnEventListRestricted
                0x00000000080034bc       0x5c ./Third_Party/FREERTOS/org/Source/tasks.o
                0x00000000080034bc                vTaskPlaceOnEventListRestricted
 .text.xTaskRemoveFromEventList
                0x0000000008003518       0xcc ./Third_Party/FREERTOS/org/Source/tasks.o
                0x0000000008003518                xTaskRemoveFromEventList
 .text.vTaskInternalSetTimeOutState
                0x00000000080035e4       0x2c ./Third_Party/FREERTOS/org/Source/tasks.o
                0x00000000080035e4                vTaskInternalSetTimeOutState
 .text.xTaskCheckForTimeOut
                0x0000000008003610       0xc4 ./Third_Party/FREERTOS/org/Source/tasks.o
                0x0000000008003610                xTaskCheckForTimeOut
 .text.vTaskMissedYield
                0x00000000080036d4       0x18 ./Third_Party/FREERTOS/org/Source/tasks.o
                0x00000000080036d4                vTaskMissedYield
 .text.prvIdleTask
                0x00000000080036ec       0x34 ./Third_Party/FREERTOS/org/Source/tasks.o
 .text.prvInitialiseTaskLists
                0x0000000008003720       0x80 ./Third_Party/FREERTOS/org/Source/tasks.o
 .text.prvCheckTasksWaitingTermination
                0x00000000080037a0       0x5c ./Third_Party/FREERTOS/org/Source/tasks.o
 .text.prvDeleteTCB
                0x00000000080037fc       0x20 ./Third_Party/FREERTOS/org/Source/tasks.o
 .text.prvResetNextTaskUnblockTime
                0x000000000800381c       0x4c ./Third_Party/FREERTOS/org/Source/tasks.o
 .text.xTaskGetSchedulerState
                0x0000000008003868       0x3c ./Third_Party/FREERTOS/org/Source/tasks.o
                0x0000000008003868                xTaskGetSchedulerState
 .text.xTaskPriorityDisinherit
                0x00000000080038a4      0x114 ./Third_Party/FREERTOS/org/Source/tasks.o
                0x00000000080038a4                xTaskPriorityDisinherit
 .text.prvAddCurrentTaskToDelayedList
                0x00000000080039b8       0xf0 ./Third_Party/FREERTOS/org/Source/tasks.o
 .text.xTimerCreateTimerTask
                0x0000000008003aa8       0x64 ./Third_Party/FREERTOS/org/Source/timers.o
                0x0000000008003aa8                xTimerCreateTimerTask
 .text.xTimerGenericCommand
                0x0000000008003b0c       0x9c ./Third_Party/FREERTOS/org/Source/timers.o
                0x0000000008003b0c                xTimerGenericCommand
 .text.prvProcessExpiredTimer
                0x0000000008003ba8       0x80 ./Third_Party/FREERTOS/org/Source/timers.o
 .text.prvTimerTask
                0x0000000008003c28       0x24 ./Third_Party/FREERTOS/org/Source/timers.o
 .text.prvProcessTimerOrBlockTask
                0x0000000008003c4c       0x9c ./Third_Party/FREERTOS/org/Source/timers.o
 .text.prvGetNextExpireTime
                0x0000000008003ce8       0x48 ./Third_Party/FREERTOS/org/Source/timers.o
 .text.prvSampleTimeNow
                0x0000000008003d30       0x40 ./Third_Party/FREERTOS/org/Source/timers.o
 .text.prvInsertTimerInActiveList
                0x0000000008003d70       0x84 ./Third_Party/FREERTOS/org/Source/timers.o
 .text.prvProcessReceivedCommands
                0x0000000008003df4      0x128 ./Third_Party/FREERTOS/org/Source/timers.o
 .text.prvSwitchTimerLists
                0x0000000008003f1c       0xc4 ./Third_Party/FREERTOS/org/Source/timers.o
 .text.prvCheckForValidListAndQueue
                0x0000000008003fe0       0x6c ./Third_Party/FREERTOS/org/Source/timers.o
 .text.pxPortInitialiseStack
                0x000000000800404c       0x68 ./Third_Party/FREERTOS/org/Source/portable/GCC/ARM_CM4F/port.o
                0x000000000800404c                pxPortInitialiseStack
 .text.prvTaskExitError
                0x00000000080040b4       0x58 ./Third_Party/FREERTOS/org/Source/portable/GCC/ARM_CM4F/port.o
 *fill*         0x000000000800410c        0x4 
 .text.SVC_Handler
                0x0000000008004110       0x28 ./Third_Party/FREERTOS/org/Source/portable/GCC/ARM_CM4F/port.o
                0x0000000008004110                SVC_Handler
 .text.prvPortStartFirstTask
                0x0000000008004138       0x28 ./Third_Party/FREERTOS/org/Source/portable/GCC/ARM_CM4F/port.o
 .text.xPortStartScheduler
                0x0000000008004160      0x144 ./Third_Party/FREERTOS/org/Source/portable/GCC/ARM_CM4F/port.o
                0x0000000008004160                xPortStartScheduler
 .text.vPortEnterCritical
                0x00000000080042a4       0x60 ./Third_Party/FREERTOS/org/Source/portable/GCC/ARM_CM4F/port.o
                0x00000000080042a4                vPortEnterCritical
 .text.vPortExitCritical
                0x0000000008004304       0x54 ./Third_Party/FREERTOS/org/Source/portable/GCC/ARM_CM4F/port.o
                0x0000000008004304                vPortExitCritical
 *fill*         0x0000000008004358        0x8 
 .text.PendSV_Handler
                0x0000000008004360       0x68 ./Third_Party/FREERTOS/org/Source/portable/GCC/ARM_CM4F/port.o
                0x0000000008004360                PendSV_Handler
 .text.SysTick_Handler
                0x00000000080043c8       0x54 ./Third_Party/FREERTOS/org/Source/portable/GCC/ARM_CM4F/port.o
                0x00000000080043c8                SysTick_Handler
 .text.vPortSetupTimerInterrupt
                0x000000000800441c       0x48 ./Third_Party/FREERTOS/org/Source/portable/GCC/ARM_CM4F/port.o
                0x000000000800441c                vPortSetupTimerInterrupt
 .text.vPortEnableVFP
                0x0000000008004464       0x14 ./Third_Party/FREERTOS/org/Source/portable/GCC/ARM_CM4F/port.o
 .text.vPortValidateInterruptPriority
                0x0000000008004478       0x80 ./Third_Party/FREERTOS/org/Source/portable/GCC/ARM_CM4F/port.o
                0x0000000008004478                vPortValidateInterruptPriority
 .text.pvPortMalloc
                0x00000000080044f8      0x188 ./Third_Party/FREERTOS/org/Source/portable/MemMang/heap_4.o
                0x00000000080044f8                pvPortMalloc
 .text.vPortFree
                0x0000000008004680       0xb4 ./Third_Party/FREERTOS/org/Source/portable/MemMang/heap_4.o
                0x0000000008004680                vPortFree
 .text.prvHeapInit
                0x0000000008004734       0xc4 ./Third_Party/FREERTOS/org/Source/portable/MemMang/heap_4.o
 .text.prvInsertBlockIntoFreeList
                0x00000000080047f8       0xb4 ./Third_Party/FREERTOS/org/Source/portable/MemMang/heap_4.o
 .text._cbSendSystemDesc
                0x00000000080048ac       0x1c ./Third_Party/SEGGER/Config/SEGGER_SYSVIEW_Config_FreeRTOS.o
 .text.SEGGER_SYSVIEW_Conf
                0x00000000080048c8       0x2c ./Third_Party/SEGGER/Config/SEGGER_SYSVIEW_Config_FreeRTOS.o
                0x00000000080048c8                SEGGER_SYSVIEW_Conf
 .text._DoInit  0x00000000080048f4       0xb4 ./Third_Party/SEGGER/Segger/SEGGER_RTT.o
 .text.SEGGER_RTT_ReadNoLock
                0x00000000080049a8      0x10c ./Third_Party/SEGGER/Segger/SEGGER_RTT.o
                0x00000000080049a8                SEGGER_RTT_ReadNoLock
 .text.SEGGER_RTT_ASM_WriteSkipNoLock
                0x0000000008004ab4      0x104 ./Third_Party/SEGGER/Segger/SEGGER_RTT.o
                0x0000000008004ab4                SEGGER_RTT_ASM_WriteSkipNoLock
 .text.SEGGER_RTT_AllocUpBuffer
                0x0000000008004bb8      0x108 ./Third_Party/SEGGER/Segger/SEGGER_RTT.o
                0x0000000008004bb8                SEGGER_RTT_AllocUpBuffer
 .text.SEGGER_RTT_ConfigDownBuffer
                0x0000000008004cc0       0x98 ./Third_Party/SEGGER/Segger/SEGGER_RTT.o
                0x0000000008004cc0                SEGGER_RTT_ConfigDownBuffer
 .text._EncodeStr
                0x0000000008004d58       0x60 ./Third_Party/SEGGER/Segger/SEGGER_SYSVIEW.o
 .text._PreparePacket
                0x0000000008004db8       0x18 ./Third_Party/SEGGER/Segger/SEGGER_SYSVIEW.o
 .text._HandleIncomingPacket
                0x0000000008004dd0       0xdc ./Third_Party/SEGGER/Segger/SEGGER_SYSVIEW.o
 .text._TrySendOverflowPacket
                0x0000000008004eac       0xe4 ./Third_Party/SEGGER/Segger/SEGGER_SYSVIEW.o
 .text._SendPacket
                0x0000000008004f90      0x2dc ./Third_Party/SEGGER/Segger/SEGGER_SYSVIEW.o
 .text.SEGGER_SYSVIEW_Init
                0x000000000800526c       0x88 ./Third_Party/SEGGER/Segger/SEGGER_SYSVIEW.o
                0x000000000800526c                SEGGER_SYSVIEW_Init
 .text.SEGGER_SYSVIEW_SetRAMBase
                0x00000000080052f4       0x20 ./Third_Party/SEGGER/Segger/SEGGER_SYSVIEW.o
                0x00000000080052f4                SEGGER_SYSVIEW_SetRAMBase
 .text.SEGGER_SYSVIEW_RecordVoid
                0x0000000008005314       0x3c ./Third_Party/SEGGER/Segger/SEGGER_SYSVIEW.o
                0x0000000008005314                SEGGER_SYSVIEW_RecordVoid
 .text.SEGGER_SYSVIEW_RecordU32
                0x0000000008005350       0x78 ./Third_Party/SEGGER/Segger/SEGGER_SYSVIEW.o
                0x0000000008005350                SEGGER_SYSVIEW_RecordU32
 .text.SEGGER_SYSVIEW_RecordU32x2
                0x00000000080053c8       0xb4 ./Third_Party/SEGGER/Segger/SEGGER_SYSVIEW.o
                0x00000000080053c8                SEGGER_SYSVIEW_RecordU32x2
 .text.SEGGER_SYSVIEW_RecordU32x3
                0x000000000800547c       0xec ./Third_Party/SEGGER/Segger/SEGGER_SYSVIEW.o
                0x000000000800547c                SEGGER_SYSVIEW_RecordU32x3
 .text.SEGGER_SYSVIEW_RecordU32x4
                0x0000000008005568      0x124 ./Third_Party/SEGGER/Segger/SEGGER_SYSVIEW.o
                0x0000000008005568                SEGGER_SYSVIEW_RecordU32x4
 .text.SEGGER_SYSVIEW_Start
                0x000000000800568c      0x174 ./Third_Party/SEGGER/Segger/SEGGER_SYSVIEW.o
                0x000000000800568c                SEGGER_SYSVIEW_Start
 .text.SEGGER_SYSVIEW_Stop
                0x0000000008005800       0x4c ./Third_Party/SEGGER/Segger/SEGGER_SYSVIEW.o
                0x0000000008005800                SEGGER_SYSVIEW_Stop
 .text.SEGGER_SYSVIEW_GetSysDesc
                0x000000000800584c      0x134 ./Third_Party/SEGGER/Segger/SEGGER_SYSVIEW.o
                0x000000000800584c                SEGGER_SYSVIEW_GetSysDesc
 .text.SEGGER_SYSVIEW_SendTaskInfo
                0x0000000008005980      0x1c8 ./Third_Party/SEGGER/Segger/SEGGER_SYSVIEW.o
                0x0000000008005980                SEGGER_SYSVIEW_SendTaskInfo
 .text.SEGGER_SYSVIEW_SendTaskList
                0x0000000008005b48       0x28 ./Third_Party/SEGGER/Segger/SEGGER_SYSVIEW.o
                0x0000000008005b48                SEGGER_SYSVIEW_SendTaskList
 .text.SEGGER_SYSVIEW_SendSysDesc
                0x0000000008005b70       0x48 ./Third_Party/SEGGER/Segger/SEGGER_SYSVIEW.o
                0x0000000008005b70                SEGGER_SYSVIEW_SendSysDesc
 .text.SEGGER_SYSVIEW_RecordSystime
                0x0000000008005bb8       0x64 ./Third_Party/SEGGER/Segger/SEGGER_SYSVIEW.o
                0x0000000008005bb8                SEGGER_SYSVIEW_RecordSystime
 .text.SEGGER_SYSVIEW_RecordEnterISR
                0x0000000008005c1c       0x84 ./Third_Party/SEGGER/Segger/SEGGER_SYSVIEW.o
                0x0000000008005c1c                SEGGER_SYSVIEW_RecordEnterISR
 .text.SEGGER_SYSVIEW_RecordExitISR
                0x0000000008005ca0       0x38 ./Third_Party/SEGGER/Segger/SEGGER_SYSVIEW.o
                0x0000000008005ca0                SEGGER_SYSVIEW_RecordExitISR
 .text.SEGGER_SYSVIEW_RecordExitISRToScheduler
                0x0000000008005cd8       0x38 ./Third_Party/SEGGER/Segger/SEGGER_SYSVIEW.o
                0x0000000008005cd8                SEGGER_SYSVIEW_RecordExitISRToScheduler
 .text.SEGGER_SYSVIEW_OnIdle
                0x0000000008005d10       0x38 ./Third_Party/SEGGER/Segger/SEGGER_SYSVIEW.o
                0x0000000008005d10                SEGGER_SYSVIEW_OnIdle
 .text.SEGGER_SYSVIEW_OnTaskCreate
                0x0000000008005d48       0x84 ./Third_Party/SEGGER/Segger/SEGGER_SYSVIEW.o
                0x0000000008005d48                SEGGER_SYSVIEW_OnTaskCreate
 .text.SEGGER_SYSVIEW_OnTaskStartExec
                0x0000000008005dcc       0x84 ./Third_Party/SEGGER/Segger/SEGGER_SYSVIEW.o
                0x0000000008005dcc                SEGGER_SYSVIEW_OnTaskStartExec
 .text.SEGGER_SYSVIEW_OnTaskStartReady
                0x0000000008005e50       0x84 ./Third_Party/SEGGER/Segger/SEGGER_SYSVIEW.o
                0x0000000008005e50                SEGGER_SYSVIEW_OnTaskStartReady
 .text.SEGGER_SYSVIEW_OnTaskStopReady
                0x0000000008005ed4       0xc0 ./Third_Party/SEGGER/Segger/SEGGER_SYSVIEW.o
                0x0000000008005ed4                SEGGER_SYSVIEW_OnTaskStopReady
 .text.SEGGER_SYSVIEW_ShrinkId
                0x0000000008005f94       0x20 ./Third_Party/SEGGER/Segger/SEGGER_SYSVIEW.o
                0x0000000008005f94                SEGGER_SYSVIEW_ShrinkId
 .text.SEGGER_SYSVIEW_SendModule
                0x0000000008005fb4      0x114 ./Third_Party/SEGGER/Segger/SEGGER_SYSVIEW.o
                0x0000000008005fb4                SEGGER_SYSVIEW_SendModule
 .text.SEGGER_SYSVIEW_SendModuleDescription
                0x00000000080060c8       0x3c ./Third_Party/SEGGER/Segger/SEGGER_SYSVIEW.o
                0x00000000080060c8                SEGGER_SYSVIEW_SendModuleDescription
 .text.SEGGER_SYSVIEW_SendNumModules
                0x0000000008006104       0x7c ./Third_Party/SEGGER/Segger/SEGGER_SYSVIEW.o
                0x0000000008006104                SEGGER_SYSVIEW_SendNumModules
 .text.SEGGER_SYSVIEW_Print
                0x0000000008006180       0xb8 ./Third_Party/SEGGER/Segger/SEGGER_SYSVIEW.o
                0x0000000008006180                SEGGER_SYSVIEW_Print
 .text.SEGGER_SYSVIEW_Warn
                0x0000000008006238       0xb8 ./Third_Party/SEGGER/Segger/SEGGER_SYSVIEW.o
                0x0000000008006238                SEGGER_SYSVIEW_Warn
 .text._cbSendTaskList
                0x00000000080062f0       0x90 ./Third_Party/SEGGER/os/SEGGER_SYSVIEW_FreeRTOS.o
 .text._cbGetTime
                0x0000000008006380       0x86 ./Third_Party/SEGGER/os/SEGGER_SYSVIEW_FreeRTOS.o
 *fill*         0x0000000008006406        0x2 
 .text.SYSVIEW_AddTask
                0x0000000008006408       0xd0 ./Third_Party/SEGGER/os/SEGGER_SYSVIEW_FreeRTOS.o
                0x0000000008006408                SYSVIEW_AddTask
 .text.SYSVIEW_SendTaskInfo
                0x00000000080064d8       0x42 ./Third_Party/SEGGER/os/SEGGER_SYSVIEW_FreeRTOS.o
                0x00000000080064d8                SYSVIEW_SendTaskInfo
 *fill*         0x000000000800651a        0x2 
 .text.sprintf  0x000000000800651c       0x40 E:/Software/STM32CubeIDE_1.11.0/STM32CubeIDE/plugins/com.st.stm32cube.ide.mcu.externaltools.gnu-tools-for-stm32.11.3.rel1.win32_1.1.1.202309131626/tools/bin/../lib/gcc/arm-none-eabi/11.3.1/../../../../arm-none-eabi/lib/thumb/v7e-m+fp/hard\libc_nano.a(libc_a-sprintf.o)
                0x000000000800651c                siprintf
                0x000000000800651c                sprintf
 .text.memcmp   0x000000000800655c       0x20 E:/Software/STM32CubeIDE_1.11.0/STM32CubeIDE/plugins/com.st.stm32cube.ide.mcu.externaltools.gnu-tools-for-stm32.11.3.rel1.win32_1.1.1.202309131626/tools/bin/../lib/gcc/arm-none-eabi/11.3.1/../../../../arm-none-eabi/lib/thumb/v7e-m+fp/hard\libc_nano.a(libc_a-memcmp.o)
                0x000000000800655c                memcmp
 .text.memset   0x000000000800657c       0x10 E:/Software/STM32CubeIDE_1.11.0/STM32CubeIDE/plugins/com.st.stm32cube.ide.mcu.externaltools.gnu-tools-for-stm32.11.3.rel1.win32_1.1.1.202309131626/tools/bin/../lib/gcc/arm-none-eabi/11.3.1/../../../../arm-none-eabi/lib/thumb/v7e-m+fp/hard\libc_nano.a(libc_a-memset.o)
                0x000000000800657c                memset
 .text.__errno  0x000000000800658c        0xc E:/Software/STM32CubeIDE_1.11.0/STM32CubeIDE/plugins/com.st.stm32cube.ide.mcu.externaltools.gnu-tools-for-stm32.11.3.rel1.win32_1.1.1.202309131626/tools/bin/../lib/gcc/arm-none-eabi/11.3.1/../../../../arm-none-eabi/lib/thumb/v7e-m+fp/hard\libc_nano.a(libc_a-errno.o)
                0x000000000800658c                __errno
 .text.__libc_init_array
                0x0000000008006598       0x48 E:/Software/STM32CubeIDE_1.11.0/STM32CubeIDE/plugins/com.st.stm32cube.ide.mcu.externaltools.gnu-tools-for-stm32.11.3.rel1.win32_1.1.1.202309131626/tools/bin/../lib/gcc/arm-none-eabi/11.3.1/../../../../arm-none-eabi/lib/thumb/v7e-m+fp/hard\libc_nano.a(libc_a-init.o)
                0x0000000008006598                __libc_init_array
 .text.__retarget_lock_acquire_recursive
                0x00000000080065e0        0x2 E:/Software/STM32CubeIDE_1.11.0/STM32CubeIDE/plugins/com.st.stm32cube.ide.mcu.externaltools.gnu-tools-for-stm32.11.3.rel1.win32_1.1.1.202309131626/tools/bin/../lib/gcc/arm-none-eabi/11.3.1/../../../../arm-none-eabi/lib/thumb/v7e-m+fp/hard\libc_nano.a(libc_a-lock.o)
                0x00000000080065e0                __retarget_lock_acquire_recursive
 .text.__retarget_lock_release_recursive
                0x00000000080065e2        0x2 E:/Software/STM32CubeIDE_1.11.0/STM32CubeIDE/plugins/com.st.stm32cube.ide.mcu.externaltools.gnu-tools-for-stm32.11.3.rel1.win32_1.1.1.202309131626/tools/bin/../lib/gcc/arm-none-eabi/11.3.1/../../../../arm-none-eabi/lib/thumb/v7e-m+fp/hard\libc_nano.a(libc_a-lock.o)
                0x00000000080065e2                __retarget_lock_release_recursive
 .text.memcpy   0x00000000080065e4       0x1c E:/Software/STM32CubeIDE_1.11.0/STM32CubeIDE/plugins/com.st.stm32cube.ide.mcu.externaltools.gnu-tools-for-stm32.11.3.rel1.win32_1.1.1.202309131626/tools/bin/../lib/gcc/arm-none-eabi/11.3.1/../../../../arm-none-eabi/lib/thumb/v7e-m+fp/hard\libc_nano.a(libc_a-memcpy-stub.o)
                0x00000000080065e4                memcpy
 .text._free_r  0x0000000008006600       0x98 E:/Software/STM32CubeIDE_1.11.0/STM32CubeIDE/plugins/com.st.stm32cube.ide.mcu.externaltools.gnu-tools-for-stm32.11.3.rel1.win32_1.1.1.202309131626/tools/bin/../lib/gcc/arm-none-eabi/11.3.1/../../../../arm-none-eabi/lib/thumb/v7e-m+fp/hard\libc_nano.a(libc_a-freer.o)
                0x0000000008006600                _free_r
 .text.sbrk_aligned
                0x0000000008006698       0x40 E:/Software/STM32CubeIDE_1.11.0/STM32CubeIDE/plugins/com.st.stm32cube.ide.mcu.externaltools.gnu-tools-for-stm32.11.3.rel1.win32_1.1.1.202309131626/tools/bin/../lib/gcc/arm-none-eabi/11.3.1/../../../../arm-none-eabi/lib/thumb/v7e-m+fp/hard\libc_nano.a(libc_a-mallocr.o)
 .text._malloc_r
                0x00000000080066d8      0x100 E:/Software/STM32CubeIDE_1.11.0/STM32CubeIDE/plugins/com.st.stm32cube.ide.mcu.externaltools.gnu-tools-for-stm32.11.3.rel1.win32_1.1.1.202309131626/tools/bin/../lib/gcc/arm-none-eabi/11.3.1/../../../../arm-none-eabi/lib/thumb/v7e-m+fp/hard\libc_nano.a(libc_a-mallocr.o)
                0x00000000080066d8                _malloc_r
 .text.__malloc_lock
                0x00000000080067d8        0xc E:/Software/STM32CubeIDE_1.11.0/STM32CubeIDE/plugins/com.st.stm32cube.ide.mcu.externaltools.gnu-tools-for-stm32.11.3.rel1.win32_1.1.1.202309131626/tools/bin/../lib/gcc/arm-none-eabi/11.3.1/../../../../arm-none-eabi/lib/thumb/v7e-m+fp/hard\libc_nano.a(libc_a-mlock.o)
                0x00000000080067d8                __malloc_lock
 .text.__malloc_unlock
                0x00000000080067e4        0xc E:/Software/STM32CubeIDE_1.11.0/STM32CubeIDE/plugins/com.st.stm32cube.ide.mcu.externaltools.gnu-tools-for-stm32.11.3.rel1.win32_1.1.1.202309131626/tools/bin/../lib/gcc/arm-none-eabi/11.3.1/../../../../arm-none-eabi/lib/thumb/v7e-m+fp/hard\libc_nano.a(libc_a-mlock.o)
                0x00000000080067e4                __malloc_unlock
 .text.__ssputs_r
                0x00000000080067f0       0xb4 E:/Software/STM32CubeIDE_1.11.0/STM32CubeIDE/plugins/com.st.stm32cube.ide.mcu.externaltools.gnu-tools-for-stm32.11.3.rel1.win32_1.1.1.202309131626/tools/bin/../lib/gcc/arm-none-eabi/11.3.1/../../../../arm-none-eabi/lib/thumb/v7e-m+fp/hard\libc_nano.a(libc_a-nano-svfprintf.o)
                0x00000000080067f0                __ssputs_r
 .text._svfprintf_r
                0x00000000080068a4      0x1fc E:/Software/STM32CubeIDE_1.11.0/STM32CubeIDE/plugins/com.st.stm32cube.ide.mcu.externaltools.gnu-tools-for-stm32.11.3.rel1.win32_1.1.1.202309131626/tools/bin/../lib/gcc/arm-none-eabi/11.3.1/../../../../arm-none-eabi/lib/thumb/v7e-m+fp/hard\libc_nano.a(libc_a-nano-svfprintf.o)
                0x00000000080068a4                _svfiprintf_r
                0x00000000080068a4                _svfprintf_r
 .text._printf_common
                0x0000000008006aa0       0xda E:/Software/STM32CubeIDE_1.11.0/STM32CubeIDE/plugins/com.st.stm32cube.ide.mcu.externaltools.gnu-tools-for-stm32.11.3.rel1.win32_1.1.1.202309131626/tools/bin/../lib/gcc/arm-none-eabi/11.3.1/../../../../arm-none-eabi/lib/thumb/v7e-m+fp/hard\libc_nano.a(libc_a-nano-vfprintf_i.o)
                0x0000000008006aa0                _printf_common
 *fill*         0x0000000008006b7a        0x2 
 .text._printf_i
                0x0000000008006b7c      0x244 E:/Software/STM32CubeIDE_1.11.0/STM32CubeIDE/plugins/com.st.stm32cube.ide.mcu.externaltools.gnu-tools-for-stm32.11.3.rel1.win32_1.1.1.202309131626/tools/bin/../lib/gcc/arm-none-eabi/11.3.1/../../../../arm-none-eabi/lib/thumb/v7e-m+fp/hard\libc_nano.a(libc_a-nano-vfprintf_i.o)
                0x0000000008006b7c                _printf_i
 .text.memmove  0x0000000008006dc0       0x34 E:/Software/STM32CubeIDE_1.11.0/STM32CubeIDE/plugins/com.st.stm32cube.ide.mcu.externaltools.gnu-tools-for-stm32.11.3.rel1.win32_1.1.1.202309131626/tools/bin/../lib/gcc/arm-none-eabi/11.3.1/../../../../arm-none-eabi/lib/thumb/v7e-m+fp/hard\libc_nano.a(libc_a-memmove.o)
                0x0000000008006dc0                memmove
 .text._sbrk_r  0x0000000008006df4       0x20 E:/Software/STM32CubeIDE_1.11.0/STM32CubeIDE/plugins/com.st.stm32cube.ide.mcu.externaltools.gnu-tools-for-stm32.11.3.rel1.win32_1.1.1.202309131626/tools/bin/../lib/gcc/arm-none-eabi/11.3.1/../../../../arm-none-eabi/lib/thumb/v7e-m+fp/hard\libc_nano.a(libc_a-sbrkr.o)
                0x0000000008006df4                _sbrk_r
 .text._realloc_r
                0x0000000008006e14       0x5e E:/Software/STM32CubeIDE_1.11.0/STM32CubeIDE/plugins/com.st.stm32cube.ide.mcu.externaltools.gnu-tools-for-stm32.11.3.rel1.win32_1.1.1.202309131626/tools/bin/../lib/gcc/arm-none-eabi/11.3.1/../../../../arm-none-eabi/lib/thumb/v7e-m+fp/hard\libc_nano.a(libc_a-reallocr.o)
                0x0000000008006e14                _realloc_r
 .text._malloc_usable_size_r
                0x0000000008006e72       0x10 E:/Software/STM32CubeIDE_1.11.0/STM32CubeIDE/plugins/com.st.stm32cube.ide.mcu.externaltools.gnu-tools-for-stm32.11.3.rel1.win32_1.1.1.202309131626/tools/bin/../lib/gcc/arm-none-eabi/11.3.1/../../../../arm-none-eabi/lib/thumb/v7e-m+fp/hard\libc_nano.a(libc_a-msizer.o)
                0x0000000008006e72                _malloc_usable_size_r
 *(.glue_7)
 .glue_7        0x0000000008006e82        0x0 linker stubs
 *(.glue_7t)
 .glue_7t       0x0000000008006e82        0x0 linker stubs
 *(.eh_frame)
 *fill*         0x0000000008006e82        0x2 
 .eh_frame      0x0000000008006e84        0x0 E:/Software/STM32CubeIDE_1.11.0/STM32CubeIDE/plugins/com.st.stm32cube.ide.mcu.externaltools.gnu-tools-for-stm32.11.3.rel1.win32_1.1.1.202309131626/tools/bin/../lib/gcc/arm-none-eabi/11.3.1/thumb/v7e-m+fp/hard/crtbegin.o
 *(.init)
 .init          0x0000000008006e84        0x4 E:/Software/STM32CubeIDE_1.11.0/STM32CubeIDE/plugins/com.st.stm32cube.ide.mcu.externaltools.gnu-tools-for-stm32.11.3.rel1.win32_1.1.1.202309131626/tools/bin/../lib/gcc/arm-none-eabi/11.3.1/thumb/v7e-m+fp/hard/crti.o
                0x0000000008006e84                _init
 .init          0x0000000008006e88        0x8 E:/Software/STM32CubeIDE_1.11.0/STM32CubeIDE/plugins/com.st.stm32cube.ide.mcu.externaltools.gnu-tools-for-stm32.11.3.rel1.win32_1.1.1.202309131626/tools/bin/../lib/gcc/arm-none-eabi/11.3.1/thumb/v7e-m+fp/hard/crtn.o
 *(.fini)
 .fini          0x0000000008006e90        0x4 E:/Software/STM32CubeIDE_1.11.0/STM32CubeIDE/plugins/com.st.stm32cube.ide.mcu.externaltools.gnu-tools-for-stm32.11.3.rel1.win32_1.1.1.202309131626/tools/bin/../lib/gcc/arm-none-eabi/11.3.1/thumb/v7e-m+fp/hard/crti.o
                0x0000000008006e90                _fini
 .fini          0x0000000008006e94        0x8 E:/Software/STM32CubeIDE_1.11.0/STM32CubeIDE/plugins/com.st.stm32cube.ide.mcu.externaltools.gnu-tools-for-stm32.11.3.rel1.win32_1.1.1.202309131626/tools/bin/../lib/gcc/arm-none-eabi/11.3.1/thumb/v7e-m+fp/hard/crtn.o
                0x0000000008006e9c                . = ALIGN (0x4)
                0x0000000008006e9c                _etext = .

.vfp11_veneer   0x0000000008006e9c        0x0
 .vfp11_veneer  0x0000000008006e9c        0x0 linker stubs

.v4_bx          0x0000000008006e9c        0x0
 .v4_bx         0x0000000008006e9c        0x0 linker stubs

.iplt           0x0000000008006e9c        0x0
 .iplt          0x0000000008006e9c        0x0 E:/Software/STM32CubeIDE_1.11.0/STM32CubeIDE/plugins/com.st.stm32cube.ide.mcu.externaltools.gnu-tools-for-stm32.11.3.rel1.win32_1.1.1.202309131626/tools/bin/../lib/gcc/arm-none-eabi/11.3.1/thumb/v7e-m+fp/hard/crtbegin.o

.rodata         0x0000000008006e9c      0x1dc
                0x0000000008006e9c                . = ALIGN (0x4)
 *(.rodata)
 .rodata        0x0000000008006e9c       0x84 ./Core/Src/App_Task.o
 .rodata        0x0000000008006f20       0x17 ./Core/Src/main.o
 *fill*         0x0000000008006f37        0x1 
 .rodata        0x0000000008006f38        0x5 ./Third_Party/FREERTOS/org/Source/tasks.o
 *fill*         0x0000000008006f3d        0x3 
 .rodata        0x0000000008006f40        0xd ./Third_Party/FREERTOS/org/Source/timers.o
 *fill*         0x0000000008006f4d        0x3 
 .rodata        0x0000000008006f50       0x3d ./Third_Party/SEGGER/Config/SEGGER_SYSVIEW_Config_FreeRTOS.o
 *fill*         0x0000000008006f8d        0x3 
 .rodata        0x0000000008006f90        0x9 ./Third_Party/SEGGER/Segger/SEGGER_RTT.o
 *fill*         0x0000000008006f99        0x3 
 .rodata        0x0000000008006f9c       0x10 ./Third_Party/SEGGER/Segger/SEGGER_SYSVIEW.o
 .rodata        0x0000000008006fac       0x58 ./Third_Party/SEGGER/os/SEGGER_SYSVIEW_FreeRTOS.o
 *(.rodata*)
 .rodata.AHBPrescTable
                0x0000000008007004       0x10 ./Core/Src/system_stm32f4xx.o
                0x0000000008007004                AHBPrescTable
 .rodata.APBPrescTable
                0x0000000008007014        0x8 ./Core/Src/system_stm32f4xx.o
                0x0000000008007014                APBPrescTable
 .rodata._aInitStr.0
                0x000000000800701c       0x11 ./Third_Party/SEGGER/Segger/SEGGER_RTT.o
 *fill*         0x000000000800702d        0x3 
 .rodata._abSync
                0x0000000008007030        0xa ./Third_Party/SEGGER/Segger/SEGGER_SYSVIEW.o
 *fill*         0x000000000800703a        0x2 
 .rodata.SYSVIEW_X_OS_TraceAPI
                0x000000000800703c        0x8 ./Third_Party/SEGGER/os/SEGGER_SYSVIEW_FreeRTOS.o
                0x000000000800703c                SYSVIEW_X_OS_TraceAPI
 .rodata._svfprintf_r.str1.1
                0x0000000008007044       0x11 E:/Software/STM32CubeIDE_1.11.0/STM32CubeIDE/plugins/com.st.stm32cube.ide.mcu.externaltools.gnu-tools-for-stm32.11.3.rel1.win32_1.1.1.202309131626/tools/bin/../lib/gcc/arm-none-eabi/11.3.1/../../../../arm-none-eabi/lib/thumb/v7e-m+fp/hard\libc_nano.a(libc_a-nano-svfprintf.o)
 .rodata._printf_i.str1.1
                0x0000000008007055       0x22 E:/Software/STM32CubeIDE_1.11.0/STM32CubeIDE/plugins/com.st.stm32cube.ide.mcu.externaltools.gnu-tools-for-stm32.11.3.rel1.win32_1.1.1.202309131626/tools/bin/../lib/gcc/arm-none-eabi/11.3.1/../../../../arm-none-eabi/lib/thumb/v7e-m+fp/hard\libc_nano.a(libc_a-nano-vfprintf_i.o)
                0x0000000008007078                . = ALIGN (0x4)
 *fill*         0x0000000008007077        0x1 

.ARM.extab      0x0000000008007078        0x0
                0x0000000008007078                . = ALIGN (0x4)
 *(.ARM.extab* .gnu.linkonce.armextab.*)
                0x0000000008007078                . = ALIGN (0x4)

.ARM            0x0000000008007078        0x8
                0x0000000008007078                . = ALIGN (0x4)
                0x0000000008007078                __exidx_start = .
 *(.ARM.exidx*)
 .ARM.exidx     0x0000000008007078        0x8 E:/Software/STM32CubeIDE_1.11.0/STM32CubeIDE/plugins/com.st.stm32cube.ide.mcu.externaltools.gnu-tools-for-stm32.11.3.rel1.win32_1.1.1.202309131626/tools/bin/../lib/gcc/arm-none-eabi/11.3.1/thumb/v7e-m+fp/hard\libgcc.a(_udivmoddi4.o)
                0x0000000008007080                __exidx_end = .
                0x0000000008007080                . = ALIGN (0x4)

.rel.dyn        0x0000000008007080        0x0
 .rel.iplt      0x0000000008007080        0x0 E:/Software/STM32CubeIDE_1.11.0/STM32CubeIDE/plugins/com.st.stm32cube.ide.mcu.externaltools.gnu-tools-for-stm32.11.3.rel1.win32_1.1.1.202309131626/tools/bin/../lib/gcc/arm-none-eabi/11.3.1/thumb/v7e-m+fp/hard/crtbegin.o

.preinit_array  0x0000000008007080        0x0
                0x0000000008007080                . = ALIGN (0x4)
                0x0000000008007080                PROVIDE (__preinit_array_start = .)
 *(.preinit_array*)
                0x0000000008007080                PROVIDE (__preinit_array_end = .)
                0x0000000008007080                . = ALIGN (0x4)

.init_array     0x0000000008007080        0x4
                0x0000000008007080                . = ALIGN (0x4)
                0x0000000008007080                PROVIDE (__init_array_start = .)
 *(SORT_BY_NAME(.init_array.*))
 *(.init_array*)
 .init_array    0x0000000008007080        0x4 E:/Software/STM32CubeIDE_1.11.0/STM32CubeIDE/plugins/com.st.stm32cube.ide.mcu.externaltools.gnu-tools-for-stm32.11.3.rel1.win32_1.1.1.202309131626/tools/bin/../lib/gcc/arm-none-eabi/11.3.1/thumb/v7e-m+fp/hard/crtbegin.o
                0x0000000008007084                PROVIDE (__init_array_end = .)
                0x0000000008007084                . = ALIGN (0x4)

.fini_array     0x0000000008007084        0x4
                0x0000000008007084                . = ALIGN (0x4)
                [!provide]                        PROVIDE (__fini_array_start = .)
 *(SORT_BY_NAME(.fini_array.*))
 *(.fini_array*)
 .fini_array    0x0000000008007084        0x4 E:/Software/STM32CubeIDE_1.11.0/STM32CubeIDE/plugins/com.st.stm32cube.ide.mcu.externaltools.gnu-tools-for-stm32.11.3.rel1.win32_1.1.1.202309131626/tools/bin/../lib/gcc/arm-none-eabi/11.3.1/thumb/v7e-m+fp/hard/crtbegin.o
                [!provide]                        PROVIDE (__fini_array_end = .)
                0x0000000008007088                . = ALIGN (0x4)
                0x0000000008007088                _sidata = LOADADDR (.data)

.data           0x0000000020000000      0x130 load address 0x0000000008007088
                0x0000000020000000                . = ALIGN (0x4)
                0x0000000020000000                _sdata = .
 *(.data)
 *(.data*)
 .data.Local_Queue
                0x0000000020000000       0x68 ./Core/Src/App_Task.o
                0x0000000020000000                Local_Queue
 .data.LocalQueue_
                0x0000000020000068       0x68 ./Core/Src/App_Task.o
                0x0000000020000068                LocalQueue_
 .data.SystemCoreClock
                0x00000000200000d0        0x4 ./Core/Src/system_stm32f4xx.o
                0x00000000200000d0                SystemCoreClock
 .data.uwTickPrio
                0x00000000200000d4        0x4 ./Drivers/STM32F4xx_HAL_Driver/Src/stm32f4xx_hal.o
                0x00000000200000d4                uwTickPrio
 .data.uwTickFreq
                0x00000000200000d8        0x1 ./Drivers/STM32F4xx_HAL_Driver/Src/stm32f4xx_hal.o
                0x00000000200000d8                uwTickFreq
 *fill*         0x00000000200000d9        0x3 
 .data.uxCriticalNesting
                0x00000000200000dc        0x4 ./Third_Party/FREERTOS/org/Source/portable/GCC/ARM_CM4F/port.o
 .data._impure_data
                0x00000000200000e0       0x4c E:/Software/STM32CubeIDE_1.11.0/STM32CubeIDE/plugins/com.st.stm32cube.ide.mcu.externaltools.gnu-tools-for-stm32.11.3.rel1.win32_1.1.1.202309131626/tools/bin/../lib/gcc/arm-none-eabi/11.3.1/../../../../arm-none-eabi/lib/thumb/v7e-m+fp/hard\libc_nano.a(libc_a-impure.o)
                0x00000000200000e0                _impure_data
 .data._impure_ptr
                0x000000002000012c        0x4 E:/Software/STM32CubeIDE_1.11.0/STM32CubeIDE/plugins/com.st.stm32cube.ide.mcu.externaltools.gnu-tools-for-stm32.11.3.rel1.win32_1.1.1.202309131626/tools/bin/../lib/gcc/arm-none-eabi/11.3.1/../../../../arm-none-eabi/lib/thumb/v7e-m+fp/hard\libc_nano.a(libc_a-impure.o)
                0x000000002000012c                _impure_ptr
 *(.RamFunc)
 *(.RamFunc*)
                0x0000000020000130                . = ALIGN (0x4)
                0x0000000020000130                _edata = .
                0x00000000080071b8                _siccmram = LOADADDR (.ccmram)

.igot.plt       0x0000000020000130        0x0 load address 0x00000000080071b8
 .igot.plt      0x0000000020000130        0x0 E:/Software/STM32CubeIDE_1.11.0/STM32CubeIDE/plugins/com.st.stm32cube.ide.mcu.externaltools.gnu-tools-for-stm32.11.3.rel1.win32_1.1.1.202309131626/tools/bin/../lib/gcc/arm-none-eabi/11.3.1/thumb/v7e-m+fp/hard/crtbegin.o

.ccmram         0x0000000010000000        0x0 load address 0x00000000080071b8
                0x0000000010000000                . = ALIGN (0x4)
                0x0000000010000000                _sccmram = .
 *(.ccmram)
 *(.ccmram*)
                0x0000000010000000                . = ALIGN (0x4)
                0x0000000010000000                _eccmram = .
                0x0000000010000000                . = ALIGN (0x4)

.bss            0x0000000020000130    0x13a4c
                0x0000000020000130                _sbss = .
                0x0000000020000130                __bss_start__ = _sbss
 *(.bss)
 .bss           0x0000000020000130       0x1c E:/Software/STM32CubeIDE_1.11.0/STM32CubeIDE/plugins/com.st.stm32cube.ide.mcu.externaltools.gnu-tools-for-stm32.11.3.rel1.win32_1.1.1.202309131626/tools/bin/../lib/gcc/arm-none-eabi/11.3.1/thumb/v7e-m+fp/hard/crtbegin.o
 *(.bss*)
 .bss.Buffer    0x000000002000014c       0x23 ./Core/Src/App_Task.o
                0x000000002000014c                Buffer
 *fill*         0x000000002000016f        0x1 
 .bss.htim6     0x0000000020000170       0x48 ./Core/Src/main.o
                0x0000000020000170                htim6
 .bss.huart1    0x00000000200001b8       0x44 ./Core/Src/main.o
                0x00000000200001b8                huart1
 .bss.Task_Handle_1
                0x00000000200001fc        0x4 ./Core/Src/main.o
                0x00000000200001fc                Task_Handle_1
 .bss.Task_Handle_2
                0x0000000020000200        0x4 ./Core/Src/main.o
                0x0000000020000200                Task_Handle_2
 .bss.Queue_Handle_1
                0x0000000020000204        0x4 ./Core/Src/main.o
                0x0000000020000204                Queue_Handle_1
 .bss.Queue_Handle_2
                0x0000000020000208        0x4 ./Core/Src/main.o
                0x0000000020000208                Queue_Handle_2
 .bss.Queue_Set_Handle
                0x000000002000020c        0x4 ./Core/Src/main.o
                0x000000002000020c                Queue_Set_Handle
 .bss.Idle_Count
                0x0000000020000210        0x4 ./Core/Src/main.o
                0x0000000020000210                Idle_Count
 .bss.__sbrk_heap_end
                0x0000000020000214        0x4 ./Core/Src/sysmem.o
 .bss.uwTick    0x0000000020000218        0x4 ./Drivers/STM32F4xx_HAL_Driver/Src/stm32f4xx_hal.o
                0x0000000020000218                uwTick
 .bss.xQueueRegistry
                0x000000002000021c       0x40 ./Third_Party/FREERTOS/org/Source/queue.o
                0x000000002000021c                xQueueRegistry
 .bss.pxCurrentTCB
                0x000000002000025c        0x4 ./Third_Party/FREERTOS/org/Source/tasks.o
                0x000000002000025c                pxCurrentTCB
 .bss.pxReadyTasksLists
                0x0000000020000260       0x64 ./Third_Party/FREERTOS/org/Source/tasks.o
 .bss.xDelayedTaskList1
                0x00000000200002c4       0x14 ./Third_Party/FREERTOS/org/Source/tasks.o
 .bss.xDelayedTaskList2
                0x00000000200002d8       0x14 ./Third_Party/FREERTOS/org/Source/tasks.o
 .bss.pxDelayedTaskList
                0x00000000200002ec        0x4 ./Third_Party/FREERTOS/org/Source/tasks.o
 .bss.pxOverflowDelayedTaskList
                0x00000000200002f0        0x4 ./Third_Party/FREERTOS/org/Source/tasks.o
 .bss.xPendingReadyList
                0x00000000200002f4       0x14 ./Third_Party/FREERTOS/org/Source/tasks.o
 .bss.xTasksWaitingTermination
                0x0000000020000308       0x14 ./Third_Party/FREERTOS/org/Source/tasks.o
 .bss.uxDeletedTasksWaitingCleanUp
                0x000000002000031c        0x4 ./Third_Party/FREERTOS/org/Source/tasks.o
 .bss.xSuspendedTaskList
                0x0000000020000320       0x14 ./Third_Party/FREERTOS/org/Source/tasks.o
 .bss.uxCurrentNumberOfTasks
                0x0000000020000334        0x4 ./Third_Party/FREERTOS/org/Source/tasks.o
 .bss.xTickCount
                0x0000000020000338        0x4 ./Third_Party/FREERTOS/org/Source/tasks.o
 .bss.uxTopReadyPriority
                0x000000002000033c        0x4 ./Third_Party/FREERTOS/org/Source/tasks.o
 .bss.xSchedulerRunning
                0x0000000020000340        0x4 ./Third_Party/FREERTOS/org/Source/tasks.o
 .bss.uxPendedTicks
                0x0000000020000344        0x4 ./Third_Party/FREERTOS/org/Source/tasks.o
 .bss.xYieldPending
                0x0000000020000348        0x4 ./Third_Party/FREERTOS/org/Source/tasks.o
 .bss.xNumOfOverflows
                0x000000002000034c        0x4 ./Third_Party/FREERTOS/org/Source/tasks.o
 .bss.uxTaskNumber
                0x0000000020000350        0x4 ./Third_Party/FREERTOS/org/Source/tasks.o
 .bss.xNextTaskUnblockTime
                0x0000000020000354        0x4 ./Third_Party/FREERTOS/org/Source/tasks.o
 .bss.xIdleTaskHandle
                0x0000000020000358        0x4 ./Third_Party/FREERTOS/org/Source/tasks.o
 .bss.uxSchedulerSuspended
                0x000000002000035c        0x4 ./Third_Party/FREERTOS/org/Source/tasks.o
 .bss.xActiveTimerList1
                0x0000000020000360       0x14 ./Third_Party/FREERTOS/org/Source/timers.o
 .bss.xActiveTimerList2
                0x0000000020000374       0x14 ./Third_Party/FREERTOS/org/Source/timers.o
 .bss.pxCurrentTimerList
                0x0000000020000388        0x4 ./Third_Party/FREERTOS/org/Source/timers.o
 .bss.pxOverflowTimerList
                0x000000002000038c        0x4 ./Third_Party/FREERTOS/org/Source/timers.o
 .bss.xTimerQueue
                0x0000000020000390        0x4 ./Third_Party/FREERTOS/org/Source/timers.o
 .bss.xTimerTaskHandle
                0x0000000020000394        0x4 ./Third_Party/FREERTOS/org/Source/timers.o
 .bss.xLastTime.0
                0x0000000020000398        0x4 ./Third_Party/FREERTOS/org/Source/timers.o
 .bss.ucMaxSysCallPriority
                0x000000002000039c        0x1 ./Third_Party/FREERTOS/org/Source/portable/GCC/ARM_CM4F/port.o
 *fill*         0x000000002000039d        0x3 
 .bss.ulMaxPRIGROUPValue
                0x00000000200003a0        0x4 ./Third_Party/FREERTOS/org/Source/portable/GCC/ARM_CM4F/port.o
 .bss.ucHeap    0x00000000200003a4    0x12c00 ./Third_Party/FREERTOS/org/Source/portable/MemMang/heap_4.o
 .bss.xStart    0x0000000020012fa4        0x8 ./Third_Party/FREERTOS/org/Source/portable/MemMang/heap_4.o
 .bss.pxEnd     0x0000000020012fac        0x4 ./Third_Party/FREERTOS/org/Source/portable/MemMang/heap_4.o
 .bss.xFreeBytesRemaining
                0x0000000020012fb0        0x4 ./Third_Party/FREERTOS/org/Source/portable/MemMang/heap_4.o
 .bss.xMinimumEverFreeBytesRemaining
                0x0000000020012fb4        0x4 ./Third_Party/FREERTOS/org/Source/portable/MemMang/heap_4.o
 .bss.xBlockAllocatedBit
                0x0000000020012fb8        0x4 ./Third_Party/FREERTOS/org/Source/portable/MemMang/heap_4.o
 .bss._SEGGER_RTT
                0x0000000020012fbc       0xa8 ./Third_Party/SEGGER/Segger/SEGGER_RTT.o
                0x0000000020012fbc                _SEGGER_RTT
 .bss._acUpBuffer
                0x0000000020013064      0x400 ./Third_Party/SEGGER/Segger/SEGGER_RTT.o
 .bss._acDownBuffer
                0x0000000020013464       0x10 ./Third_Party/SEGGER/Segger/SEGGER_RTT.o
 .bss._UpBuffer
                0x0000000020013474      0x400 ./Third_Party/SEGGER/Segger/SEGGER_SYSVIEW.o
 .bss._DownBuffer
                0x0000000020013874        0x8 ./Third_Party/SEGGER/Segger/SEGGER_SYSVIEW.o
 .bss._SYSVIEW_Globals
                0x000000002001387c       0x28 ./Third_Party/SEGGER/Segger/SEGGER_SYSVIEW.o
 .bss._pFirstModule
                0x00000000200138a4        0x4 ./Third_Party/SEGGER/Segger/SEGGER_SYSVIEW.o
 .bss._NumModules
                0x00000000200138a8        0x1 ./Third_Party/SEGGER/Segger/SEGGER_SYSVIEW.o
 *fill*         0x00000000200138a9        0x3 
 .bss._aPacket  0x00000000200138ac       0xe3 ./Third_Party/SEGGER/Segger/SEGGER_SYSVIEW.o
 *fill*         0x000000002001398f        0x1 
 .bss._aTasks   0x0000000020013990       0xa0 ./Third_Party/SEGGER/os/SEGGER_SYSVIEW_FreeRTOS.o
 .bss._NumTasks
                0x0000000020013a30        0x4 ./Third_Party/SEGGER/os/SEGGER_SYSVIEW_FreeRTOS.o
 .bss.__sf      0x0000000020013a34      0x138 E:/Software/STM32CubeIDE_1.11.0/STM32CubeIDE/plugins/com.st.stm32cube.ide.mcu.externaltools.gnu-tools-for-stm32.11.3.rel1.win32_1.1.1.202309131626/tools/bin/../lib/gcc/arm-none-eabi/11.3.1/../../../../arm-none-eabi/lib/thumb/v7e-m+fp/hard\libc_nano.a(libc_a-findfp.o)
                0x0000000020013a34                __sf
 .bss.errno     0x0000000020013b6c        0x4 E:/Software/STM32CubeIDE_1.11.0/STM32CubeIDE/plugins/com.st.stm32cube.ide.mcu.externaltools.gnu-tools-for-stm32.11.3.rel1.win32_1.1.1.202309131626/tools/bin/../lib/gcc/arm-none-eabi/11.3.1/../../../../arm-none-eabi/lib/thumb/v7e-m+fp/hard\libc_nano.a(libc_a-reent.o)
                0x0000000020013b6c                errno
 .bss.__lock___malloc_recursive_mutex
                0x0000000020013b70        0x1 E:/Software/STM32CubeIDE_1.11.0/STM32CubeIDE/plugins/com.st.stm32cube.ide.mcu.externaltools.gnu-tools-for-stm32.11.3.rel1.win32_1.1.1.202309131626/tools/bin/../lib/gcc/arm-none-eabi/11.3.1/../../../../arm-none-eabi/lib/thumb/v7e-m+fp/hard\libc_nano.a(libc_a-lock.o)
                0x0000000020013b70                __lock___malloc_recursive_mutex
 *fill*         0x0000000020013b71        0x3 
 .bss.__malloc_free_list
                0x0000000020013b74        0x4 E:/Software/STM32CubeIDE_1.11.0/STM32CubeIDE/plugins/com.st.stm32cube.ide.mcu.externaltools.gnu-tools-for-stm32.11.3.rel1.win32_1.1.1.202309131626/tools/bin/../lib/gcc/arm-none-eabi/11.3.1/../../../../arm-none-eabi/lib/thumb/v7e-m+fp/hard\libc_nano.a(libc_a-mallocr.o)
                0x0000000020013b74                __malloc_free_list
 .bss.__malloc_sbrk_start
                0x0000000020013b78        0x4 E:/Software/STM32CubeIDE_1.11.0/STM32CubeIDE/plugins/com.st.stm32cube.ide.mcu.externaltools.gnu-tools-for-stm32.11.3.rel1.win32_1.1.1.202309131626/tools/bin/../lib/gcc/arm-none-eabi/11.3.1/../../../../arm-none-eabi/lib/thumb/v7e-m+fp/hard\libc_nano.a(libc_a-mallocr.o)
                0x0000000020013b78                __malloc_sbrk_start
 *(COMMON)
                0x0000000020013b7c                . = ALIGN (0x4)
                0x0000000020013b7c                _ebss = .
                0x0000000020013b7c                __bss_end__ = _ebss

._user_heap_stack
                0x0000000020013b7c      0x604
                0x0000000020013b80                . = ALIGN (0x8)
 *fill*         0x0000000020013b7c        0x4 
                [!provide]                        PROVIDE (end = .)
                0x0000000020013b80                PROVIDE (_end = .)
                0x0000000020013d80                . = (. + _Min_Heap_Size)
 *fill*         0x0000000020013b80      0x200 
                0x0000000020014180                . = (. + _Min_Stack_Size)
 *fill*         0x0000000020013d80      0x400 
                0x0000000020014180                . = ALIGN (0x8)

/DISCARD/
 libc.a(*)
 libm.a(*)
 libgcc.a(*)

.ARM.attributes
                0x0000000000000000       0x30
 *(.ARM.attributes)
 .ARM.attributes
                0x0000000000000000       0x1e E:/Software/STM32CubeIDE_1.11.0/STM32CubeIDE/plugins/com.st.stm32cube.ide.mcu.externaltools.gnu-tools-for-stm32.11.3.rel1.win32_1.1.1.202309131626/tools/bin/../lib/gcc/arm-none-eabi/11.3.1/thumb/v7e-m+fp/hard/crti.o
 .ARM.attributes
                0x000000000000001e       0x34 E:/Software/STM32CubeIDE_1.11.0/STM32CubeIDE/plugins/com.st.stm32cube.ide.mcu.externaltools.gnu-tools-for-stm32.11.3.rel1.win32_1.1.1.202309131626/tools/bin/../lib/gcc/arm-none-eabi/11.3.1/thumb/v7e-m+fp/hard/crtbegin.o
 .ARM.attributes
                0x0000000000000052       0x34 ./Core/Src/App_Task.o
 .ARM.attributes
                0x0000000000000086       0x34 ./Core/Src/main.o
 .ARM.attributes
                0x00000000000000ba       0x34 ./Core/Src/stm32f4xx_hal_msp.o
 .ARM.attributes
                0x00000000000000ee       0x34 ./Core/Src/stm32f4xx_it.o
 .ARM.attributes
                0x0000000000000122       0x34 ./Core/Src/sysmem.o
 .ARM.attributes
                0x0000000000000156       0x34 ./Core/Src/system_stm32f4xx.o
 .ARM.attributes
                0x000000000000018a       0x21 ./Core/Startup/startup_stm32f429zitx.o
 .ARM.attributes
                0x00000000000001ab       0x34 ./Drivers/STM32F4xx_HAL_Driver/Src/stm32f4xx_hal.o
 .ARM.attributes
                0x00000000000001df       0x34 ./Drivers/STM32F4xx_HAL_Driver/Src/stm32f4xx_hal_cortex.o
 .ARM.attributes
                0x0000000000000213       0x34 ./Drivers/STM32F4xx_HAL_Driver/Src/stm32f4xx_hal_gpio.o
 .ARM.attributes
                0x0000000000000247       0x34 ./Drivers/STM32F4xx_HAL_Driver/Src/stm32f4xx_hal_rcc.o
 .ARM.attributes
                0x000000000000027b       0x34 ./Drivers/STM32F4xx_HAL_Driver/Src/stm32f4xx_hal_rcc_ex.o
 .ARM.attributes
                0x00000000000002af       0x34 ./Drivers/STM32F4xx_HAL_Driver/Src/stm32f4xx_hal_tim.o
 .ARM.attributes
                0x00000000000002e3       0x34 ./Drivers/STM32F4xx_HAL_Driver/Src/stm32f4xx_hal_tim_ex.o
 .ARM.attributes
                0x0000000000000317       0x34 ./Drivers/STM32F4xx_HAL_Driver/Src/stm32f4xx_hal_uart.o
 .ARM.attributes
                0x000000000000034b       0x34 ./Third_Party/FREERTOS/org/Source/list.o
 .ARM.attributes
                0x000000000000037f       0x34 ./Third_Party/FREERTOS/org/Source/queue.o
 .ARM.attributes
                0x00000000000003b3       0x34 ./Third_Party/FREERTOS/org/Source/tasks.o
 .ARM.attributes
                0x00000000000003e7       0x34 ./Third_Party/FREERTOS/org/Source/timers.o
 .ARM.attributes
                0x000000000000041b       0x34 ./Third_Party/FREERTOS/org/Source/portable/GCC/ARM_CM4F/port.o
 .ARM.attributes
                0x000000000000044f       0x34 ./Third_Party/FREERTOS/org/Source/portable/MemMang/heap_4.o
 .ARM.attributes
                0x0000000000000483       0x34 ./Third_Party/SEGGER/Config/SEGGER_SYSVIEW_Config_FreeRTOS.o
 .ARM.attributes
                0x00000000000004b7       0x34 ./Third_Party/SEGGER/Segger/SEGGER_RTT.o
 .ARM.attributes
                0x00000000000004eb       0x34 ./Third_Party/SEGGER/Segger/SEGGER_SYSVIEW.o
 .ARM.attributes
                0x000000000000051f       0x34 ./Third_Party/SEGGER/os/SEGGER_SYSVIEW_FreeRTOS.o
 .ARM.attributes
                0x0000000000000553       0x34 E:/Software/STM32CubeIDE_1.11.0/STM32CubeIDE/plugins/com.st.stm32cube.ide.mcu.externaltools.gnu-tools-for-stm32.11.3.rel1.win32_1.1.1.202309131626/tools/bin/../lib/gcc/arm-none-eabi/11.3.1/../../../../arm-none-eabi/lib/thumb/v7e-m+fp/hard\libc_nano.a(libc_a-findfp.o)
 .ARM.attributes
                0x0000000000000587       0x34 E:/Software/STM32CubeIDE_1.11.0/STM32CubeIDE/plugins/com.st.stm32cube.ide.mcu.externaltools.gnu-tools-for-stm32.11.3.rel1.win32_1.1.1.202309131626/tools/bin/../lib/gcc/arm-none-eabi/11.3.1/../../../../arm-none-eabi/lib/thumb/v7e-m+fp/hard\libc_nano.a(libc_a-sprintf.o)
 .ARM.attributes
                0x00000000000005bb       0x34 E:/Software/STM32CubeIDE_1.11.0/STM32CubeIDE/plugins/com.st.stm32cube.ide.mcu.externaltools.gnu-tools-for-stm32.11.3.rel1.win32_1.1.1.202309131626/tools/bin/../lib/gcc/arm-none-eabi/11.3.1/../../../../arm-none-eabi/lib/thumb/v7e-m+fp/hard\libc_nano.a(libc_a-memcmp.o)
 .ARM.attributes
                0x00000000000005ef       0x34 E:/Software/STM32CubeIDE_1.11.0/STM32CubeIDE/plugins/com.st.stm32cube.ide.mcu.externaltools.gnu-tools-for-stm32.11.3.rel1.win32_1.1.1.202309131626/tools/bin/../lib/gcc/arm-none-eabi/11.3.1/../../../../arm-none-eabi/lib/thumb/v7e-m+fp/hard\libc_nano.a(libc_a-memset.o)
 .ARM.attributes
                0x0000000000000623       0x34 E:/Software/STM32CubeIDE_1.11.0/STM32CubeIDE/plugins/com.st.stm32cube.ide.mcu.externaltools.gnu-tools-for-stm32.11.3.rel1.win32_1.1.1.202309131626/tools/bin/../lib/gcc/arm-none-eabi/11.3.1/../../../../arm-none-eabi/lib/thumb/v7e-m+fp/hard\libc_nano.a(libc_a-reent.o)
 .ARM.attributes
                0x0000000000000657       0x34 E:/Software/STM32CubeIDE_1.11.0/STM32CubeIDE/plugins/com.st.stm32cube.ide.mcu.externaltools.gnu-tools-for-stm32.11.3.rel1.win32_1.1.1.202309131626/tools/bin/../lib/gcc/arm-none-eabi/11.3.1/../../../../arm-none-eabi/lib/thumb/v7e-m+fp/hard\libc_nano.a(libc_a-impure.o)
 .ARM.attributes
                0x000000000000068b       0x34 E:/Software/STM32CubeIDE_1.11.0/STM32CubeIDE/plugins/com.st.stm32cube.ide.mcu.externaltools.gnu-tools-for-stm32.11.3.rel1.win32_1.1.1.202309131626/tools/bin/../lib/gcc/arm-none-eabi/11.3.1/../../../../arm-none-eabi/lib/thumb/v7e-m+fp/hard\libc_nano.a(libc_a-errno.o)
 .ARM.attributes
                0x00000000000006bf       0x34 E:/Software/STM32CubeIDE_1.11.0/STM32CubeIDE/plugins/com.st.stm32cube.ide.mcu.externaltools.gnu-tools-for-stm32.11.3.rel1.win32_1.1.1.202309131626/tools/bin/../lib/gcc/arm-none-eabi/11.3.1/../../../../arm-none-eabi/lib/thumb/v7e-m+fp/hard\libc_nano.a(libc_a-init.o)
 .ARM.attributes
                0x00000000000006f3       0x34 E:/Software/STM32CubeIDE_1.11.0/STM32CubeIDE/plugins/com.st.stm32cube.ide.mcu.externaltools.gnu-tools-for-stm32.11.3.rel1.win32_1.1.1.202309131626/tools/bin/../lib/gcc/arm-none-eabi/11.3.1/../../../../arm-none-eabi/lib/thumb/v7e-m+fp/hard\libc_nano.a(libc_a-lock.o)
 .ARM.attributes
                0x0000000000000727       0x34 E:/Software/STM32CubeIDE_1.11.0/STM32CubeIDE/plugins/com.st.stm32cube.ide.mcu.externaltools.gnu-tools-for-stm32.11.3.rel1.win32_1.1.1.202309131626/tools/bin/../lib/gcc/arm-none-eabi/11.3.1/../../../../arm-none-eabi/lib/thumb/v7e-m+fp/hard\libc_nano.a(libc_a-memcpy-stub.o)
 .ARM.attributes
                0x000000000000075b       0x34 E:/Software/STM32CubeIDE_1.11.0/STM32CubeIDE/plugins/com.st.stm32cube.ide.mcu.externaltools.gnu-tools-for-stm32.11.3.rel1.win32_1.1.1.202309131626/tools/bin/../lib/gcc/arm-none-eabi/11.3.1/../../../../arm-none-eabi/lib/thumb/v7e-m+fp/hard\libc_nano.a(libc_a-freer.o)
 .ARM.attributes
                0x000000000000078f       0x34 E:/Software/STM32CubeIDE_1.11.0/STM32CubeIDE/plugins/com.st.stm32cube.ide.mcu.externaltools.gnu-tools-for-stm32.11.3.rel1.win32_1.1.1.202309131626/tools/bin/../lib/gcc/arm-none-eabi/11.3.1/../../../../arm-none-eabi/lib/thumb/v7e-m+fp/hard\libc_nano.a(libc_a-mallocr.o)
 .ARM.attributes
                0x00000000000007c3       0x34 E:/Software/STM32CubeIDE_1.11.0/STM32CubeIDE/plugins/com.st.stm32cube.ide.mcu.externaltools.gnu-tools-for-stm32.11.3.rel1.win32_1.1.1.202309131626/tools/bin/../lib/gcc/arm-none-eabi/11.3.1/../../../../arm-none-eabi/lib/thumb/v7e-m+fp/hard\libc_nano.a(libc_a-mlock.o)
 .ARM.attributes
                0x00000000000007f7       0x34 E:/Software/STM32CubeIDE_1.11.0/STM32CubeIDE/plugins/com.st.stm32cube.ide.mcu.externaltools.gnu-tools-for-stm32.11.3.rel1.win32_1.1.1.202309131626/tools/bin/../lib/gcc/arm-none-eabi/11.3.1/../../../../arm-none-eabi/lib/thumb/v7e-m+fp/hard\libc_nano.a(libc_a-nano-svfprintf.o)
 .ARM.attributes
                0x000000000000082b       0x34 E:/Software/STM32CubeIDE_1.11.0/STM32CubeIDE/plugins/com.st.stm32cube.ide.mcu.externaltools.gnu-tools-for-stm32.11.3.rel1.win32_1.1.1.202309131626/tools/bin/../lib/gcc/arm-none-eabi/11.3.1/../../../../arm-none-eabi/lib/thumb/v7e-m+fp/hard\libc_nano.a(libc_a-nano-vfprintf_i.o)
 .ARM.attributes
                0x000000000000085f       0x34 E:/Software/STM32CubeIDE_1.11.0/STM32CubeIDE/plugins/com.st.stm32cube.ide.mcu.externaltools.gnu-tools-for-stm32.11.3.rel1.win32_1.1.1.202309131626/tools/bin/../lib/gcc/arm-none-eabi/11.3.1/../../../../arm-none-eabi/lib/thumb/v7e-m+fp/hard\libc_nano.a(libc_a-memmove.o)
 .ARM.attributes
                0x0000000000000893       0x34 E:/Software/STM32CubeIDE_1.11.0/STM32CubeIDE/plugins/com.st.stm32cube.ide.mcu.externaltools.gnu-tools-for-stm32.11.3.rel1.win32_1.1.1.202309131626/tools/bin/../lib/gcc/arm-none-eabi/11.3.1/../../../../arm-none-eabi/lib/thumb/v7e-m+fp/hard\libc_nano.a(libc_a-sbrkr.o)
 .ARM.attributes
                0x00000000000008c7       0x1c E:/Software/STM32CubeIDE_1.11.0/STM32CubeIDE/plugins/com.st.stm32cube.ide.mcu.externaltools.gnu-tools-for-stm32.11.3.rel1.win32_1.1.1.202309131626/tools/bin/../lib/gcc/arm-none-eabi/11.3.1/../../../../arm-none-eabi/lib/thumb/v7e-m+fp/hard\libc_nano.a(libc_a-memchr.o)
 .ARM.attributes
                0x00000000000008e3       0x34 E:/Software/STM32CubeIDE_1.11.0/STM32CubeIDE/plugins/com.st.stm32cube.ide.mcu.externaltools.gnu-tools-for-stm32.11.3.rel1.win32_1.1.1.202309131626/tools/bin/../lib/gcc/arm-none-eabi/11.3.1/../../../../arm-none-eabi/lib/thumb/v7e-m+fp/hard\libc_nano.a(libc_a-reallocr.o)
 .ARM.attributes
                0x0000000000000917       0x34 E:/Software/STM32CubeIDE_1.11.0/STM32CubeIDE/plugins/com.st.stm32cube.ide.mcu.externaltools.gnu-tools-for-stm32.11.3.rel1.win32_1.1.1.202309131626/tools/bin/../lib/gcc/arm-none-eabi/11.3.1/../../../../arm-none-eabi/lib/thumb/v7e-m+fp/hard\libc_nano.a(libc_a-msizer.o)
 .ARM.attributes
                0x000000000000094b       0x1e E:/Software/STM32CubeIDE_1.11.0/STM32CubeIDE/plugins/com.st.stm32cube.ide.mcu.externaltools.gnu-tools-for-stm32.11.3.rel1.win32_1.1.1.202309131626/tools/bin/../lib/gcc/arm-none-eabi/11.3.1/thumb/v7e-m+fp/hard\libgcc.a(_aeabi_uldivmod.o)
 .ARM.attributes
                0x0000000000000969       0x34 E:/Software/STM32CubeIDE_1.11.0/STM32CubeIDE/plugins/com.st.stm32cube.ide.mcu.externaltools.gnu-tools-for-stm32.11.3.rel1.win32_1.1.1.202309131626/tools/bin/../lib/gcc/arm-none-eabi/11.3.1/thumb/v7e-m+fp/hard\libgcc.a(_udivmoddi4.o)
 .ARM.attributes
                0x000000000000099d       0x1e E:/Software/STM32CubeIDE_1.11.0/STM32CubeIDE/plugins/com.st.stm32cube.ide.mcu.externaltools.gnu-tools-for-stm32.11.3.rel1.win32_1.1.1.202309131626/tools/bin/../lib/gcc/arm-none-eabi/11.3.1/thumb/v7e-m+fp/hard\libgcc.a(_dvmd_tls.o)
 .ARM.attributes
                0x00000000000009bb       0x1e E:/Software/STM32CubeIDE_1.11.0/STM32CubeIDE/plugins/com.st.stm32cube.ide.mcu.externaltools.gnu-tools-for-stm32.11.3.rel1.win32_1.1.1.202309131626/tools/bin/../lib/gcc/arm-none-eabi/11.3.1/thumb/v7e-m+fp/hard/crtn.o
OUTPUT(FREERTOS_SEGGER_SETUP.elf elf32-littlearm)
LOAD linker stubs
LOAD E:/Software/STM32CubeIDE_1.11.0/STM32CubeIDE/plugins/com.st.stm32cube.ide.mcu.externaltools.gnu-tools-for-stm32.11.3.rel1.win32_1.1.1.202309131626/tools/bin/../lib/gcc/arm-none-eabi/11.3.1/../../../../arm-none-eabi/lib/thumb/v7e-m+fp/hard\libc.a
LOAD E:/Software/STM32CubeIDE_1.11.0/STM32CubeIDE/plugins/com.st.stm32cube.ide.mcu.externaltools.gnu-tools-for-stm32.11.3.rel1.win32_1.1.1.202309131626/tools/bin/../lib/gcc/arm-none-eabi/11.3.1/../../../../arm-none-eabi/lib/thumb/v7e-m+fp/hard\libm.a
LOAD E:/Software/STM32CubeIDE_1.11.0/STM32CubeIDE/plugins/com.st.stm32cube.ide.mcu.externaltools.gnu-tools-for-stm32.11.3.rel1.win32_1.1.1.202309131626/tools/bin/../lib/gcc/arm-none-eabi/11.3.1/thumb/v7e-m+fp/hard\libgcc.a

.comment        0x0000000000000000       0x43
 .comment       0x0000000000000000       0x43 E:/Software/STM32CubeIDE_1.11.0/STM32CubeIDE/plugins/com.st.stm32cube.ide.mcu.externaltools.gnu-tools-for-stm32.11.3.rel1.win32_1.1.1.202309131626/tools/bin/../lib/gcc/arm-none-eabi/11.3.1/thumb/v7e-m+fp/hard/crtbegin.o
                                         0x44 (size before relaxing)
 .comment       0x0000000000000043       0x44 ./Core/Src/App_Task.o
 .comment       0x0000000000000043       0x44 ./Core/Src/main.o
 .comment       0x0000000000000043       0x44 ./Core/Src/stm32f4xx_hal_msp.o
 .comment       0x0000000000000043       0x44 ./Core/Src/stm32f4xx_it.o
 .comment       0x0000000000000043       0x44 ./Core/Src/sysmem.o
 .comment       0x0000000000000043       0x44 ./Core/Src/system_stm32f4xx.o
 .comment       0x0000000000000043       0x44 ./Drivers/STM32F4xx_HAL_Driver/Src/stm32f4xx_hal.o
 .comment       0x0000000000000043       0x44 ./Drivers/STM32F4xx_HAL_Driver/Src/stm32f4xx_hal_cortex.o
 .comment       0x0000000000000043       0x44 ./Drivers/STM32F4xx_HAL_Driver/Src/stm32f4xx_hal_gpio.o
 .comment       0x0000000000000043       0x44 ./Drivers/STM32F4xx_HAL_Driver/Src/stm32f4xx_hal_rcc.o
 .comment       0x0000000000000043       0x44 ./Drivers/STM32F4xx_HAL_Driver/Src/stm32f4xx_hal_rcc_ex.o
 .comment       0x0000000000000043       0x44 ./Drivers/STM32F4xx_HAL_Driver/Src/stm32f4xx_hal_tim.o
 .comment       0x0000000000000043       0x44 ./Drivers/STM32F4xx_HAL_Driver/Src/stm32f4xx_hal_tim_ex.o
 .comment       0x0000000000000043       0x44 ./Drivers/STM32F4xx_HAL_Driver/Src/stm32f4xx_hal_uart.o
 .comment       0x0000000000000043       0x44 ./Third_Party/FREERTOS/org/Source/list.o
 .comment       0x0000000000000043       0x44 ./Third_Party/FREERTOS/org/Source/queue.o
 .comment       0x0000000000000043       0x44 ./Third_Party/FREERTOS/org/Source/tasks.o
 .comment       0x0000000000000043       0x44 ./Third_Party/FREERTOS/org/Source/timers.o
 .comment       0x0000000000000043       0x44 ./Third_Party/FREERTOS/org/Source/portable/GCC/ARM_CM4F/port.o
 .comment       0x0000000000000043       0x44 ./Third_Party/FREERTOS/org/Source/portable/MemMang/heap_4.o
 .comment       0x0000000000000043       0x44 ./Third_Party/SEGGER/Config/SEGGER_SYSVIEW_Config_FreeRTOS.o
 .comment       0x0000000000000043       0x44 ./Third_Party/SEGGER/Segger/SEGGER_RTT.o
 .comment       0x0000000000000043       0x44 ./Third_Party/SEGGER/Segger/SEGGER_SYSVIEW.o
 .comment       0x0000000000000043       0x44 ./Third_Party/SEGGER/os/SEGGER_SYSVIEW_FreeRTOS.o

.debug_info     0x0000000000000000    0x178b6
 .debug_info    0x0000000000000000      0x4e3 ./Core/Src/App_Task.o
 .debug_info    0x00000000000004e3     0x1345 ./Core/Src/main.o
 .debug_info    0x0000000000001828      0xf6a ./Core/Src/stm32f4xx_hal_msp.o
 .debug_info    0x0000000000002792      0x6ab ./Core/Src/stm32f4xx_it.o
 .debug_info    0x0000000000002e3d      0x168 ./Core/Src/sysmem.o
 .debug_info    0x0000000000002fa5      0x52e ./Core/Src/system_stm32f4xx.o
 .debug_info    0x00000000000034d3       0x23 ./Core/Startup/startup_stm32f429zitx.o
 .debug_info    0x00000000000034f6      0x9be ./Drivers/STM32F4xx_HAL_Driver/Src/stm32f4xx_hal.o
 .debug_info    0x0000000000003eb4      0xd7c ./Drivers/STM32F4xx_HAL_Driver/Src/stm32f4xx_hal_cortex.o
 .debug_info    0x0000000000004c30      0x6db ./Drivers/STM32F4xx_HAL_Driver/Src/stm32f4xx_hal_gpio.o
 .debug_info    0x000000000000530b      0x8c9 ./Drivers/STM32F4xx_HAL_Driver/Src/stm32f4xx_hal_rcc.o
 .debug_info    0x0000000000005bd4      0x651 ./Drivers/STM32F4xx_HAL_Driver/Src/stm32f4xx_hal_rcc_ex.o
 .debug_info    0x0000000000006225     0x2948 ./Drivers/STM32F4xx_HAL_Driver/Src/stm32f4xx_hal_tim.o
 .debug_info    0x0000000000008b6d     0x14ae ./Drivers/STM32F4xx_HAL_Driver/Src/stm32f4xx_hal_tim_ex.o
 .debug_info    0x000000000000a01b     0x2fb8 ./Drivers/STM32F4xx_HAL_Driver/Src/stm32f4xx_hal_uart.o
 .debug_info    0x000000000000cfd3      0x2aa ./Third_Party/FREERTOS/org/Source/list.o
 .debug_info    0x000000000000d27d     0x1974 ./Third_Party/FREERTOS/org/Source/queue.o
 .debug_info    0x000000000000ebf1     0x1fee ./Third_Party/FREERTOS/org/Source/tasks.o
 .debug_info    0x0000000000010bdf      0xd6e ./Third_Party/FREERTOS/org/Source/timers.o
 .debug_info    0x000000000001194d      0x4f5 ./Third_Party/FREERTOS/org/Source/portable/GCC/ARM_CM4F/port.o
 .debug_info    0x0000000000011e42      0x3c5 ./Third_Party/FREERTOS/org/Source/portable/MemMang/heap_4.o
 .debug_info    0x0000000000012207      0x176 ./Third_Party/SEGGER/Config/SEGGER_SYSVIEW_Config_FreeRTOS.o
 .debug_info    0x000000000001237d     0x1564 ./Third_Party/SEGGER/Segger/SEGGER_RTT.o
 .debug_info    0x00000000000138e1     0x3bc7 ./Third_Party/SEGGER/Segger/SEGGER_SYSVIEW.o
 .debug_info    0x00000000000174a8      0x40e ./Third_Party/SEGGER/os/SEGGER_SYSVIEW_FreeRTOS.o

.debug_abbrev   0x0000000000000000     0x3470
 .debug_abbrev  0x0000000000000000      0x1d2 ./Core/Src/App_Task.o
 .debug_abbrev  0x00000000000001d2      0x2e7 ./Core/Src/main.o
 .debug_abbrev  0x00000000000004b9      0x1de ./Core/Src/stm32f4xx_hal_msp.o
 .debug_abbrev  0x0000000000000697      0x17d ./Core/Src/stm32f4xx_it.o
 .debug_abbrev  0x0000000000000814       0xbc ./Core/Src/sysmem.o
 .debug_abbrev  0x00000000000008d0      0x11a ./Core/Src/system_stm32f4xx.o
 .debug_abbrev  0x00000000000009ea       0x12 ./Core/Startup/startup_stm32f429zitx.o
 .debug_abbrev  0x00000000000009fc      0x213 ./Drivers/STM32F4xx_HAL_Driver/Src/stm32f4xx_hal.o
 .debug_abbrev  0x0000000000000c0f      0x327 ./Drivers/STM32F4xx_HAL_Driver/Src/stm32f4xx_hal_cortex.o
 .debug_abbrev  0x0000000000000f36      0x1d4 ./Drivers/STM32F4xx_HAL_Driver/Src/stm32f4xx_hal_gpio.o
 .debug_abbrev  0x000000000000110a      0x2b6 ./Drivers/STM32F4xx_HAL_Driver/Src/stm32f4xx_hal_rcc.o
 .debug_abbrev  0x00000000000013c0      0x1af ./Drivers/STM32F4xx_HAL_Driver/Src/stm32f4xx_hal_rcc_ex.o
 .debug_abbrev  0x000000000000156f      0x271 ./Drivers/STM32F4xx_HAL_Driver/Src/stm32f4xx_hal_tim.o
 .debug_abbrev  0x00000000000017e0      0x27c ./Drivers/STM32F4xx_HAL_Driver/Src/stm32f4xx_hal_tim_ex.o
 .debug_abbrev  0x0000000000001a5c      0x30e ./Drivers/STM32F4xx_HAL_Driver/Src/stm32f4xx_hal_uart.o
 .debug_abbrev  0x0000000000001d6a       0xf5 ./Third_Party/FREERTOS/org/Source/list.o
 .debug_abbrev  0x0000000000001e5f      0x367 ./Third_Party/FREERTOS/org/Source/queue.o
 .debug_abbrev  0x00000000000021c6      0x3b0 ./Third_Party/FREERTOS/org/Source/tasks.o
 .debug_abbrev  0x0000000000002576      0x2d4 ./Third_Party/FREERTOS/org/Source/timers.o
 .debug_abbrev  0x000000000000284a      0x25d ./Third_Party/FREERTOS/org/Source/portable/GCC/ARM_CM4F/port.o
 .debug_abbrev  0x0000000000002aa7      0x205 ./Third_Party/FREERTOS/org/Source/portable/MemMang/heap_4.o
 .debug_abbrev  0x0000000000002cac       0xf4 ./Third_Party/SEGGER/Config/SEGGER_SYSVIEW_Config_FreeRTOS.o
 .debug_abbrev  0x0000000000002da0      0x21f ./Third_Party/SEGGER/Segger/SEGGER_RTT.o
 .debug_abbrev  0x0000000000002fbf      0x320 ./Third_Party/SEGGER/Segger/SEGGER_SYSVIEW.o
 .debug_abbrev  0x00000000000032df      0x191 ./Third_Party/SEGGER/os/SEGGER_SYSVIEW_FreeRTOS.o

.debug_aranges  0x0000000000000000     0x15d0
 .debug_aranges
                0x0000000000000000       0x38 ./Core/Src/App_Task.o
 .debug_aranges
                0x0000000000000038       0x50 ./Core/Src/main.o
 .debug_aranges
                0x0000000000000088       0x40 ./Core/Src/stm32f4xx_hal_msp.o
 .debug_aranges
                0x00000000000000c8       0x50 ./Core/Src/stm32f4xx_it.o
 .debug_aranges
                0x0000000000000118       0x20 ./Core/Src/sysmem.o
 .debug_aranges
                0x0000000000000138       0x28 ./Core/Src/system_stm32f4xx.o
 .debug_aranges
                0x0000000000000160       0x28 ./Core/Startup/startup_stm32f429zitx.o
 .debug_aranges
                0x0000000000000188      0x100 ./Drivers/STM32F4xx_HAL_Driver/Src/stm32f4xx_hal.o
 .debug_aranges
                0x0000000000000288      0x118 ./Drivers/STM32F4xx_HAL_Driver/Src/stm32f4xx_hal_cortex.o
 .debug_aranges
                0x00000000000003a0       0x58 ./Drivers/STM32F4xx_HAL_Driver/Src/stm32f4xx_hal_gpio.o
 .debug_aranges
                0x00000000000003f8       0x88 ./Drivers/STM32F4xx_HAL_Driver/Src/stm32f4xx_hal_rcc.o
 .debug_aranges
                0x0000000000000480       0x58 ./Drivers/STM32F4xx_HAL_Driver/Src/stm32f4xx_hal_rcc_ex.o
 .debug_aranges
                0x00000000000004d8      0x3d0 ./Drivers/STM32F4xx_HAL_Driver/Src/stm32f4xx_hal_tim.o
 .debug_aranges